Archive member included because of file (symbol)

C:\Users\nikhi\SimplicityStudio\v4_workspacedemo\HW4_BLE\platform\radio\rail_lib\autogen\librail_release\librail_efr32xg1_gcc_release.a(rail_pti.o)
                              ./pti.o (RAIL_ConfigPti)
C:\Users\nikhi\SimplicityStudio\v4_workspacedemo\HW4_BLE\platform\radio\rail_lib\autogen\librail_release\librail_efr32xg1_gcc_release.a(rail_rf_hal.o)
                              C:\Users\nikhi\SimplicityStudio\v4_workspacedemo\HW4_BLE\platform\radio\rail_lib\autogen\librail_release\librail_efr32xg1_gcc_release.a(rail_pti.o) (RFHAL_ConfigPti)
C:\Users\nikhi\SimplicityStudio\v4_workspacedemo\HW4_BLE\platform\radio\rail_lib\autogen\librail_release\librail_efr32xg1_gcc_release.a(rail_singleprotocol.o)
                              C:\Users\nikhi\SimplicityStudio\v4_workspacedemo\HW4_BLE\platform\radio\rail_lib\autogen\librail_release\librail_efr32xg1_gcc_release.a(rail_rf_hal.o) (RAIL_ActiveHandle)
C:\Users\nikhi\SimplicityStudio\v4_workspacedemo\HW4_BLE\platform\radio\rail_lib\autogen\librail_release\librail_efr32xg1_gcc_release.a(rail_rf.o)
                              C:\Users\nikhi\SimplicityStudio\v4_workspacedemo\HW4_BLE\platform\radio\rail_lib\autogen\librail_release\librail_efr32xg1_gcc_release.a(rail_singleprotocol.o) (RAILCore_Init)
C:\Users\nikhi\SimplicityStudio\v4_workspacedemo\HW4_BLE\platform\radio\rail_lib\autogen\librail_release\librail_efr32xg1_gcc_release.a(rail_rx.o)
                              C:\Users\nikhi\SimplicityStudio\v4_workspacedemo\HW4_BLE\platform\radio\rail_lib\autogen\librail_release\librail_efr32xg1_gcc_release.a(rail_rf_hal.o) (RAILCore_StartRx)
C:\Users\nikhi\SimplicityStudio\v4_workspacedemo\HW4_BLE\platform\radio\rail_lib\autogen\librail_release\librail_efr32xg1_gcc_release.a(rail_tx.o)
                              C:\Users\nikhi\SimplicityStudio\v4_workspacedemo\HW4_BLE\platform\radio\rail_lib\autogen\librail_release\librail_efr32xg1_gcc_release.a(rail_singleprotocol.o) (RAILCore_StartTx)
C:\Users\nikhi\SimplicityStudio\v4_workspacedemo\HW4_BLE\platform\radio\rail_lib\autogen\librail_release\librail_efr32xg1_gcc_release.a(rail_calibration.o)
                              C:\Users\nikhi\SimplicityStudio\v4_workspacedemo\HW4_BLE\platform\radio\rail_lib\autogen\librail_release\librail_efr32xg1_gcc_release.a(rail_rf_hal.o) (RAILInt_PendCal)
C:\Users\nikhi\SimplicityStudio\v4_workspacedemo\HW4_BLE\platform\radio\rail_lib\autogen\librail_release\librail_efr32xg1_gcc_release.a(rail_assert.o)
                              C:\Users\nikhi\SimplicityStudio\v4_workspacedemo\HW4_BLE\platform\radio\rail_lib\autogen\librail_release\librail_efr32xg1_gcc_release.a(rail_rf.o) (RAILInt_Assert)
C:\Users\nikhi\SimplicityStudio\v4_workspacedemo\HW4_BLE\platform\radio\rail_lib\autogen\librail_release\librail_efr32xg1_gcc_release.a(rail_rssi.o)
                              C:\Users\nikhi\SimplicityStudio\v4_workspacedemo\HW4_BLE\platform\radio\rail_lib\autogen\librail_release\librail_efr32xg1_gcc_release.a(rail_singleprotocol.o) (RAILCore_GetRssi)
C:\Users\nikhi\SimplicityStudio\v4_workspacedemo\HW4_BLE\platform\radio\rail_lib\autogen\librail_release\librail_efr32xg1_gcc_release.a(bufc.o)
                              C:\Users\nikhi\SimplicityStudio\v4_workspacedemo\HW4_BLE\platform\radio\rail_lib\autogen\librail_release\librail_efr32xg1_gcc_release.a(rail_rf_hal.o) (BUFC_SetTxBuffer)
C:\Users\nikhi\SimplicityStudio\v4_workspacedemo\HW4_BLE\platform\radio\rail_lib\autogen\librail_release\librail_efr32xg1_gcc_release.a(ir_cal.o)
                              C:\Users\nikhi\SimplicityStudio\v4_workspacedemo\HW4_BLE\platform\radio\rail_lib\autogen\librail_release\librail_efr32xg1_gcc_release.a(rail_rf_hal.o) (IRCAL_Set)
C:\Users\nikhi\SimplicityStudio\v4_workspacedemo\HW4_BLE\platform\radio\rail_lib\autogen\librail_release\librail_efr32xg1_gcc_release.a(pa.o)
                              C:\Users\nikhi\SimplicityStudio\v4_workspacedemo\HW4_BLE\platform\radio\rail_lib\autogen\librail_release\librail_efr32xg1_gcc_release.a(rail_rf_hal.o) (PA_GetTxPowerConfig)
C:\Users\nikhi\SimplicityStudio\v4_workspacedemo\HW4_BLE\platform\radio\rail_lib\autogen\librail_release\librail_efr32xg1_gcc_release.a(protimer.o)
                              C:\Users\nikhi\SimplicityStudio\v4_workspacedemo\HW4_BLE\platform\radio\rail_lib\autogen\librail_release\librail_efr32xg1_gcc_release.a(rail_rf_hal.o) (PROTIMER_Start)
C:\Users\nikhi\SimplicityStudio\v4_workspacedemo\HW4_BLE\platform\radio\rail_lib\autogen\librail_release\librail_efr32xg1_gcc_release.a(pti.o)
                              C:\Users\nikhi\SimplicityStudio\v4_workspacedemo\HW4_BLE\platform\radio\rail_lib\autogen\librail_release\librail_efr32xg1_gcc_release.a(rail_rf_hal.o) (PTI_Config)
C:\Users\nikhi\SimplicityStudio\v4_workspacedemo\HW4_BLE\platform\radio\rail_lib\autogen\librail_release\librail_efr32xg1_gcc_release.a(antenna.o)
[...]
Memory Configuration

Name             Origin             Length             Attributes
FLASH_BOOTLOADER 0x00000000         0x00004000         xr
FLASH            0x00004000         0x0003b000         xr
RAM              0x20000000         0x00007bfc         xrw
*default*        0x00000000         0xffffffff

Linker script and memory map

LOAD c:/siliconlabs/simplicitystudio/v4/developer/toolchains/gnu_arm/4.9_2015q3/bin/../lib/gcc/arm-none-eabi/4.9.3/armv7e-m/softfp/crti.o
LOAD c:/siliconlabs/simplicitystudio/v4/developer/toolchains/gnu_arm/4.9_2015q3/bin/../lib/gcc/arm-none-eabi/4.9.3/armv7e-m/softfp/crtbegin.o
LOAD c:/siliconlabs/simplicitystudio/v4/developer/toolchains/gnu_arm/4.9_2015q3/bin/../lib/gcc/arm-none-eabi/4.9.3/../../../../arm-none-eabi/lib/armv7e-m/softfp/crt0.o
START GROUP
LOAD ./application_properties.o
LOAD ./gatt_db.o
LOAD ./init_app.o
LOAD ./init_board.o
LOAD ./init_mcu.o
LOAD ./main.o
LOAD ./pti.o
LOAD ./hardware/kit/common/bsp/bsp_stk.o
LOAD ./hardware/kit/common/drivers/mx25flash_spi.o
LOAD ./lcd_graphics/bmp.o
LOAD ./lcd_graphics/display.o
LOAD ./lcd_graphics/displayls013b7dh03.o
LOAD ./lcd_graphics/displaypalemlib.o
LOAD ./lcd_graphics/dmd_display.o
LOAD ./lcd_graphics/glib.o
LOAD ./lcd_graphics/glib_bitmap.o
LOAD ./lcd_graphics/glib_circle.o
LOAD ./lcd_graphics/glib_font_narrow_6x8.o
LOAD ./lcd_graphics/glib_font_normal_8x8.o
LOAD ./lcd_graphics/glib_font_number_16x20.o
LOAD ./lcd_graphics/glib_line.o
LOAD ./lcd_graphics/glib_polygon.o
LOAD ./lcd_graphics/glib_rectangle.o
LOAD ./lcd_graphics/glib_string.o
LOAD ./lcd_graphics/graphics.o
LOAD ./lcd_graphics/udelay.o
LOAD ./platform/Device/SiliconLabs/EFR32BG1B/Source/GCC/startup_efr32bg1b.o
LOAD ./platform/Device/SiliconLabs/EFR32BG1B/Source/system_efr32bg1b.o
LOAD ./platform/emdrv/sleep/src/sleep.o
LOAD ./platform/emdrv/tempdrv/src/tempdrv.o
LOAD ./platform/emlib/src/em_acmp.o
LOAD ./platform/emlib/src/em_adc.o
LOAD ./platform/emlib/src/em_aes.o
LOAD ./platform/emlib/src/em_assert.o
LOAD ./platform/emlib/src/em_burtc.o
LOAD ./platform/emlib/src/em_can.o
LOAD ./platform/emlib/src/em_cmu.o
LOAD ./platform/emlib/src/em_core.o
LOAD ./platform/emlib/src/em_cryotimer.o
LOAD ./platform/emlib/src/em_crypto.o
LOAD ./platform/emlib/src/em_csen.o
LOAD ./platform/emlib/src/em_dac.o
LOAD ./platform/emlib/src/em_dbg.o
LOAD ./platform/emlib/src/em_dma.o
LOAD ./platform/emlib/src/em_ebi.o
LOAD ./platform/emlib/src/em_emu.o
LOAD ./platform/emlib/src/em_gpcrc.o
LOAD ./platform/emlib/src/em_gpio.o
LOAD ./platform/emlib/src/em_i2c.o
LOAD ./platform/emlib/src/em_idac.o
LOAD ./platform/emlib/src/em_int.o
LOAD ./platform/emlib/src/em_lcd.o
LOAD ./platform/emlib/src/em_ldma.o
LOAD ./platform/emlib/src/em_lesense.o
LOAD ./platform/emlib/src/em_letimer.o
LOAD ./platform/emlib/src/em_leuart.o
LOAD ./platform/emlib/src/em_mpu.o
LOAD ./platform/emlib/src/em_msc.o
LOAD ./platform/emlib/src/em_opamp.o
LOAD ./platform/emlib/src/em_pcnt.o
LOAD ./platform/emlib/src/em_prs.o
LOAD ./platform/emlib/src/em_qspi.o
LOAD ./platform/emlib/src/em_rmu.o
LOAD ./platform/emlib/src/em_rtc.o
LOAD ./platform/emlib/src/em_rtcc.o
LOAD ./platform/emlib/src/em_system.o
LOAD ./platform/emlib/src/em_timer.o
LOAD ./platform/emlib/src/em_usart.o
LOAD ./platform/emlib/src/em_vcmp.o
LOAD ./platform/emlib/src/em_vdac.o
LOAD ./platform/emlib/src/em_wdog.o
LOAD ./src/I2C.o
LOAD ./src/SPI.o
LOAD ./src/cmu.o
LOAD ./src/gpio.o
LOAD ./src/lcd.o
LOAD ./src/letimer.o
LOAD ./src/light.o
LOAD ./src/lpm.o
LOAD ./src/si7021.o
LOAD ./src/sleep.o
LOAD C:\Users\nikhi\SimplicityStudio\v4_workspacedemo\HW4_BLE\protocol\bluetooth_2.7\lib\EFR32BG1B\GCC\libmbedtls.a
LOAD C:\Users\nikhi\SimplicityStudio\v4_workspacedemo\HW4_BLE\platform\radio\rail_lib\autogen\librail_release\librail_efr32xg1_gcc_release.a
LOAD C:\Users\nikhi\SimplicityStudio\v4_workspacedemo\HW4_BLE\protocol\bluetooth_2.7\lib\EFR32BG1B\GCC\libpsstore.a
LOAD C:\Users\nikhi\SimplicityStudio\v4_workspacedemo\HW4_BLE\protocol\bluetooth_2.7\lib\EFR32BG1B\GCC\libbluetooth.a
LOAD C:\Users\nikhi\SimplicityStudio\v4_workspacedemo\HW4_BLE\protocol\bluetooth_2.7\lib\EFR32BG1B\GCC\binapploader.o
LOAD c:/siliconlabs/simplicitystudio/v4/developer/toolchains/gnu_arm/4.9_2015q3/bin/../lib/gcc/arm-none-eabi/4.9.3/../../../../arm-none-eabi/lib/armv7e-m/softfp\libm.a
END GROUP
START GROUP
LOAD c:/siliconlabs/simplicitystudio/v4/developer/toolchains/gnu_arm/4.9_2015q3/bin/../lib/gcc/arm-none-eabi/4.9.3/armv7e-m/softfp\libgcc.a
LOAD c:/siliconlabs/simplicitystudio/v4/developer/toolchains/gnu_arm/4.9_2015q3/bin/../lib/gcc/arm-none-eabi/4.9.3/../../../../arm-none-eabi/lib/armv7e-m/softfp\libc_nano.a
LOAD c:/siliconlabs/simplicitystudio/v4/developer/toolchains/gnu_arm/4.9_2015q3/bin/../lib/gcc/arm-none-eabi/4.9.3/../../../../arm-none-eabi/lib/armv7e-m/softfp\libnosys.a
END GROUP
START GROUP
LOAD c:/siliconlabs/simplicitystudio/v4/developer/toolchains/gnu_arm/4.9_2015q3/bin/../lib/gcc/arm-none-eabi/4.9.3/armv7e-m/softfp\libgcc.a
LOAD c:/siliconlabs/simplicitystudio/v4/developer/toolchains/gnu_arm/4.9_2015q3/bin/../lib/gcc/arm-none-eabi/4.9.3/../../../../arm-none-eabi/lib/armv7e-m/softfp\libg_nano.a
LOAD c:/siliconlabs/simplicitystudio/v4/developer/toolchains/gnu_arm/4.9_2015q3/bin/../lib/gcc/arm-none-eabi/4.9.3/../../../../arm-none-eabi/lib/armv7e-m/softfp\libc_nano.a
END GROUP
START GROUP
LOAD c:/siliconlabs/simplicitystudio/v4/developer/toolchains/gnu_arm/4.9_2015q3/bin/../lib/gcc/arm-none-eabi/4.9.3/armv7e-m/softfp\libgcc.a
LOAD c:/siliconlabs/simplicitystudio/v4/developer/toolchains/gnu_arm/4.9_2015q3/bin/../lib/gcc/arm-none-eabi/4.9.3/../../../../arm-none-eabi/lib/armv7e-m/softfp\libc_nano.a
END GROUP
LOAD c:/siliconlabs/simplicitystudio/v4/developer/toolchains/gnu_arm/4.9_2015q3/bin/../lib/gcc/arm-none-eabi/4.9.3/armv7e-m/softfp/crtend.o
LOAD c:/siliconlabs/simplicitystudio/v4/developer/toolchains/gnu_arm/4.9_2015q3/bin/../lib/gcc/arm-none-eabi/4.9.3/armv7e-m/softfp/crtn.o

.text_bootloader
                0x00000000        0x0
 *(.binbootloader*)
                0x00000000                . = ALIGN (0x4000)

.text_apploader
                0x00004000     0x8fc0
 *(.binapploader*)
 .binapploader  0x00004000     0x8fc0 C:\Users\nikhi\SimplicityStudio\v4_workspacedemo\HW4_BLE\protocol\bluetooth_2.7\lib\EFR32BG1B\GCC\binapploader.o

.text_signature
                0x0000cfc0       0x40
                0x0000d000                . = ALIGN (0x800)
 *fill*         0x0000cfc0       0x40 
                0x0000d000                __text_start__ = .

.text_application
                0x0000d000    0x26260
 *(.vectors)
 .vectors       0x0000d000       0xc8 ./platform/Device/SiliconLabs/EFR32BG1B/Source/GCC/startup_efr32bg1b.o
                0x0000d000                __Vectors
                0x0000d0c8                __Vectors_End = .
                0x000000c8                __Vectors_Size = (__Vectors_End - __Vectors)
                0x0000d0c8                __end__ = .
 *(.application_properties)
 .application_properties
                0x0000d0c8       0x38 ./application_properties.o
                0x0000d0c8                applicationProperties
 *(.gecko_configuration)
 *(.xo_configuration)
 *(.gatt_header)
 .gatt_header   0x0000d100       0x34 ./gatt_db.o
                0x0000d100                bg_gattdb_data
 *(.gatt_data)
 .gatt_data     0x0000d134      0x5ac ./gatt_db.o
                0x0000d134                bg_gattdb_data_uuidtable_16_map
                0x0000d160                bg_gattdb_data_uuidtable_128_map
                0x0000d210                bg_gattdb_data_attribute_field_52
                0x0000d218                bg_gattdb_data_attribute_field_50
                0x0000d220                bg_gattdb_data_attribute_field_49
                0x0000d238                bg_gattdb_data_attribute_field_48
                0x0000d24c                bg_gattdb_data_attribute_field_47
                0x0000d254                bg_gattdb_data_attribute_field_45
                0x0000d25c                bg_gattdb_data_attribute_field_44
                0x0000d274                bg_gattdb_data_attribute_field_43
                0x0000d288                bg_gattdb_data_attribute_field_42
                0x0000d290                bg_gattdb_data_attribute_field_40
                0x0000d298                bg_gattdb_data_attribute_field_39
                0x0000d2b0                bg_gattdb_data_attribute_field_38
                0x0000d2c4                bg_gattdb_data_attribute_field_37
                0x0000d2cc                bg_gattdb_data_attribute_field_35
                0x0000d2d4                bg_gattdb_data_attribute_field_34
                0x0000d2ec                bg_gattdb_data_attribute_field_33
                0x0000d300                bg_gattdb_data_attribute_field_31
                0x0000d308                bg_gattdb_data_attribute_field_30
                0x0000d310                bg_gattdb_data_attribute_field_29
                0x0000d318                bg_gattdb_data_attribute_field_28
                0x0000d31c                bg_gattdb_data_attribute_field_27
                0x0000d324                bg_gattdb_data_attribute_field_26
                0x0000d32c                bg_gattdb_data_attribute_field_25
                0x0000d330                bg_gattdb_data_attribute_field_23
                0x0000d338                bg_gattdb_data_attribute_field_22
                0x0000d340                bg_gattdb_data_attribute_field_21
                0x0000d344                bg_gattdb_data_attribute_field_20
                0x0000d34c                bg_gattdb_data_attribute_field_19
                0x0000d364                bg_gattdb_data_attribute_field_18
                0x0000d378                bg_gattdb_data_attribute_field_17
                0x0000d380                bg_gattdb_data_attribute_field_16
                0x0000d388                bg_gattdb_data_attribute_field_15
                0x0000d394                bg_gattdb_data_attribute_field_14
                0x0000d39c                bg_gattdb_data_attribute_field_13
                0x0000d3ac                bg_gattdb_data_attribute_field_12
                0x0000d3b4                bg_gattdb_data_attribute_field_11
                0x0000d3b8                bg_gattdb_data_attribute_field_10
                0x0000d3bc                bg_gattdb_data_attribute_field_9
                0x0000d3d4                bg_gattdb_data_attribute_field_8
                0x0000d3d8                bg_gattdb_data_attribute_field_7
                0x0000d3e0                bg_gattdb_data_attribute_field_6
                0x0000d3e8                bg_gattdb_data_attribute_field_5
                0x0000d3f0                bg_gattdb_data_attribute_field_4
                0x0000d3f4                bg_gattdb_data_attribute_field_2
                0x0000d3fc                bg_gattdb_data_attribute_field_1
                0x0000d404                bg_gattdb_data_attribute_field_0
                0x0000d408                bg_gattdb_data_attributes_map
                0x0000d684                bg_gattdb_data_attributes_dynamic_mapping_map
                0x0000d69c                bg_gattdb_data_adv_uuid16_map
                0x0000d6a0                bg_gattdb_data_adv_uuid128_map
 *(.text*)
 .text          0x0000d6e0       0x5c c:/siliconlabs/simplicitystudio/v4/developer/toolchains/gnu_arm/4.9_2015q3/bin/../lib/gcc/arm-none-eabi/4.9.3/armv7e-m/softfp/crtbegin.o
 .text          0x0000d73c       0x74 c:/siliconlabs/simplicitystudio/v4/developer/toolchains/gnu_arm/4.9_2015q3/bin/../lib/gcc/arm-none-eabi/4.9.3/../../../../arm-none-eabi/lib/armv7e-m/softfp/crt0.o
                0x0000d73c                _start
                0x0000d73c                _mainCRTStartup
 .text.initBoard
                0x0000d7b0       0x48 ./init_board.o
                0x0000d7b0                initBoard
 .text.BUS_RegBitWrite
                0x0000d7f8       0x2c ./init_mcu.o
 .text.SYSTEM_GetProdRev
                0x0000d824       0x1c ./init_mcu.o
 .text.CHIP_Init
                0x0000d840       0xb4 ./init_mcu.o
 .text.initMcu  0x0000d8f4       0x70 ./init_mcu.o
                0x0000d8f4                initMcu
 .text.initMcu_clocks
                0x0000d964       0xa4 ./init_mcu.o
 .text.BUS_RegBitRead
                0x0000da08       0x2c ./main.o
 .text.BUS_RegMaskedSet
                0x0000da34       0x24 ./main.o
 .text.BUS_RegMaskedClear
                0x0000da58       0x24 ./main.o
 .text.GPIO_PinInGet
                0x0000da7c       0x54 ./main.o
 .text.GPIO_PinOutClear
                0x0000dad0       0x58 ./main.o
 .text.GPIO_PinOutSet
                0x0000db28       0x58 ./main.o
 .text.gecko_initCoexHAL
                0x0000db80        0xc ./main.o
 .text.gecko_init
                0x0000db8c       0x48 ./main.o
 .text.gecko_cmd_system_reset
                0x0000dbd4       0x44 ./main.o
 .text.gecko_cmd_system_set_tx_power
                0x0000dc18       0x50 ./main.o
 .text.gecko_cmd_le_gap_set_mode
                0x0000dc68       0x5c ./main.o
 .text.gecko_cmd_le_gap_set_adv_parameters
                0x0000dcc4       0x64 ./main.o
 .text.gecko_cmd_le_connection_set_parameters
                0x0000dd28       0x84 ./main.o
 .text.gecko_cmd_le_connection_get_rssi
                0x0000ddac       0x50 ./main.o
 .text.gecko_cmd_gatt_server_send_user_write_response
                0x0000ddfc       0x68 ./main.o
 .text.gecko_cmd_gatt_server_send_characteristic_notification
                0x0000de64       0x98 ./main.o
 .text.gecko_cmd_endpoint_close
                0x0000defc       0x50 ./main.o
 .text.gecko_cmd_hardware_set_soft_timer
                0x0000df4c       0x64 ./main.o
 .text.gecko_cmd_flash_ps_save
                0x0000dfb0       0x8c ./main.o
 .text.gecko_cmd_flash_ps_load
                0x0000e03c       0x50 ./main.o
 .text.gecko_cmd_sm_set_bondable_mode
                0x0000e08c       0x50 ./main.o
 .text.gecko_cmd_sm_configure
                0x0000e0dc       0x5c ./main.o
 .text.gecko_cmd_sm_increase_security
                0x0000e138       0x50 ./main.o
 .text.gecko_cmd_sm_delete_bondings
                0x0000e188       0x48 ./main.o
 .text.gecko_cmd_sm_enter_passkey
                0x0000e1d0       0x5c ./main.o
 .text.gecko_cmd_sm_passkey_confirm
                0x0000e22c       0x5c ./main.o
 .text.persistent_state_load
                0x0000e288       0x40 ./main.o
 .text.persistent_state_store
                0x0000e2c8       0x34 ./main.o
 .text.lightMeasureAndPush
                0x0000e2fc       0xec ./main.o
                0x0000e2fc                lightMeasureAndPush
 .text.ultra    0x0000e3e8      0x1ec ./main.o
                0x0000e3e8                ultra
 .text.main     0x0000e5d4      0x3c0 ./main.o
                0x0000e5d4                main
 .text.BUS_RegMaskedSet
                0x0000e994       0x24 ./hardware/kit/common/drivers/mx25flash_spi.o
 .text.BUS_RegMaskedClear
                0x0000e9b8       0x24 ./hardware/kit/common/drivers/mx25flash_spi.o
 .text.GPIO_PinOutClear
                0x0000e9dc       0x58 ./hardware/kit/common/drivers/mx25flash_spi.o
 .text.GPIO_PinOutSet
                0x0000ea34       0x58 ./hardware/kit/common/drivers/mx25flash_spi.o
 .text.MX25_init
                0x0000ea8c       0x98 ./hardware/kit/common/drivers/mx25flash_spi.o
                0x0000ea8c                MX25_init
 .text.Wait_Flash_WarmUp
                0x0000eb24       0x24 ./hardware/kit/common/drivers/mx25flash_spi.o
                0x0000eb24                Wait_Flash_WarmUp
 .text.Initial_Spi
                0x0000eb48        0xc ./hardware/kit/common/drivers/mx25flash_spi.o
                0x0000eb48                Initial_Spi
 .text.CS_Low   0x0000eb54       0x10 ./hardware/kit/common/drivers/mx25flash_spi.o
                0x0000eb54                CS_Low
 .text.CS_High  0x0000eb64       0x10 ./hardware/kit/common/drivers/mx25flash_spi.o
                0x0000eb64                CS_High
 .text.InsertDummyCycle
                0x0000eb74       0x38 ./hardware/kit/common/drivers/mx25flash_spi.o
                0x0000eb74                InsertDummyCycle
 .text.SendByte
                0x0000ebac       0x3c ./hardware/kit/common/drivers/mx25flash_spi.o
                0x0000ebac                SendByte
 .text.MX25_DP  0x0000ebe8       0x34 ./hardware/kit/common/drivers/mx25flash_spi.o
                0x0000ebe8                MX25_DP
 .text.DISPLAY_Init
                0x0000ec1c       0x54 ./lcd_graphics/display.o
                0x0000ec1c                DISPLAY_Init
 .text.DISPLAY_DeviceGet
                0x0000ec70       0x60 ./lcd_graphics/display.o
                0x0000ec70                DISPLAY_DeviceGet
 .text.DISPLAY_DeviceRegister
                0x0000ecd0       0x6c ./lcd_graphics/display.o
                0x0000ecd0                DISPLAY_DeviceRegister
 .text.DISPLAY_Ls013b7dh03Init
                0x0000ed3c       0xd0 ./lcd_graphics/displayls013b7dh03.o
                0x0000ed3c                DISPLAY_Ls013b7dh03Init
 .text.DriverRefresh
                0x0000ee0c       0x20 ./lcd_graphics/displayls013b7dh03.o
 .text.DisplayEnable
                0x0000ee2c       0x30 ./lcd_graphics/displayls013b7dh03.o
 .text.DisplayClear
                0x0000ee5c       0x48 ./lcd_graphics/displayls013b7dh03.o
 .text.DisplayPolarityInverse
                0x0000eea4       0x10 ./lcd_graphics/displayls013b7dh03.o
 .text.PixelMatrixAllocate
                0x0000eeb4       0x70 ./lcd_graphics/displayls013b7dh03.o
 .text.PixelMatrixFree
                0x0000ef24       0x1c ./lcd_graphics/displayls013b7dh03.o
 .text.PixelMatrixClear
                0x0000ef40       0x40 ./lcd_graphics/displayls013b7dh03.o
 .text.PixelMatrixDraw
                0x0000ef80       0xb8 ./lcd_graphics/displayls013b7dh03.o
 .text.BUS_RegMaskedSet
                0x0000f038       0x24 ./lcd_graphics/displaypalemlib.o
 .text.BUS_RegMaskedClear
                0x0000f05c       0x24 ./lcd_graphics/displaypalemlib.o
 .text.GPIO_PinOutClear
                0x0000f080       0x58 ./lcd_graphics/displaypalemlib.o
 .text.GPIO_PinOutSet
                0x0000f0d8       0x58 ./lcd_graphics/displaypalemlib.o
 .text.PAL_SpiInit
                0x0000f130       0x64 ./lcd_graphics/displaypalemlib.o
                0x0000f130                PAL_SpiInit
 .text.PAL_SpiTransmit
                0x0000f194       0x74 ./lcd_graphics/displaypalemlib.o
                0x0000f194                PAL_SpiTransmit
 .text.PAL_TimerInit
                0x0000f208       0x18 ./lcd_graphics/displaypalemlib.o
                0x0000f208                PAL_TimerInit
 .text.PAL_TimerMicroSecondsDelay
                0x0000f220       0x1c ./lcd_graphics/displaypalemlib.o
                0x0000f220                PAL_TimerMicroSecondsDelay
 .text.PAL_TimerRepeat
                0x0000f23c       0x30 ./lcd_graphics/displaypalemlib.o
                0x0000f23c                PAL_TimerRepeat
 .text.PAL_GpioInit
                0x0000f26c       0x20 ./lcd_graphics/displaypalemlib.o
                0x0000f26c                PAL_GpioInit
 .text.PAL_GpioPinModeSet
                0x0000f28c       0x44 ./lcd_graphics/displaypalemlib.o
                0x0000f28c                PAL_GpioPinModeSet
 .text.PAL_GpioPinOutSet
                0x0000f2d0       0x24 ./lcd_graphics/displaypalemlib.o
                0x0000f2d0                PAL_GpioPinOutSet
 .text.PAL_GpioPinOutClear
                0x0000f2f4       0x24 ./lcd_graphics/displaypalemlib.o
                0x0000f2f4                PAL_GpioPinOutClear
 .text.DMD_init
                0x0000f318       0xc8 ./lcd_graphics/dmd_display.o
                0x0000f318                DMD_init
 .text.DMD_getDisplayGeometry
                0x0000f3e0       0x38 ./lcd_graphics/dmd_display.o
                0x0000f3e0                DMD_getDisplayGeometry
 .text.DMD_setClippingArea
                0x0000f418       0x8c ./lcd_graphics/dmd_display.o
                0x0000f418                DMD_setClippingArea
 .text.DMD_writeColor
                0x0000f4a4      0x2a0 ./lcd_graphics/dmd_display.o
                0x0000f4a4                DMD_writeColor
 .text.DMD_allocateFramebuffer
                0x0000f744       0x54 ./lcd_graphics/dmd_display.o
                0x0000f744                DMD_allocateFramebuffer
 .text.DMD_updateDisplay
                0x0000f798      0x114 ./lcd_graphics/dmd_display.o
                0x0000f798                DMD_updateDisplay
 .text.GLIB_colorTranslate24bppInl
                0x0000f8ac       0x34 ./lcd_graphics/glib.o
 .text.GLIB_contextInit
                0x0000f8e0       0x84 ./lcd_graphics/glib.o
                0x0000f8e0                GLIB_contextInit
 .text.GLIB_setClippingRegion
                0x0000f964       0xa4 ./lcd_graphics/glib.o
                0x0000f964                GLIB_setClippingRegion
 .text.GLIB_clear
                0x0000fa08       0x70 ./lcd_graphics/glib.o
                0x0000fa08                GLIB_clear
 .text.GLIB_resetDisplayClippingArea
                0x0000fa78       0x30 ./lcd_graphics/glib.o
                0x0000fa78                GLIB_resetDisplayClippingArea
 .text.GLIB_applyClippingRegion
                0x0000faa8       0x58 ./lcd_graphics/glib.o
                0x0000faa8                GLIB_applyClippingRegion
 .text.GLIB_colorTranslate24bpp
                0x0000fb00       0x20 ./lcd_graphics/glib.o
                0x0000fb00                GLIB_colorTranslate24bpp
 .text.GLIB_drawPixel
                0x0000fb20       0x6c ./lcd_graphics/glib.o
                0x0000fb20                GLIB_drawPixel
 .text.GLIB_drawPixelColor
                0x0000fb8c       0x6c ./lcd_graphics/glib.o
                0x0000fb8c                GLIB_drawPixelColor
 .text.GLIB_rectContainsPoint
                0x0000fbf8       0x4c ./lcd_graphics/glib_rectangle.o
                0x0000fbf8                GLIB_rectContainsPoint
 .text.GLIB_drawChar
                0x0000fc44      0x1d8 ./lcd_graphics/glib_string.o
                0x0000fc44                GLIB_drawChar
 .text.GLIB_drawString
                0x0000fe1c       0xd0 ./lcd_graphics/glib_string.o
                0x0000fe1c                GLIB_drawString
 .text.GLIB_setFont
                0x0000feec       0x44 ./lcd_graphics/glib_string.o
                0x0000feec                GLIB_setFont
 .text.GRAPHICS_Init
                0x0000ff30       0x58 ./lcd_graphics/graphics.o
                0x0000ff30                GRAPHICS_Init
 .text.GRAPHICS_Update
                0x0000ff88        0xc ./lcd_graphics/graphics.o
                0x0000ff88                GRAPHICS_Update
 .text.GRAPHICS_Clear
                0x0000ff94       0x24 ./lcd_graphics/graphics.o
                0x0000ff94                GRAPHICS_Clear
 .text.GRAPHICS_AppendString
                0x0000ffb8       0x58 ./lcd_graphics/graphics.o
                0x0000ffb8                GRAPHICS_AppendString
 .text.rtcIntCallbackRegister
                0x00010010       0x1c ./lcd_graphics/graphics.o
                0x00010010                rtcIntCallbackRegister
 .text.NVIC_ClearPendingIRQ
                0x0001002c       0x34 ./lcd_graphics/udelay.o
 .text.RTCC_CounterGet
                0x00010060       0x18 ./lcd_graphics/udelay.o
 .text.UDELAY_Calibrate
                0x00010078      0x190 ./lcd_graphics/udelay.o
                0x00010078                UDELAY_Calibrate
 .text.UDELAY_Delay
                0x00010208       0x38 ./lcd_graphics/udelay.o
                0x00010208                UDELAY_Delay
 .text.calibrate_delay
                0x00010240       0xd8 ./lcd_graphics/udelay.o
 .text.clock    0x00010318       0x10 ./lcd_graphics/udelay.o
 .text._delay   0x00010328       0x18 ./lcd_graphics/udelay.o
 .text.Reset_Handler
                0x00010340       0x3c ./platform/Device/SiliconLabs/EFR32BG1B/Source/GCC/startup_efr32bg1b.o
                0x00010340                Reset_Handler
 .text.Default_Handler
                0x0001037c        0x8 ./platform/Device/SiliconLabs/EFR32BG1B/Source/GCC/startup_efr32bg1b.o
                0x0001037c                DebugMon_Handler
                0x0001037c                USART0_TX_IRQHandler
                0x0001037c                I2C0_IRQHandler
                0x0001037c                HardFault_Handler
                0x0001037c                SysTick_Handler
                0x0001037c                USART1_RX_IRQHandler
                0x0001037c                PendSV_Handler
                0x0001037c                NMI_Handler
                0x0001037c                WDOG0_IRQHandler
                0x0001037c                USART1_TX_IRQHandler
                0x0001037c                MSC_IRQHandler
                0x0001037c                ADC0_IRQHandler
                0x0001037c                UsageFault_Handler
                0x0001037c                LEUART0_IRQHandler
                0x0001037c                FPUEH_IRQHandler
                0x0001037c                GPIO_EVEN_IRQHandler
                0x0001037c                LDMA_IRQHandler
                0x0001037c                TIMER0_IRQHandler
                0x0001037c                TIMER1_IRQHandler
                0x0001037c                Default_Handler
                0x0001037c                CRYOTIMER_IRQHandler
                0x0001037c                PCNT0_IRQHandler
                0x0001037c                ACMP0_IRQHandler
                0x0001037c                USART0_RX_IRQHandler
                0x0001037c                MemManage_Handler
                0x0001037c                SVC_Handler
                0x0001037c                RTCC_IRQHandler
                0x0001037c                CRYPTO_IRQHandler
                0x0001037c                CMU_IRQHandler
                0x0001037c                GPIO_ODD_IRQHandler
                0x0001037c                BusFault_Handler
                0x0001037c                IDAC0_IRQHandler
 .text.SystemCoreClockGet
                0x00010384       0x44 ./platform/Device/SiliconLabs/EFR32BG1B/Source/system_efr32bg1b.o
                0x00010384                SystemCoreClockGet
 .text.SystemMaxCoreClockGet
                0x000103c8       0x14 ./platform/Device/SiliconLabs/EFR32BG1B/Source/system_efr32bg1b.o
                0x000103c8                SystemMaxCoreClockGet
 .text.SystemHFClockGet
                0x000103dc       0x70 ./platform/Device/SiliconLabs/EFR32BG1B/Source/system_efr32bg1b.o
                0x000103dc                SystemHFClockGet
 .text.SystemHFXOClockGet
                0x0001044c       0x18 ./platform/Device/SiliconLabs/EFR32BG1B/Source/system_efr32bg1b.o
                0x0001044c                SystemHFXOClockGet
 .text.SystemHFXOClockSet
                0x00010464       0x30 ./platform/Device/SiliconLabs/EFR32BG1B/Source/system_efr32bg1b.o
                0x00010464                SystemHFXOClockSet
 .text.SystemInit
                0x00010494       0x5c ./platform/Device/SiliconLabs/EFR32BG1B/Source/system_efr32bg1b.o
                0x00010494                SystemInit
 .text.SystemLFRCOClockGet
                0x000104f0       0x14 ./platform/Device/SiliconLabs/EFR32BG1B/Source/system_efr32bg1b.o
                0x000104f0                SystemLFRCOClockGet
 .text.SystemULFRCOClockGet
                0x00010504       0x14 ./platform/Device/SiliconLabs/EFR32BG1B/Source/system_efr32bg1b.o
                0x00010504                SystemULFRCOClockGet
 .text.SystemLFXOClockGet
                0x00010518       0x18 ./platform/Device/SiliconLabs/EFR32BG1B/Source/system_efr32bg1b.o
                0x00010518                SystemLFXOClockGet
 .text.SystemLFXOClockSet
                0x00010530       0x30 ./platform/Device/SiliconLabs/EFR32BG1B/Source/system_efr32bg1b.o
                0x00010530                SystemLFXOClockSet
 .text.BUS_RegBitWrite
                0x00010560       0x2c ./platform/emdrv/sleep/src/sleep.o
 .text.EMU_EnterEM1
                0x0001058c       0x20 ./platform/emdrv/sleep/src/sleep.o
 .text.EMU_EM2Block
                0x000105ac       0x14 ./platform/emdrv/sleep/src/sleep.o
 .text.EMU_EM2UnBlock
                0x000105c0       0x14 ./platform/emdrv/sleep/src/sleep.o
 .text.sleepCallbackWrapper
                0x000105d4       0x2c ./platform/emdrv/sleep/src/sleep.o
 .text.SLEEP_Init
                0x00010600       0x60 ./platform/emdrv/sleep/src/sleep.o
                0x00010600                SLEEP_Init
 .text.SLEEP_Sleep
                0x00010660       0x90 ./platform/emdrv/sleep/src/sleep.o
                0x00010660                SLEEP_Sleep
 .text.SLEEP_SleepBlockBegin
                0x000106f0       0x48 ./platform/emdrv/sleep/src/sleep.o
                0x000106f0                SLEEP_SleepBlockBegin
 .text.SLEEP_SleepBlockEnd
                0x00010738       0x58 ./platform/emdrv/sleep/src/sleep.o
                0x00010738                SLEEP_SleepBlockEnd
 .text.SLEEP_LowestEnergyModeGet
                0x00010790       0x40 ./platform/emdrv/sleep/src/sleep.o
                0x00010790                SLEEP_LowestEnergyModeGet
 .text.enterEMx
                0x000107d0       0xa0 ./platform/emdrv/sleep/src/sleep.o
 .text.NVIC_EnableIRQ
                0x00010870       0x30 ./platform/emdrv/tempdrv/src/tempdrv.o
 .text.NVIC_ClearPendingIRQ
                0x000108a0       0x34 ./platform/emdrv/tempdrv/src/tempdrv.o
 .text.EMU_IntClear
                0x000108d4       0x1c ./platform/emdrv/tempdrv/src/tempdrv.o
 .text.EMU_IntDisable
                0x000108f0       0x24 ./platform/emdrv/tempdrv/src/tempdrv.o
 .text.EMU_IntEnable
                0x00010914       0x24 ./platform/emdrv/tempdrv/src/tempdrv.o
 .text.EMU_IntGetEnabled
                0x00010938       0x24 ./platform/emdrv/tempdrv/src/tempdrv.o
 .text.EMU_IRQHandler
                0x0001095c        0xc ./platform/emdrv/tempdrv/src/tempdrv.o
                0x0001095c                EMU_IRQHandler
 .text.TEMPDRV_IRQHandler
                0x00010968       0xa0 ./platform/emdrv/tempdrv/src/tempdrv.o
                0x00010968                TEMPDRV_IRQHandler
 .text.errataCallback
                0x00010a08       0x20 ./platform/emdrv/tempdrv/src/tempdrv.o
 .text.errataStateUpdate
                0x00010a28       0xbc ./platform/emdrv/tempdrv/src/tempdrv.o
 .text.errataInit
                0x00010ae4       0x8c ./platform/emdrv/tempdrv/src/tempdrv.o
 .text.convertToTemp
                0x00010b70       0x58 ./platform/emdrv/tempdrv/src/tempdrv.o
 .text.convertToEmu
                0x00010bc8       0x48 ./platform/emdrv/tempdrv/src/tempdrv.o
 .text.disableInterrupts
                0x00010c10       0x18 ./platform/emdrv/tempdrv/src/tempdrv.o
 .text.updateInterrupts
                0x00010c28      0x140 ./platform/emdrv/tempdrv/src/tempdrv.o
 .text.TEMPDRV_Init
                0x00010d68       0xd4 ./platform/emdrv/tempdrv/src/tempdrv.o
                0x00010d68                TEMPDRV_Init
 .text.TEMPDRV_GetTemp
                0x00010e3c       0x1c ./platform/emdrv/tempdrv/src/tempdrv.o
                0x00010e3c                TEMPDRV_GetTemp
 .text.BUS_RegBitWrite
                0x00010e58       0x2c ./platform/emlib/src/em_cmu.o
 .text.BUS_RegBitRead
                0x00010e84       0x2c ./platform/emlib/src/em_cmu.o
 .text.BUS_RegMaskedSet
                0x00010eb0       0x24 ./platform/emlib/src/em_cmu.o
 .text.BUS_RegMaskedClear
                0x00010ed4       0x24 ./platform/emlib/src/em_cmu.o
 .text.BUS_RegMaskedWrite
                0x00010ef8       0x24 ./platform/emlib/src/em_cmu.o
 .text.CMU_Log2ToDiv
                0x00010f1c       0x1c ./platform/emlib/src/em_cmu.o
 .text.CMU_PrescToLog2
                0x00010f38       0x28 ./platform/emlib/src/em_cmu.o
 .text.setHfLeConfig
                0x00010f60       0x64 ./platform/emlib/src/em_cmu.o
 .text.auxClkGet
                0x00010fc4       0x20 ./platform/emlib/src/em_cmu.o
 .text.hfSrcClkGet
                0x00010fe4       0x2c ./platform/emlib/src/em_cmu.o
 .text.dbgClkGet
                0x00011010       0x40 ./platform/emlib/src/em_cmu.o
 .text.adcAsyncClkGet
                0x00011050       0x80 ./platform/emlib/src/em_cmu.o
 .text.flashWaitStateControl
                0x000110d0       0x7c ./platform/emlib/src/em_cmu.o
 .text.flashWaitStateMax
                0x0001114c       0x14 ./platform/emlib/src/em_cmu.o
 .text.CMU_UpdateWaitStates
                0x00011160       0x18 ./platform/emlib/src/em_cmu.o
                0x00011160                CMU_UpdateWaitStates
 .text.getRegIshUpperVal
                0x00011178       0x38 ./platform/emlib/src/em_cmu.o
 .text.getHfxoTuningMode
                0x000111b0       0x1c ./platform/emlib/src/em_cmu.o
 .text.setHfxoTuningMode
                0x000111cc       0x28 ./platform/emlib/src/em_cmu.o
 .text.lfClkGet
                0x000111f4       0xec ./platform/emlib/src/em_cmu.o
 .text.syncReg  0x000112e0       0x38 ./platform/emlib/src/em_cmu.o
 .text.CMU_ClockDivGet
                0x00011318       0x1c ./platform/emlib/src/em_cmu.o
                0x00011318                CMU_ClockDivGet
 .text.CMU_ClockDivSet
                0x00011334       0x1c ./platform/emlib/src/em_cmu.o
                0x00011334                CMU_ClockDivSet
 .text.CMU_ClockEnable
                0x00011350       0xcc ./platform/emlib/src/em_cmu.o
                0x00011350                CMU_ClockEnable
 .text.CMU_ClockFreqGet
                0x0001141c      0x198 ./platform/emlib/src/em_cmu.o
                0x0001141c                CMU_ClockFreqGet
 .text.CMU_ClockPrescGet
                0x000115b4      0x12c ./platform/emlib/src/em_cmu.o
                0x000115b4                CMU_ClockPrescGet
 .text.CMU_ClockPrescSet
                0x000116e0      0x1e8 ./platform/emlib/src/em_cmu.o
                0x000116e0                CMU_ClockPrescSet
 .text.CMU_ClockSelectGet
                0x000118c8      0x190 ./platform/emlib/src/em_cmu.o
                0x000118c8                CMU_ClockSelectGet
 .text.CMU_ClockSelectSet
                0x00011a58      0x260 ./platform/emlib/src/em_cmu.o
                0x00011a58                CMU_ClockSelectSet
 .text.CMU_HFXOAutostartEnable
                0x00011cb8       0x7c ./platform/emlib/src/em_cmu.o
                0x00011cb8                CMU_HFXOAutostartEnable
 .text.CMU_HFXOInit
                0x00011d34       0xf4 ./platform/emlib/src/em_cmu.o
                0x00011d34                CMU_HFXOInit
 .text.CMU_LFXOInit
                0x00011e28       0x50 ./platform/emlib/src/em_cmu.o
                0x00011e28                CMU_LFXOInit
 .text.CMU_OscillatorEnable
                0x00011e78      0x174 ./platform/emlib/src/em_cmu.o
                0x00011e78                CMU_OscillatorEnable
 .text.CMU_OscillatorTuningGet
                0x00011fec       0x74 ./platform/emlib/src/em_cmu.o
                0x00011fec                CMU_OscillatorTuningGet
 .text.CMU_OscillatorTuningSet
                0x00012060      0x100 ./platform/emlib/src/em_cmu.o
                0x00012060                CMU_OscillatorTuningSet
 .text.CMU_OscillatorTuningWait
                0x00012160       0x94 ./platform/emlib/src/em_cmu.o
                0x00012160                CMU_OscillatorTuningWait
 .text.CMU_OscillatorTuningOptimize
                0x000121f4       0x54 ./platform/emlib/src/em_cmu.o
                0x000121f4                CMU_OscillatorTuningOptimize
 .text.CORE_EnterCritical
                0x00012248       0x20 ./platform/emlib/src/em_core.o
                0x00012248                CORE_EnterCritical
 .text.CORE_ExitCritical
                0x00012268       0x1c ./platform/emlib/src/em_core.o
                0x00012268                CORE_ExitCritical
 .text.CORE_AtomicDisableIrq
                0x00012284       0x10 ./platform/emlib/src/em_core.o
                0x00012284                CORE_AtomicDisableIrq
 .text.CORE_AtomicEnableIrq
                0x00012294       0x10 ./platform/emlib/src/em_core.o
                0x00012294                CORE_AtomicEnableIrq
 .text.CORE_EnterAtomic
                0x000122a4       0x20 ./platform/emlib/src/em_core.o
                0x000122a4                CORE_EnterAtomic
 .text.CORE_ExitAtomic
                0x000122c4       0x1c ./platform/emlib/src/em_core.o
                0x000122c4                CORE_ExitAtomic
 .text.CORE_SetNvicRamTableHandler
                0x000122e0       0x44 ./platform/emlib/src/em_core.o
                0x000122e0                CORE_SetNvicRamTableHandler
 .text.CORE_InitNvicVectorTable
                0x00012324       0xc8 ./platform/emlib/src/em_core.o
                0x00012324                CORE_InitNvicVectorTable
 .text.CRYPTO_BurstFromCrypto
                0x000123ec       0x40 ./platform/emlib/src/em_crypto.o
 .text.CRYPTO_ModulusSet
                0x0001242c       0x88 ./platform/emlib/src/em_crypto.o
                0x0001242c                CRYPTO_ModulusSet
 .text.CRYPTO_KeyRead
                0x000124b4       0x38 ./platform/emlib/src/em_crypto.o
                0x000124b4                CRYPTO_KeyRead
 .text.SystemCoreClockUpdate
                0x000124ec        0xc ./platform/emlib/src/em_emu.o
 .text.BUS_RegBitWrite
                0x000124f8       0x2c ./platform/emlib/src/em_emu.o
 .text.BUS_RegBitRead
                0x00012524       0x2c ./platform/emlib/src/em_emu.o
 .text.EMU_Unlock
                0x00012550       0x18 ./platform/emlib/src/em_emu.o
 .text.CMU_Lock
                0x00012568       0x18 ./platform/emlib/src/em_emu.o
 .text.CMU_Unlock
                0x00012580       0x1c ./platform/emlib/src/em_emu.o
 .text.SYSTEM_GetDevinfoRev
                0x0001259c       0x18 ./platform/emlib/src/em_emu.o
 .text.emState  0x000125b4       0xd4 ./platform/emlib/src/em_emu.o
 .text.dcdcFetCntSet
                0x00012688       0x50 ./platform/emlib/src/em_emu.o
 .text.dcdcHsFixLnBlock
                0x000126d8       0x48 ./platform/emlib/src/em_emu.o
 .text.EMU_EnterEM2
                0x00012720       0x50 ./platform/emlib/src/em_emu.o
                0x00012720                EMU_EnterEM2
 .text.EMU_EnterEM3
                0x00012770       0x78 ./platform/emlib/src/em_emu.o
                0x00012770                EMU_EnterEM3
 .text.EMU_Save
                0x000127e8        0xc ./platform/emlib/src/em_emu.o
                0x000127e8                EMU_Save
 .text.EMU_Restore
                0x000127f4        0xc ./platform/emlib/src/em_emu.o
                0x000127f4                EMU_Restore
 .text.EMU_EnterEM4
                0x00012800       0xbc ./platform/emlib/src/em_emu.o
                0x00012800                EMU_EnterEM4
 .text.dcdcConstCalibrationLoad
                0x000128bc       0xc4 ./platform/emlib/src/em_emu.o
 .text.dcdcValidatedConfigSet
                0x00012980       0xb0 ./platform/emlib/src/em_emu.o
 .text.currentLimitersUpdate
                0x00012a30       0xec ./platform/emlib/src/em_emu.o
 .text.userCurrentLimitsSet
                0x00012b1c       0x2c ./platform/emlib/src/em_emu.o
 .text.compCtrlSet
                0x00012b48       0x3c ./platform/emlib/src/em_emu.o
 .text.lpCmpHystCalibrationLoad
                0x00012b84       0xd0 ./platform/emlib/src/em_emu.o
 .text.lpGetDevinfoVrefLowHigh
                0x00012c54      0x15c ./platform/emlib/src/em_emu.o
 .text.EMU_DCDCModeSet
                0x00012db0       0xb8 ./platform/emlib/src/em_emu.o
                0x00012db0                EMU_DCDCModeSet
 .text.EMU_DCDCInit
                0x00012e68      0x114 ./platform/emlib/src/em_emu.o
                0x00012e68                EMU_DCDCInit
 .text.EMU_DCDCOutputVoltageSet
                0x00012f7c      0x20c ./platform/emlib/src/em_emu.o
                0x00012f7c                EMU_DCDCOutputVoltageSet
 .text.EMU_DCDCOptimizeSlice
                0x00013188       0xd8 ./platform/emlib/src/em_emu.o
                0x00013188                EMU_DCDCOptimizeSlice
 .text.EMU_DCDCLnRcoBandSet
                0x00013260       0x54 ./platform/emlib/src/em_emu.o
                0x00013260                EMU_DCDCLnRcoBandSet
 .text.EMU_SetBiasMode
                0x000132b4       0xa4 ./platform/emlib/src/em_emu.o
                0x000132b4                EMU_SetBiasMode
 .text.BUS_RegMaskedSet
                0x00013358       0x24 ./platform/emlib/src/em_gpio.o
 .text.BUS_RegMaskedClear
                0x0001337c       0x24 ./platform/emlib/src/em_gpio.o
 .text.BUS_RegMaskedWrite
                0x000133a0       0x24 ./platform/emlib/src/em_gpio.o
 .text.GPIO_PinOutClear
                0x000133c4       0x58 ./platform/emlib/src/em_gpio.o
 .text.GPIO_PinOutSet
                0x0001341c       0x58 ./platform/emlib/src/em_gpio.o
 .text.GPIO_DriveStrengthSet
                0x00013474       0x60 ./platform/emlib/src/em_gpio.o
                0x00013474                GPIO_DriveStrengthSet
 .text.GPIO_PinModeSet
                0x000134d4      0x10c ./platform/emlib/src/em_gpio.o
                0x000134d4                GPIO_PinModeSet
 .text.BUS_RegBitWrite
                0x000135e0       0x2c ./platform/emlib/src/em_i2c.o
 .text.BUS_RegMaskedSet
                0x0001360c       0x24 ./platform/emlib/src/em_i2c.o
 .text.BUS_RegMaskedClear
                0x00013630       0x24 ./platform/emlib/src/em_i2c.o
 .text.BUS_RegMaskedWrite
                0x00013654       0x24 ./platform/emlib/src/em_i2c.o
 .text.I2C_BusFreqSet
                0x00013678       0xf8 ./platform/emlib/src/em_i2c.o
                0x00013678                I2C_BusFreqSet
 .text.I2C_Enable
                0x00013770       0x20 ./platform/emlib/src/em_i2c.o
                0x00013770                I2C_Enable
 .text.I2C_Init
                0x00013790       0x5c ./platform/emlib/src/em_i2c.o
                0x00013790                I2C_Init
 .text.LETIMER_CompareSet
                0x000137ec       0x58 ./platform/emlib/src/em_letimer.o
                0x000137ec                LETIMER_CompareSet
 .text.LETIMER_Init
                0x00013844       0xd0 ./platform/emlib/src/em_letimer.o
                0x00013844                LETIMER_Init
 .text.MSC_Init
                0x00013914       0x24 ./platform/emlib/src/em_msc.o
                0x00013914                MSC_Init
 .text.MSC_Deinit
                0x00013938       0x24 ./platform/emlib/src/em_msc.o
                0x00013938                MSC_Deinit
 .text.RMU_ResetCauseClear
                0x0001395c       0x18 ./platform/emlib/src/em_rmu.o
                0x0001395c                RMU_ResetCauseClear
 .text.RMU_ResetCauseGet
                0x00013974       0xd8 ./platform/emlib/src/em_rmu.o
                0x00013974                RMU_ResetCauseGet
 .text.BUS_RegBitWrite
                0x00013a4c       0x2c ./platform/emlib/src/em_rtcc.o
 .text.RTCC_ChannelInit
                0x00013a78       0x5c ./platform/emlib/src/em_rtcc.o
                0x00013a78                RTCC_ChannelInit
 .text.RTCC_Enable
                0x00013ad4       0x20 ./platform/emlib/src/em_rtcc.o
                0x00013ad4                RTCC_Enable
 .text.RTCC_Init
                0x00013af4       0x60 ./platform/emlib/src/em_rtcc.o
                0x00013af4                RTCC_Init
 .text.SYSTEM_ChipRevisionGet
                0x00013b54       0x74 ./platform/emlib/src/em_system.o
                0x00013b54                SYSTEM_ChipRevisionGet
 .text.USART_BaudrateSyncSet
                0x00013bc8       0x40 ./platform/emlib/src/em_usart.o
                0x00013bc8                USART_BaudrateSyncSet
 .text.USART_InitSync
                0x00013c08       0xf0 ./platform/emlib/src/em_usart.o
                0x00013c08                USART_InitSync
 .text.USART_Reset
                0x00013cf8       0x9c ./platform/emlib/src/em_usart.o
                0x00013cf8                USART_Reset
 .text.USART_SpiTransfer
                0x00013d94       0x40 ./platform/emlib/src/em_usart.o
                0x00013d94                USART_SpiTransfer
 .text.USART_Tx
                0x00013dd4       0x2c ./platform/emlib/src/em_usart.o
                0x00013dd4                USART_Tx
 .text.USART_TxDouble
                0x00013e00       0x2c ./platform/emlib/src/em_usart.o
                0x00013e00                USART_TxDouble
 .text.BUS_RegMaskedSet
                0x00013e2c       0x24 ./src/I2C.o
 .text.BUS_RegMaskedClear
                0x00013e50       0x24 ./src/I2C.o
 .text.GPIO_PinOutClear
                0x00013e74       0x58 ./src/I2C.o
 .text.GPIO_PinOutSet
                0x00013ecc       0x58 ./src/I2C.o
 .text.setup_I2C
                0x00013f24       0x9c ./src/I2C.o
                0x00013f24                setup_I2C
 .text.CMU_init
                0x00013fc0        0xc ./src/cmu.o
                0x00013fc0                CMU_init
 .text.CMU_LETIMER0_Init
                0x00013fcc       0x28 ./src/cmu.o
                0x00013fcc                CMU_LETIMER0_Init
 .text.CMU_I2C0_Init
                0x00013ff4       0x20 ./src/cmu.o
                0x00013ff4                CMU_I2C0_Init
 .text.gpio_init
                0x00014014       0x1c ./src/gpio.o
                0x00014014                gpio_init
 .text.NVIC_EnableIRQ
                0x00014030       0x30 ./src/letimer.o
 .text.LETIMER_IntClear
                0x00014060       0x1c ./src/letimer.o
 .text.LETIMER_IntEnable
                0x0001407c       0x20 ./src/letimer.o
 .text.LETIMER_IntGet
                0x0001409c       0x18 ./src/letimer.o
 .text.LETIMER_init
                0x000140b4       0xa0 ./src/letimer.o
                0x000140b4                LETIMER_init
 .text.LETIMER0_IRQHandler
                0x00014154       0x74 ./src/letimer.o
                0x00014154                LETIMER0_IRQHandler
 .text.I2C0_readByte
                0x000141c8       0xe8 ./src/light.o
                0x000141c8                I2C0_readByte
 .text.I2C0_writeByte
                0x000142b0       0x7c ./src/light.o
                0x000142b0                I2C0_writeByte
 .text.lum_enable
                0x0001432c       0x28 ./src/light.o
                0x0001432c                lum_enable
 *fill*         0x00014354        0x4 
 .text.getLuminosityValue
                0x00014358      0x31c ./src/light.o
                0x00014358                getLuminosityValue
 .text.BUS_RegMaskedSet
                0x00014674       0x24 ./src/lpm.o
 .text.BUS_RegMaskedClear
                0x00014698       0x24 ./src/lpm.o
 .text.GPIO_PinOutClear
                0x000146bc       0x58 ./src/lpm.o
 .text.GPIO_PinOutSet
                0x00014714       0x58 ./src/lpm.o
 .text.LoadPowerON
                0x0001476c       0x64 ./src/lpm.o
                0x0001476c                LoadPowerON
 .text.LoadPowerOFF
                0x000147d0       0x2c ./src/lpm.o
                0x000147d0                LoadPowerOFF
 .text.BUS_RegBitRead
                0x000147fc       0x2c ./src/si7021.o
 .text.GPIO_PinOutGet
                0x00014828       0x54 ./src/si7021.o
 .text.TempSensor_Enabled
                0x0001487c       0x14 ./src/si7021.o
                0x0001487c                TempSensor_Enabled
 .text.eventDefault
                0x00014890        0x2 C:\Users\nikhi\SimplicityStudio\v4_workspacedemo\HW4_BLE\platform\radio\rail_lib\autogen\librail_release\librail_efr32xg1_gcc_release.a(rail_rf_hal.o)
 *fill*         0x00014892        0x2 
 .text.setRssiPeriod
                0x00014894       0x18 C:\Users\nikhi\SimplicityStudio\v4_workspacedemo\HW4_BLE\platform\radio\rail_lib\autogen\librail_release\librail_efr32xg1_gcc_release.a(rail_rf_hal.o)
 .text.RFHAL_NotifyUserOfIrCal
                0x000148ac       0x80 C:\Users\nikhi\SimplicityStudio\v4_workspacedemo\HW4_BLE\platform\radio\rail_lib\autogen\librail_release\librail_efr32xg1_gcc_release.a(rail_rf_hal.o)
 *fill*         0x0001492c        0x4 
 .text.GENERIC_PHY_EventCallback
                0x00014930      0x19c C:\Users\nikhi\SimplicityStudio\v4_workspacedemo\HW4_BLE\platform\radio\rail_lib\autogen\librail_release\librail_efr32xg1_gcc_release.a(rail_rf_hal.o)
                0x00014930                GENERIC_PHY_EventCallback
 .text.RFHAL_IntEnable
                0x00014acc       0x56 C:\Users\nikhi\SimplicityStudio\v4_workspacedemo\HW4_BLE\platform\radio\rail_lib\autogen\librail_release\librail_efr32xg1_gcc_release.a(rail_rf_hal.o)
                0x00014acc                RFHAL_IntEnable
 *fill*         0x00014b22        0x2 
 .text.RFHAL_SetEventCallback
                0x00014b24       0x18 C:\Users\nikhi\SimplicityStudio\v4_workspacedemo\HW4_BLE\platform\radio\rail_lib\autogen\librail_release\librail_efr32xg1_gcc_release.a(rail_rf_hal.o)
                0x00014b24                RFHAL_SetEventCallback
 .text.RFHAL_SetPtiProtocol
                0x00014b3c       0x20 C:\Users\nikhi\SimplicityStudio\v4_workspacedemo\HW4_BLE\platform\radio\rail_lib\autogen\librail_release\librail_efr32xg1_gcc_release.a(rail_rf_hal.o)
                0x00014b3c                RFHAL_SetPtiProtocol
 .text.RFHAL_Idle
                0x00014b5c       0x40 C:\Users\nikhi\SimplicityStudio\v4_workspacedemo\HW4_BLE\platform\radio\rail_lib\autogen\librail_release\librail_efr32xg1_gcc_release.a(rail_rf_hal.o)
                0x00014b5c                RFHAL_Idle
 .text.RFHAL_GetRadioState
                0x00014b9c       0x7c C:\Users\nikhi\SimplicityStudio\v4_workspacedemo\HW4_BLE\platform\radio\rail_lib\autogen\librail_release\librail_efr32xg1_gcc_release.a(rail_rf_hal.o)
                0x00014b9c                RFHAL_GetRadioState
 .text.RFHAL_OkToTransmit
                0x00014c18       0x14 C:\Users\nikhi\SimplicityStudio\v4_workspacedemo\HW4_BLE\platform\radio\rail_lib\autogen\librail_release\librail_efr32xg1_gcc_release.a(rail_rf_hal.o)
                0x00014c18                RFHAL_OkToTransmit
 .text.RFHAL_ScheduleRx
                0x00014c2c       0x74 C:\Users\nikhi\SimplicityStudio\v4_workspacedemo\HW4_BLE\platform\radio\rail_lib\autogen\librail_release\librail_efr32xg1_gcc_release.a(rail_rf_hal.o)
                0x00014c2c                RFHAL_ScheduleRx
 .text.RFHAL_EnableRxRawCapture
                0x00014ca0       0x5c C:\Users\nikhi\SimplicityStudio\v4_workspacedemo\HW4_BLE\platform\radio\rail_lib\autogen\librail_release\librail_efr32xg1_gcc_release.a(rail_rf_hal.o)
                0x00014ca0                RFHAL_EnableRxRawCapture
 .text.RFHAL_DisableRxRawCapture
                0x00014cfc       0x38 C:\Users\nikhi\SimplicityStudio\v4_workspacedemo\HW4_BLE\platform\radio\rail_lib\autogen\librail_release\librail_efr32xg1_gcc_release.a(rail_rf_hal.o)
                0x00014cfc                RFHAL_DisableRxRawCapture
 .text.RFHAL_AcceptCrcErrors
                0x00014d34       0x18 C:\Users\nikhi\SimplicityStudio\v4_workspacedemo\HW4_BLE\platform\radio\rail_lib\autogen\librail_release\librail_efr32xg1_gcc_release.a(rail_rf_hal.o)
                0x00014d34                RFHAL_AcceptCrcErrors
 .text.RFHAL_ConfigRxOptions
                0x00014d4c       0x74 C:\Users\nikhi\SimplicityStudio\v4_workspacedemo\HW4_BLE\platform\radio\rail_lib\autogen\librail_release\librail_efr32xg1_gcc_release.a(rail_rf_hal.o)
                0x00014d4c                RFHAL_ConfigRxOptions
 .text.RFHAL_CancelTimer
                0x00014dc0       0x28 C:\Users\nikhi\SimplicityStudio\v4_workspacedemo\HW4_BLE\platform\radio\rail_lib\autogen\librail_release\librail_efr32xg1_gcc_release.a(rail_rf_hal.o)
                0x00014dc0                RFHAL_CancelTimer
 .text.RFHAL_SetTimer
                0x00014de8       0x80 C:\Users\nikhi\SimplicityStudio\v4_workspacedemo\HW4_BLE\platform\radio\rail_lib\autogen\librail_release\librail_efr32xg1_gcc_release.a(rail_rf_hal.o)
                0x00014de8                RFHAL_SetTimer
 .text.RFHAL_SetTxTransitions
                0x00014e68       0x1c C:\Users\nikhi\SimplicityStudio\v4_workspacedemo\HW4_BLE\platform\radio\rail_lib\autogen\librail_release\librail_efr32xg1_gcc_release.a(rail_rf_hal.o)
                0x00014e68                RFHAL_SetTxTransitions
 .text.RFHAL_SetRxTransitions
                0x00014e84       0x1c C:\Users\nikhi\SimplicityStudio\v4_workspacedemo\HW4_BLE\platform\radio\rail_lib\autogen\librail_release\librail_efr32xg1_gcc_release.a(rail_rf_hal.o)
                0x00014e84                RFHAL_SetRxTransitions
 .text.RFHAL_SetCRCInitVal
                0x00014ea0        0x4 C:\Users\nikhi\SimplicityStudio\v4_workspacedemo\HW4_BLE\platform\radio\rail_lib\autogen\librail_release\librail_efr32xg1_gcc_release.a(rail_rf_hal.o)
                0x00014ea0                RFHAL_SetCRCInitVal
 .text.RFHAL_ConfigTxPower
                0x00014ea4        0xc C:\Users\nikhi\SimplicityStudio\v4_workspacedemo\HW4_BLE\platform\radio\rail_lib\autogen\librail_release\librail_efr32xg1_gcc_release.a(rail_rf_hal.o)
                0x00014ea4                RFHAL_ConfigTxPower
 .text.RFHAL_SetTxPowerUnchecked
                0x00014eb0       0x18 C:\Users\nikhi\SimplicityStudio\v4_workspacedemo\HW4_BLE\platform\radio\rail_lib\autogen\librail_release\librail_efr32xg1_gcc_release.a(rail_rf_hal.o)
                0x00014eb0                RFHAL_SetTxPowerUnchecked
 .text.RFHAL_SetTxPower
                0x00014ec8       0x3c C:\Users\nikhi\SimplicityStudio\v4_workspacedemo\HW4_BLE\platform\radio\rail_lib\autogen\librail_release\librail_efr32xg1_gcc_release.a(rail_rf_hal.o)
                0x00014ec8                RFHAL_SetTxPower
 .text.RFHAL_GetTxPowerConfig
                0x00014f04        0xc C:\Users\nikhi\SimplicityStudio\v4_workspacedemo\HW4_BLE\platform\radio\rail_lib\autogen\librail_release\librail_efr32xg1_gcc_release.a(rail_rf_hal.o)
                0x00014f04                RFHAL_GetTxPowerConfig
 .text.RFHAL_GetTxPower
                0x00014f10        0x4 C:\Users\nikhi\SimplicityStudio\v4_workspacedemo\HW4_BLE\platform\radio\rail_lib\autogen\librail_release\librail_efr32xg1_gcc_release.a(rail_rf_hal.o)
                0x00014f10                RFHAL_GetTxPower
 .text.RFHAL_SetChannel
                0x00014f14       0x98 C:\Users\nikhi\SimplicityStudio\v4_workspacedemo\HW4_BLE\platform\radio\rail_lib\autogen\librail_release\librail_efr32xg1_gcc_release.a(rail_rf_hal.o)
                0x00014f14                RFHAL_SetChannel
 .text.RFHAL_IsAutoAckEnabled
                0x00014fac        0x6 C:\Users\nikhi\SimplicityStudio\v4_workspacedemo\HW4_BLE\platform\radio\rail_lib\autogen\librail_release\librail_efr32xg1_gcc_release.a(rail_rf_hal.o)
                0x00014fac                RFHAL_IsAutoAckEnabled
 *fill*         0x00014fb2        0x2 
 .text.RFHAL_AutoAckWaitForAck
                0x00014fb4       0x18 C:\Users\nikhi\SimplicityStudio\v4_workspacedemo\HW4_BLE\platform\radio\rail_lib\autogen\librail_release\librail_efr32xg1_gcc_release.a(rail_rf_hal.o)
                0x00014fb4                RFHAL_AutoAckWaitForAck
 .text.preTxOps
                0x00014fcc       0xc4 C:\Users\nikhi\SimplicityStudio\v4_workspacedemo\HW4_BLE\platform\radio\rail_lib\autogen\librail_release\librail_efr32xg1_gcc_release.a(rail_rf_hal.o)
 .text.RFHAL_StartTx
                0x00015090       0x12 C:\Users\nikhi\SimplicityStudio\v4_workspacedemo\HW4_BLE\platform\radio\rail_lib\autogen\librail_release\librail_efr32xg1_gcc_release.a(rail_rf_hal.o)
                0x00015090                RFHAL_StartTx
 .text.RFHAL_StartScheduledTx
                0x000150a2       0x3a C:\Users\nikhi\SimplicityStudio\v4_workspacedemo\HW4_BLE\platform\radio\rail_lib\autogen\librail_release\librail_efr32xg1_gcc_release.a(rail_rf_hal.o)
                0x000150a2                RFHAL_StartScheduledTx
 .text.RFHAL_GetRxPacketInfo
                0x000150dc       0x48 C:\Users\nikhi\SimplicityStudio\v4_workspacedemo\HW4_BLE\platform\radio\rail_lib\autogen\librail_release\librail_efr32xg1_gcc_release.a(rail_rf_hal.o)
                0x000150dc                RFHAL_GetRxPacketInfo
 .text.RFHAL_GetRxPacketDetails
                0x00015124       0xcc C:\Users\nikhi\SimplicityStudio\v4_workspacedemo\HW4_BLE\platform\radio\rail_lib\autogen\librail_release\librail_efr32xg1_gcc_release.a(rail_rf_hal.o)
                0x00015124                RFHAL_GetRxPacketDetails
 .text.RFHAL_SetTxBuffer
                0x000151f0       0x3a C:\Users\nikhi\SimplicityStudio\v4_workspacedemo\HW4_BLE\platform\radio\rail_lib\autogen\librail_release\librail_efr32xg1_gcc_release.a(rail_rf_hal.o)
                0x000151f0                RFHAL_SetTxBuffer
 *fill*         0x0001522a        0x2 
 .text.RFHAL_ResetTxFifo
                0x0001522c       0x2c C:\Users\nikhi\SimplicityStudio\v4_workspacedemo\HW4_BLE\platform\radio\rail_lib\autogen\librail_release\librail_efr32xg1_gcc_release.a(rail_rf_hal.o)
                0x0001522c                RFHAL_ResetTxFifo
 .text.RFHAL_WriteTxFifo
                0x00015258       0x28 C:\Users\nikhi\SimplicityStudio\v4_workspacedemo\HW4_BLE\platform\radio\rail_lib\autogen\librail_release\librail_efr32xg1_gcc_release.a(rail_rf_hal.o)
                0x00015258                RFHAL_WriteTxFifo
 .text.RFHAL_ResetRxFifo
                0x00015280       0x40 C:\Users\nikhi\SimplicityStudio\v4_workspacedemo\HW4_BLE\platform\radio\rail_lib\autogen\librail_release\librail_efr32xg1_gcc_release.a(rail_rf_hal.o)
                0x00015280                RFHAL_ResetRxFifo
 .text.RFHAL_ConfigData
                0x000152c0       0x7c C:\Users\nikhi\SimplicityStudio\v4_workspacedemo\HW4_BLE\platform\radio\rail_lib\autogen\librail_release\librail_efr32xg1_gcc_release.a(rail_rf_hal.o)
                0x000152c0                RFHAL_ConfigData
 .text.RFHAL_Init
                0x0001533c       0xa0 C:\Users\nikhi\SimplicityStudio\v4_workspacedemo\HW4_BLE\platform\radio\rail_lib\autogen\librail_release\librail_efr32xg1_gcc_release.a(rail_rf_hal.o)
                0x0001533c                RFHAL_Init
 .text.RFHAL_SetFixedLength
                0x000153dc       0x8c C:\Users\nikhi\SimplicityStudio\v4_workspacedemo\HW4_BLE\platform\radio\rail_lib\autogen\librail_release\librail_efr32xg1_gcc_release.a(rail_rf_hal.o)
                0x000153dc                RFHAL_SetFixedLength
 .text.RFHAL_SetAbortScheduledTxDuringRx
                0x00015468       0x18 C:\Users\nikhi\SimplicityStudio\v4_workspacedemo\HW4_BLE\platform\radio\rail_lib\autogen\librail_release\librail_efr32xg1_gcc_release.a(rail_rf_hal.o)
                0x00015468                RFHAL_SetAbortScheduledTxDuringRx
 .text.RFHAL_ConfigRadio
                0x00015480       0xe0 C:\Users\nikhi\SimplicityStudio\v4_workspacedemo\HW4_BLE\platform\radio\rail_lib\autogen\librail_release\librail_efr32xg1_gcc_release.a(rail_rf_hal.o)
                0x00015480                RFHAL_ConfigRadio
 .text.RFHAL_GetTime
                0x00015560        0xe C:\Users\nikhi\SimplicityStudio\v4_workspacedemo\HW4_BLE\platform\radio\rail_lib\autogen\librail_release\librail_efr32xg1_gcc_release.a(rail_rf_hal.o)
                0x00015560                RFHAL_GetTime
 .text.RFHAL_GetRadioEntropy
                0x0001556e        0x4 C:\Users\nikhi\SimplicityStudio\v4_workspacedemo\HW4_BLE\platform\radio\rail_lib\autogen\librail_release\librail_efr32xg1_gcc_release.a(rail_rf_hal.o)
                0x0001556e                RFHAL_GetRadioEntropy
 .text.RFHAL_SetStateTiming
                0x00015572       0x4e C:\Users\nikhi\SimplicityStudio\v4_workspacedemo\HW4_BLE\platform\radio\rail_lib\autogen\librail_release\librail_efr32xg1_gcc_release.a(rail_rf_hal.o)
                0x00015572                RFHAL_SetStateTiming
 .text.RAIL_Init
                0x000155c0       0x20 C:\Users\nikhi\SimplicityStudio\v4_workspacedemo\HW4_BLE\platform\radio\rail_lib\autogen\librail_release\librail_efr32xg1_gcc_release.a(rail_singleprotocol.o)
                0x000155c0                RAIL_Init
 .text.RAIL_GetSchedulerStatus
                0x000155e0        0x4 C:\Users\nikhi\SimplicityStudio\v4_workspacedemo\HW4_BLE\platform\radio\rail_lib\autogen\librail_release\librail_efr32xg1_gcc_release.a(rail_singleprotocol.o)
                0x000155e0                RAIL_GetSchedulerStatus
 .text.RAIL_Idle
                0x000155e4        0x8 C:\Users\nikhi\SimplicityStudio\v4_workspacedemo\HW4_BLE\platform\radio\rail_lib\autogen\librail_release\librail_efr32xg1_gcc_release.a(rail_singleprotocol.o)
                0x000155e4                RAIL_Idle
 .text.RAIL_YieldRadio
                0x000155ec        0x2 C:\Users\nikhi\SimplicityStudio\v4_workspacedemo\HW4_BLE\platform\radio\rail_lib\autogen\librail_release\librail_efr32xg1_gcc_release.a(rail_singleprotocol.o)
                0x000155ec                RAIL_YieldRadio
 .text.RAIL_GetRadioEntropy
                0x000155ee        0x8 C:\Users\nikhi\SimplicityStudio\v4_workspacedemo\HW4_BLE\platform\radio\rail_lib\autogen\librail_release\librail_efr32xg1_gcc_release.a(rail_singleprotocol.o)
                0x000155ee                RAIL_GetRadioEntropy
 .text.RAIL_SetTimer
                0x000155f6       0x14 C:\Users\nikhi\SimplicityStudio\v4_workspacedemo\HW4_BLE\platform\radio\rail_lib\autogen\librail_release\librail_efr32xg1_gcc_release.a(rail_singleprotocol.o)
                0x000155f6                RAIL_SetTimer
 .text.RAIL_CancelTimer
                0x0001560a        0x4 C:\Users\nikhi\SimplicityStudio\v4_workspacedemo\HW4_BLE\platform\radio\rail_lib\autogen\librail_release\librail_efr32xg1_gcc_release.a(rail_singleprotocol.o)
                0x0001560a                RAIL_CancelTimer
 .text.RAIL_StartTx
                0x0001560e        0xa C:\Users\nikhi\SimplicityStudio\v4_workspacedemo\HW4_BLE\platform\radio\rail_lib\autogen\librail_release\librail_efr32xg1_gcc_release.a(rail_singleprotocol.o)
                0x0001560e                RAIL_StartTx
 .text.RAIL_StartScheduledTx
                0x00015618        0xa C:\Users\nikhi\SimplicityStudio\v4_workspacedemo\HW4_BLE\platform\radio\rail_lib\autogen\librail_release\librail_efr32xg1_gcc_release.a(rail_singleprotocol.o)
                0x00015618                RAIL_StartScheduledTx
 .text.RAIL_ScheduleRx
                0x00015622        0xa C:\Users\nikhi\SimplicityStudio\v4_workspacedemo\HW4_BLE\platform\radio\rail_lib\autogen\librail_release\librail_efr32xg1_gcc_release.a(rail_singleprotocol.o)
                0x00015622                RAIL_ScheduleRx
 .text.radioConfigChangedDefault
                0x0001562c        0x2 C:\Users\nikhi\SimplicityStudio\v4_workspacedemo\HW4_BLE\platform\radio\rail_lib\autogen\librail_release\librail_efr32xg1_gcc_release.a(rail_rf.o)
 .text.isTransitionState
                0x0001562e       0x12 C:\Users\nikhi\SimplicityStudio\v4_workspacedemo\HW4_BLE\platform\radio\rail_lib\autogen\librail_release\librail_efr32xg1_gcc_release.a(rail_rf.o)
 .text.RAILCore_Init
                0x00015640       0x12 C:\Users\nikhi\SimplicityStudio\v4_workspacedemo\HW4_BLE\platform\radio\rail_lib\autogen\librail_release\librail_efr32xg1_gcc_release.a(rail_rf.o)
                0x00015640                RAILCore_Init
 *fill*         0x00015652        0x2 
 .text.RAILInt_SetCallbackConfig
                0x00015654       0x20 C:\Users\nikhi\SimplicityStudio\v4_workspacedemo\HW4_BLE\platform\radio\rail_lib\autogen\librail_release\librail_efr32xg1_gcc_release.a(rail_rf.o)
                0x00015654                RAILInt_SetCallbackConfig
 .text.RAILCore_Idle
                0x00015674       0x14 C:\Users\nikhi\SimplicityStudio\v4_workspacedemo\HW4_BLE\platform\radio\rail_lib\autogen\librail_release\librail_efr32xg1_gcc_release.a(rail_rf.o)
                0x00015674                RAILCore_Idle
 .text.RAILCore_GetRadioState
                0x00015688        0x4 C:\Users\nikhi\SimplicityStudio\v4_workspacedemo\HW4_BLE\platform\radio\rail_lib\autogen\librail_release\librail_efr32xg1_gcc_release.a(rail_rf.o)
                0x00015688                RAILCore_GetRadioState
 .text.RAIL_SetStateTiming
                0x0001568c        0xa C:\Users\nikhi\SimplicityStudio\v4_workspacedemo\HW4_BLE\platform\radio\rail_lib\autogen\librail_release\librail_efr32xg1_gcc_release.a(rail_rf.o)
                0x0001568c                RAIL_SetStateTiming
 *fill*         0x00015696        0x2 
 .text.RAILInt_IsPowerInRange
                0x00015698       0x3c C:\Users\nikhi\SimplicityStudio\v4_workspacedemo\HW4_BLE\platform\radio\rail_lib\autogen\librail_release\librail_efr32xg1_gcc_release.a(rail_rf.o)
                0x00015698                RAILInt_IsPowerInRange
 .text.RAILInt_SetChannel
                0x000156d4      0x1d8 C:\Users\nikhi\SimplicityStudio\v4_workspacedemo\HW4_BLE\platform\radio\rail_lib\autogen\librail_release\librail_efr32xg1_gcc_release.a(rail_rf.o)
                0x000156d4                RAILInt_SetChannel
 .text.RAILCore_ConfigChannels
                0x000158ac       0x58 C:\Users\nikhi\SimplicityStudio\v4_workspacedemo\HW4_BLE\platform\radio\rail_lib\autogen\librail_release\librail_efr32xg1_gcc_release.a(rail_rf.o)
                0x000158ac                RAILCore_ConfigChannels
 .text.RAILInt_GetChannel
                0x00015904        0x4 C:\Users\nikhi\SimplicityStudio\v4_workspacedemo\HW4_BLE\platform\radio\rail_lib\autogen\librail_release\librail_efr32xg1_gcc_release.a(rail_rf.o)
                0x00015904                RAILInt_GetChannel
 .text.RAILCore_SetTxTransitions
                0x00015908       0x3c C:\Users\nikhi\SimplicityStudio\v4_workspacedemo\HW4_BLE\platform\radio\rail_lib\autogen\librail_release\librail_efr32xg1_gcc_release.a(rail_rf.o)
                0x00015908                RAILCore_SetTxTransitions
 .text.RAIL_SetTxTransitions
                0x00015944        0xa C:\Users\nikhi\SimplicityStudio\v4_workspacedemo\HW4_BLE\platform\radio\rail_lib\autogen\librail_release\librail_efr32xg1_gcc_release.a(rail_rf.o)
                0x00015944                RAIL_SetTxTransitions
 .text.RAILCore_SetRxTransitions
                0x0001594e       0x38 C:\Users\nikhi\SimplicityStudio\v4_workspacedemo\HW4_BLE\platform\radio\rail_lib\autogen\librail_release\librail_efr32xg1_gcc_release.a(rail_rf.o)
                0x0001594e                RAILCore_SetRxTransitions
 .text.RAIL_SetRxTransitions
                0x00015986        0xa C:\Users\nikhi\SimplicityStudio\v4_workspacedemo\HW4_BLE\platform\radio\rail_lib\autogen\librail_release\librail_efr32xg1_gcc_release.a(rail_rf.o)
                0x00015986                RAIL_SetRxTransitions
 .text.RAIL_ConfigEvents
                0x00015990       0x14 C:\Users\nikhi\SimplicityStudio\v4_workspacedemo\HW4_BLE\platform\radio\rail_lib\autogen\librail_release\librail_efr32xg1_gcc_release.a(rail_rf.o)
                0x00015990                RAIL_ConfigEvents
 .text.RAIL_ConfigRxOptions
                0x000159a4        0xa C:\Users\nikhi\SimplicityStudio\v4_workspacedemo\HW4_BLE\platform\radio\rail_lib\autogen\librail_release\librail_efr32xg1_gcc_release.a(rail_rx.o)
                0x000159a4                RAIL_ConfigRxOptions
 .text.RAILCore_ScheduleRx
                0x000159ae       0x2c C:\Users\nikhi\SimplicityStudio\v4_workspacedemo\HW4_BLE\platform\radio\rail_lib\autogen\librail_release\librail_efr32xg1_gcc_release.a(rail_rx.o)
                0x000159ae                RAILCore_ScheduleRx
 .text.RAILInt_PreTxOps
                0x000159da       0x1c C:\Users\nikhi\SimplicityStudio\v4_workspacedemo\HW4_BLE\platform\radio\rail_lib\autogen\librail_release\librail_efr32xg1_gcc_release.a(rail_tx.o)
                0x000159da                RAILInt_PreTxOps
 .text.RAILCore_StartTx
                0x000159f6       0x1a C:\Users\nikhi\SimplicityStudio\v4_workspacedemo\HW4_BLE\platform\radio\rail_lib\autogen\librail_release\librail_efr32xg1_gcc_release.a(rail_tx.o)
                0x000159f6                RAILCore_StartTx
 .text.RAILCore_StartScheduledTx
                0x00015a10       0x1e C:\Users\nikhi\SimplicityStudio\v4_workspacedemo\HW4_BLE\platform\radio\rail_lib\autogen\librail_release\librail_efr32xg1_gcc_release.a(rail_tx.o)
                0x00015a10                RAILCore_StartScheduledTx
 .text.RAIL_SetTxPower
                0x00015a2e        0xa C:\Users\nikhi\SimplicityStudio\v4_workspacedemo\HW4_BLE\platform\radio\rail_lib\autogen\librail_release\librail_efr32xg1_gcc_release.a(rail_tx.o)
                0x00015a2e                RAIL_SetTxPower
 .text.RAIL_GetTxPower
                0x00015a38        0xa C:\Users\nikhi\SimplicityStudio\v4_workspacedemo\HW4_BLE\platform\radio\rail_lib\autogen\librail_release\librail_efr32xg1_gcc_release.a(rail_tx.o)
                0x00015a38                RAIL_GetTxPower
 .text.RAIL_ConfigTxPower
                0x00015a42       0x1a C:\Users\nikhi\SimplicityStudio\v4_workspacedemo\HW4_BLE\platform\radio\rail_lib\autogen\librail_release\librail_efr32xg1_gcc_release.a(rail_tx.o)
                0x00015a42                RAIL_ConfigTxPower
 .text.RAILInt_PendCal
                0x00015a5c       0x24 C:\Users\nikhi\SimplicityStudio\v4_workspacedemo\HW4_BLE\platform\radio\rail_lib\autogen\librail_release\librail_efr32xg1_gcc_release.a(rail_calibration.o)
                0x00015a5c                RAILInt_PendCal
 .text.RAILCb_AssertFailed
                0x00015a80       0x14 C:\Users\nikhi\SimplicityStudio\v4_workspacedemo\HW4_BLE\platform\radio\rail_lib\autogen\librail_release\librail_efr32xg1_gcc_release.a(rail_assert.o)
                0x00015a80                RAILCb_AssertFailed
 .text.RAILInt_Assert
                0x00015a94       0x1c C:\Users\nikhi\SimplicityStudio\v4_workspacedemo\HW4_BLE\platform\radio\rail_lib\autogen\librail_release\librail_efr32xg1_gcc_release.a(rail_assert.o)
                0x00015a94                RAILInt_Assert
 .text.RAILCore_GetRadioEntropy
                0x00015ab0        0x4 C:\Users\nikhi\SimplicityStudio\v4_workspacedemo\HW4_BLE\platform\radio\rail_lib\autogen\librail_release\librail_efr32xg1_gcc_release.a(rail_rssi.o)
                0x00015ab0                RAILCore_GetRadioEntropy
 .text.BUFC_ReadHelper
                0x00015ab4       0x7c C:\Users\nikhi\SimplicityStudio\v4_workspacedemo\HW4_BLE\platform\radio\rail_lib\autogen\librail_release\librail_efr32xg1_gcc_release.a(bufc.o)
 .text.checkAndAddRxLenOverflowEntry
                0x00015b30       0x3c C:\Users\nikhi\SimplicityStudio\v4_workspacedemo\HW4_BLE\platform\radio\rail_lib\autogen\librail_release\librail_efr32xg1_gcc_release.a(bufc.o)
 .text.BUFC_SetTxBuffer
                0x00015b6c       0x38 C:\Users\nikhi\SimplicityStudio\v4_workspacedemo\HW4_BLE\platform\radio\rail_lib\autogen\librail_release\librail_efr32xg1_gcc_release.a(bufc.o)
                0x00015b6c                BUFC_SetTxBuffer
 .text.BUFC_WriteBuffer
                0x00015ba4       0xa8 C:\Users\nikhi\SimplicityStudio\v4_workspacedemo\HW4_BLE\platform\radio\rail_lib\autogen\librail_release\librail_efr32xg1_gcc_release.a(bufc.o)
                0x00015ba4                BUFC_WriteBuffer
 .text.BUFC_Peek
                0x00015c4c       0x12 C:\Users\nikhi\SimplicityStudio\v4_workspacedemo\HW4_BLE\platform\radio\rail_lib\autogen\librail_release\librail_efr32xg1_gcc_release.a(bufc.o)
                0x00015c4c                BUFC_Peek
 .text.BUFC_PeekByte
                0x00015c5e       0x34 C:\Users\nikhi\SimplicityStudio\v4_workspacedemo\HW4_BLE\platform\radio\rail_lib\autogen\librail_release\librail_efr32xg1_gcc_release.a(bufc.o)
                0x00015c5e                BUFC_PeekByte
 *fill*         0x00015c92        0x2 
 .text.BUFC_GetSpaceAvailable
                0x00015c94       0x28 C:\Users\nikhi\SimplicityStudio\v4_workspacedemo\HW4_BLE\platform\radio\rail_lib\autogen\librail_release\librail_efr32xg1_gcc_release.a(bufc.o)
                0x00015c94                BUFC_GetSpaceAvailable
 .text.BUFC_GetBytesAvailable
                0x00015cbc       0x14 C:\Users\nikhi\SimplicityStudio\v4_workspacedemo\HW4_BLE\platform\radio\rail_lib\autogen\librail_release\librail_efr32xg1_gcc_release.a(bufc.o)
                0x00015cbc                BUFC_GetBytesAvailable
 .text.BUFC_TxAckBufferSet
                0x00015cd0       0x38 C:\Users\nikhi\SimplicityStudio\v4_workspacedemo\HW4_BLE\platform\radio\rail_lib\autogen\librail_release\librail_efr32xg1_gcc_release.a(bufc.o)
                0x00015cd0                BUFC_TxAckBufferSet
 .text.BUFC_TxAckBufferReset
                0x00015d08        0x8 C:\Users\nikhi\SimplicityStudio\v4_workspacedemo\HW4_BLE\platform\radio\rail_lib\autogen\librail_release\librail_efr32xg1_gcc_release.a(bufc.o)
                0x00015d08                BUFC_TxAckBufferReset
 .text.BUFC_RxBufferReset
                0x00015d10       0x5c C:\Users\nikhi\SimplicityStudio\v4_workspacedemo\HW4_BLE\platform\radio\rail_lib\autogen\librail_release\librail_efr32xg1_gcc_release.a(bufc.o)
                0x00015d10                BUFC_RxBufferReset
 .text.BUFC_Init
                0x00015d6c       0x98 C:\Users\nikhi\SimplicityStudio\v4_workspacedemo\HW4_BLE\platform\radio\rail_lib\autogen\librail_release\librail_efr32xg1_gcc_release.a(bufc.o)
                0x00015d6c                BUFC_Init
 .text.BUFC_RxBufferBytesAvailable
                0x00015e04       0x10 C:\Users\nikhi\SimplicityStudio\v4_workspacedemo\HW4_BLE\platform\radio\rail_lib\autogen\librail_release\librail_efr32xg1_gcc_release.a(bufc.o)
                0x00015e04                BUFC_RxBufferBytesAvailable
 .text.BUFC_ReleaseRxPacket
                0x00015e14      0x10c C:\Users\nikhi\SimplicityStudio\v4_workspacedemo\HW4_BLE\platform\radio\rail_lib\autogen\librail_release\librail_efr32xg1_gcc_release.a(bufc.o)
                0x00015e14                BUFC_ReleaseRxPacket
 .text.BUFC_StartRxLenThrEvent
                0x00015f20       0x8c C:\Users\nikhi\SimplicityStudio\v4_workspacedemo\HW4_BLE\platform\radio\rail_lib\autogen\librail_release\librail_efr32xg1_gcc_release.a(bufc.o)
                0x00015f20                BUFC_StartRxLenThrEvent
 .text.BUFC_EndRxLenThrEvent
                0x00015fac       0x1c C:\Users\nikhi\SimplicityStudio\v4_workspacedemo\HW4_BLE\platform\radio\rail_lib\autogen\librail_release\librail_efr32xg1_gcc_release.a(bufc.o)
                0x00015fac                BUFC_EndRxLenThrEvent
 .text.BUFC_HandleRxLenOvfEvent
                0x00015fc8       0x28 C:\Users\nikhi\SimplicityStudio\v4_workspacedemo\HW4_BLE\platform\radio\rail_lib\autogen\librail_release\librail_efr32xg1_gcc_release.a(bufc.o)
                0x00015fc8                BUFC_HandleRxLenOvfEvent
 .text.BUFC_GetRxPacketInfo
                0x00015ff0      0x138 C:\Users\nikhi\SimplicityStudio\v4_workspacedemo\HW4_BLE\platform\radio\rail_lib\autogen\librail_release\librail_efr32xg1_gcc_release.a(bufc.o)
                0x00015ff0                BUFC_GetRxPacketInfo
 .text.IRCAL_Set
                0x00016128       0x1c C:\Users\nikhi\SimplicityStudio\v4_workspacedemo\HW4_BLE\platform\radio\rail_lib\autogen\librail_release\librail_efr32xg1_gcc_release.a(ir_cal.o)
                0x00016128                IRCAL_Set
 .text.IRCAL_Init
                0x00016144       0xa8 C:\Users\nikhi\SimplicityStudio\v4_workspacedemo\HW4_BLE\platform\radio\rail_lib\autogen\librail_release\librail_efr32xg1_gcc_release.a(ir_cal.o)
                0x00016144                IRCAL_Init
 .text.PA_ProtectPa
                0x000161ec       0xbc C:\Users\nikhi\SimplicityStudio\v4_workspacedemo\HW4_BLE\platform\radio\rail_lib\autogen\librail_release\librail_efr32xg1_gcc_release.a(pa.o)
 .text.getRampTimeFromLevelAndRate
                0x000162a8       0x20 C:\Users\nikhi\SimplicityStudio\v4_workspacedemo\HW4_BLE\platform\radio\rail_lib\autogen\librail_release\librail_efr32xg1_gcc_release.a(pa.o)
 .text.PA_GetTxPowerConfig
                0x000162c8       0x14 C:\Users\nikhi\SimplicityStudio\v4_workspacedemo\HW4_BLE\platform\radio\rail_lib\autogen\librail_release\librail_efr32xg1_gcc_release.a(pa.o)
                0x000162c8                PA_GetTxPowerConfig
 .text.PA_GetPowerLevel
                0x000162dc        0xc C:\Users\nikhi\SimplicityStudio\v4_workspacedemo\HW4_BLE\platform\radio\rail_lib\autogen\librail_release\librail_efr32xg1_gcc_release.a(pa.o)
                0x000162dc                PA_GetPowerLevel
 .text.PA_SetPowerLevel
                0x000162e8      0x194 C:\Users\nikhi\SimplicityStudio\v4_workspacedemo\HW4_BLE\platform\radio\rail_lib\autogen\librail_release\librail_efr32xg1_gcc_release.a(pa.o)
                0x000162e8                PA_SetPowerLevel
 .text.PA_RunPeakDetectorHigh
                0x0001647c       0x4c C:\Users\nikhi\SimplicityStudio\v4_workspacedemo\HW4_BLE\platform\radio\rail_lib\autogen\librail_release\librail_efr32xg1_gcc_release.a(pa.o)
                0x0001647c                PA_RunPeakDetectorHigh
 .text.PA_RunPeakDetectorLow
                0x000164c8        0x2 C:\Users\nikhi\SimplicityStudio\v4_workspacedemo\HW4_BLE\platform\radio\rail_lib\autogen\librail_release\librail_efr32xg1_gcc_release.a(pa.o)
                0x000164c8                PA_RunPeakDetectorLow
 *fill*         0x000164ca        0x2 
 .text.PA_RunBatHigh
                0x000164cc       0x2c C:\Users\nikhi\SimplicityStudio\v4_workspacedemo\HW4_BLE\platform\radio\rail_lib\autogen\librail_release\librail_efr32xg1_gcc_release.a(pa.o)
                0x000164cc                PA_RunBatHigh
 .text.PA_GetRampTime
                0x000164f8        0xc C:\Users\nikhi\SimplicityStudio\v4_workspacedemo\HW4_BLE\platform\radio\rail_lib\autogen\librail_release\librail_efr32xg1_gcc_release.a(pa.o)
                0x000164f8                PA_GetRampTime
 .text.PA_ConfigRamp
                0x00016504       0x20 C:\Users\nikhi\SimplicityStudio\v4_workspacedemo\HW4_BLE\platform\radio\rail_lib\autogen\librail_release\librail_efr32xg1_gcc_release.a(pa.o)
                0x00016504                PA_ConfigRamp
 .text.PA_CalcRampTime
                0x00016524       0x44 C:\Users\nikhi\SimplicityStudio\v4_workspacedemo\HW4_BLE\platform\radio\rail_lib\autogen\librail_release\librail_efr32xg1_gcc_release.a(pa.o)
                0x00016524                PA_CalcRampTime
 .text.PA_SetRampTime
                0x00016568       0xac C:\Users\nikhi\SimplicityStudio\v4_workspacedemo\HW4_BLE\platform\radio\rail_lib\autogen\librail_release\librail_efr32xg1_gcc_release.a(pa.o)
                0x00016568                PA_SetRampTime
 .text.PA_SelectBand
                0x00016614       0x50 C:\Users\nikhi\SimplicityStudio\v4_workspacedemo\HW4_BLE\platform\radio\rail_lib\autogen\librail_release\librail_efr32xg1_gcc_release.a(pa.o)
                0x00016614                PA_SelectBand
 .text.PA_Config
                0x00016664      0x15c C:\Users\nikhi\SimplicityStudio\v4_workspacedemo\HW4_BLE\platform\radio\rail_lib\autogen\librail_release\librail_efr32xg1_gcc_release.a(pa.o)
                0x00016664                PA_Config
 .text.PA_UpdateConfig
                0x000167c0       0x38 C:\Users\nikhi\SimplicityStudio\v4_workspacedemo\HW4_BLE\platform\radio\rail_lib\autogen\librail_release\librail_efr32xg1_gcc_release.a(pa.o)
                0x000167c0                PA_UpdateConfig
 .text.PROTIMER_Init
                0x000167f8      0x108 C:\Users\nikhi\SimplicityStudio\v4_workspacedemo\HW4_BLE\platform\radio\rail_lib\autogen\librail_release\librail_efr32xg1_gcc_release.a(protimer.o)
                0x000167f8                PROTIMER_Init
 .text.PROTIMER_Start
                0x00016900       0x1c C:\Users\nikhi\SimplicityStudio\v4_workspacedemo\HW4_BLE\platform\radio\rail_lib\autogen\librail_release\librail_efr32xg1_gcc_release.a(protimer.o)
                0x00016900                PROTIMER_Start
 .text.PROTIMER_IsRunning
                0x0001691c       0x10 C:\Users\nikhi\SimplicityStudio\v4_workspacedemo\HW4_BLE\platform\radio\rail_lib\autogen\librail_release\librail_efr32xg1_gcc_release.a(protimer.o)
                0x0001691c                PROTIMER_IsRunning
 .text.PROTIMER_ElapsedTime
                0x0001692c       0x18 C:\Users\nikhi\SimplicityStudio\v4_workspacedemo\HW4_BLE\platform\radio\rail_lib\autogen\librail_release\librail_efr32xg1_gcc_release.a(protimer.o)
                0x0001692c                PROTIMER_ElapsedTime
 .text.PROTIMER_CCTimerStop
                0x00016944       0x20 C:\Users\nikhi\SimplicityStudio\v4_workspacedemo\HW4_BLE\platform\radio\rail_lib\autogen\librail_release\librail_efr32xg1_gcc_release.a(protimer.o)
                0x00016944                PROTIMER_CCTimerStop
 .text.PROTIMER_CCTimerStart
                0x00016964      0x164 C:\Users\nikhi\SimplicityStudio\v4_workspacedemo\HW4_BLE\platform\radio\rail_lib\autogen\librail_release\librail_efr32xg1_gcc_release.a(protimer.o)
                0x00016964                PROTIMER_CCTimerStart
 .text.PROTIMER_WrapMultiple
                0x00016ac8       0x12 C:\Users\nikhi\SimplicityStudio\v4_workspacedemo\HW4_BLE\platform\radio\rail_lib\autogen\librail_release\librail_efr32xg1_gcc_release.a(protimer.o)
                0x00016ac8                PROTIMER_WrapMultiple
 *fill*         0x00016ada        0x2 
 .text.PROTIMER_CCTimerIsEnabled
                0x00016adc       0x10 C:\Users\nikhi\SimplicityStudio\v4_workspacedemo\HW4_BLE\platform\radio\rail_lib\autogen\librail_release\librail_efr32xg1_gcc_release.a(protimer.o)
                0x00016adc                PROTIMER_CCTimerIsEnabled
 .text.PROTIMER_CCTimerCapture
                0x00016aec       0x14 C:\Users\nikhi\SimplicityStudio\v4_workspacedemo\HW4_BLE\platform\radio\rail_lib\autogen\librail_release\librail_efr32xg1_gcc_release.a(protimer.o)
                0x00016aec                PROTIMER_CCTimerCapture
 .text.PROTIMER_ScheduleTxEnable
                0x00016b00       0x2c C:\Users\nikhi\SimplicityStudio\v4_workspacedemo\HW4_BLE\platform\radio\rail_lib\autogen\librail_release\librail_efr32xg1_gcc_release.a(protimer.o)
                0x00016b00                PROTIMER_ScheduleTxEnable
 .text.PROTIMER_ClearTxEnable
                0x00016b2c        0xc C:\Users\nikhi\SimplicityStudio\v4_workspacedemo\HW4_BLE\platform\radio\rail_lib\autogen\librail_release\librail_efr32xg1_gcc_release.a(protimer.o)
                0x00016b2c                PROTIMER_ClearTxEnable
 .text.PROTIMER_ScheduleRxEnable
                0x00016b38       0x2c C:\Users\nikhi\SimplicityStudio\v4_workspacedemo\HW4_BLE\platform\radio\rail_lib\autogen\librail_release\librail_efr32xg1_gcc_release.a(protimer.o)
                0x00016b38                PROTIMER_ScheduleRxEnable
 .text.PROTIMER_ScheduleRxDisable
                0x00016b64       0x38 C:\Users\nikhi\SimplicityStudio\v4_workspacedemo\HW4_BLE\platform\radio\rail_lib\autogen\librail_release\librail_efr32xg1_gcc_release.a(protimer.o)
                0x00016b64                PROTIMER_ScheduleRxDisable
 .text.PROTIMER_ClearRxEnable
                0x00016b9c       0x10 C:\Users\nikhi\SimplicityStudio\v4_workspacedemo\HW4_BLE\platform\radio\rail_lib\autogen\librail_release\librail_efr32xg1_gcc_release.a(protimer.o)
                0x00016b9c                PROTIMER_ClearRxEnable
 .text.PROTIMER_GetTime
                0x00016bac        0xc C:\Users\nikhi\SimplicityStudio\v4_workspacedemo\HW4_BLE\platform\radio\rail_lib\autogen\librail_release\librail_efr32xg1_gcc_release.a(protimer.o)
                0x00016bac                PROTIMER_GetTime
 .text.PROTIMER_GetCCTime
                0x00016bb8        0xc C:\Users\nikhi\SimplicityStudio\v4_workspacedemo\HW4_BLE\platform\radio\rail_lib\autogen\librail_release\librail_efr32xg1_gcc_release.a(protimer.o)
                0x00016bb8                PROTIMER_GetCCTime
 .text.PROTIMER_LBTStop
                0x00016bc4       0x18 C:\Users\nikhi\SimplicityStudio\v4_workspacedemo\HW4_BLE\platform\radio\rail_lib\autogen\librail_release\librail_efr32xg1_gcc_release.a(protimer.o)
                0x00016bc4                PROTIMER_LBTStop
 .text.PROTIMER_PrecntOverflowToUs
                0x00016bdc       0x38 C:\Users\nikhi\SimplicityStudio\v4_workspacedemo\HW4_BLE\platform\radio\rail_lib\autogen\librail_release\librail_efr32xg1_gcc_release.a(protimer.o)
                0x00016bdc                PROTIMER_PrecntOverflowToUs
 .text.PROTIMER_UsToPrecntOverflow
                0x00016c14       0x2c C:\Users\nikhi\SimplicityStudio\v4_workspacedemo\HW4_BLE\platform\radio\rail_lib\autogen\librail_release\librail_efr32xg1_gcc_release.a(protimer.o)
                0x00016c14                PROTIMER_UsToPrecntOverflow
 .text.PROTIMER_DelayUs
                0x00016c40       0x44 C:\Users\nikhi\SimplicityStudio\v4_workspacedemo\HW4_BLE\platform\radio\rail_lib\autogen\librail_release\librail_efr32xg1_gcc_release.a(protimer.o)
                0x00016c40                PROTIMER_DelayUs
 .text.PROTIMER_CheckCcaReallyFailed
                0x00016c84       0xbc C:\Users\nikhi\SimplicityStudio\v4_workspacedemo\HW4_BLE\platform\radio\rail_lib\autogen\librail_release\librail_efr32xg1_gcc_release.a(protimer.o)
                0x00016c84                PROTIMER_CheckCcaReallyFailed
 .text.PTI_EnableAppendedInfo
                0x00016d40       0x18 C:\Users\nikhi\SimplicityStudio\v4_workspacedemo\HW4_BLE\platform\radio\rail_lib\autogen\librail_release\librail_efr32xg1_gcc_release.a(pti.o)
                0x00016d40                PTI_EnableAppendedInfo
 .text.PTI_Enable
                0x00016d58       0x58 C:\Users\nikhi\SimplicityStudio\v4_workspacedemo\HW4_BLE\platform\radio\rail_lib\autogen\librail_release\librail_efr32xg1_gcc_release.a(pti.o)
                0x00016d58                PTI_Enable
 .text.PTI_AuxdataOutput
                0x00016db0       0x1c C:\Users\nikhi\SimplicityStudio\v4_workspacedemo\HW4_BLE\platform\radio\rail_lib\autogen\librail_release\librail_efr32xg1_gcc_release.a(pti.o)
                0x00016db0                PTI_AuxdataOutput
 .text.PTI_EnableSyncword
                0x00016dcc       0x18 C:\Users\nikhi\SimplicityStudio\v4_workspacedemo\HW4_BLE\platform\radio\rail_lib\autogen\librail_release\librail_efr32xg1_gcc_release.a(pti.o)
                0x00016dcc                PTI_EnableSyncword
 .text.RADIO_SetAndForgetWrite
                0x00016de4       0x8c C:\Users\nikhi\SimplicityStudio\v4_workspacedemo\HW4_BLE\platform\radio\rail_lib\autogen\librail_release\librail_efr32xg1_gcc_release.a(radio.o)
                0x00016de4                RADIO_SetAndForgetWrite
 .text.RADIO_SeqInit
                0x00016e70       0x68 C:\Users\nikhi\SimplicityStudio\v4_workspacedemo\HW4_BLE\platform\radio\rail_lib\autogen\librail_release\librail_efr32xg1_gcc_release.a(radio.o)
                0x00016e70                RADIO_SeqInit
 .text.RADIO_CLKEnable
                0x00016ed8       0x68 C:\Users\nikhi\SimplicityStudio\v4_workspacedemo\HW4_BLE\platform\radio\rail_lib\autogen\librail_release\librail_efr32xg1_gcc_release.a(radio.o)
                0x00016ed8                RADIO_CLKEnable
 .text.RADIO_Init
                0x00016f40       0x40 C:\Users\nikhi\SimplicityStudio\v4_workspacedemo\HW4_BLE\platform\radio\rail_lib\autogen\librail_release\librail_efr32xg1_gcc_release.a(radio.o)
                0x00016f40                RADIO_Init
 .text.RADIO_Config
                0x00016f80       0xa8 C:\Users\nikhi\SimplicityStudio\v4_workspacedemo\HW4_BLE\platform\radio\rail_lib\autogen\librail_release\librail_efr32xg1_gcc_release.a(radio.o)
                0x00016f80                RADIO_Config
 .text.RADIO_IsRxOnForRssi
                0x00017028       0x18 C:\Users\nikhi\SimplicityStudio\v4_workspacedemo\HW4_BLE\platform\radio\rail_lib\autogen\librail_release\librail_efr32xg1_gcc_release.a(radio.o)
                0x00017028                RADIO_IsRxOnForRssi
 .text.RADIO_RxTrailDataLength
                0x00017040       0x3c C:\Users\nikhi\SimplicityStudio\v4_workspacedemo\HW4_BLE\platform\radio\rail_lib\autogen\librail_release\librail_efr32xg1_gcc_release.a(radio.o)
                0x00017040                RADIO_RxTrailDataLength
 .text.RADIO_FrameControlDescrBufferIdSet
                0x0001707c       0x20 C:\Users\nikhi\SimplicityStudio\v4_workspacedemo\HW4_BLE\platform\radio\rail_lib\autogen\librail_release\librail_efr32xg1_gcc_release.a(radio.o)
                0x0001707c                RADIO_FrameControlDescrBufferIdSet
 .text.RADIO_ComputeTxBaudrate
                0x0001709c       0x28 C:\Users\nikhi\SimplicityStudio\v4_workspacedemo\HW4_BLE\platform\radio\rail_lib\autogen\librail_release\librail_efr32xg1_gcc_release.a(radio.o)
                0x0001709c                RADIO_ComputeTxBaudrate
 .text.RADIO_ComputeTxSymbolRate
                0x000170c4       0x2c C:\Users\nikhi\SimplicityStudio\v4_workspacedemo\HW4_BLE\platform\radio\rail_lib\autogen\librail_release\librail_efr32xg1_gcc_release.a(radio.o)
                0x000170c4                RADIO_ComputeTxSymbolRate
 .text.RADIO_ComputeTxBitRate
                0x000170f0       0x50 C:\Users\nikhi\SimplicityStudio\v4_workspacedemo\HW4_BLE\platform\radio\rail_lib\autogen\librail_release\librail_efr32xg1_gcc_release.a(radio.o)
                0x000170f0                RADIO_ComputeTxBitRate
 .text.RADIO_GetRssi
                0x00017140       0x54 C:\Users\nikhi\SimplicityStudio\v4_workspacedemo\HW4_BLE\platform\radio\rail_lib\autogen\librail_release\librail_efr32xg1_gcc_release.a(radio.o)
                0x00017140                RADIO_GetRssi
 .text.RADIO_SetCRCInitVal
                0x00017194       0x10 C:\Users\nikhi\SimplicityStudio\v4_workspacedemo\HW4_BLE\platform\radio\rail_lib\autogen\librail_release\librail_efr32xg1_gcc_release.a(radio.o)
                0x00017194                RADIO_SetCRCInitVal
 .text.RADIO_RACClearRxOverflow
                0x000171a4       0x20 C:\Users\nikhi\SimplicityStudio\v4_workspacedemo\HW4_BLE\platform\radio\rail_lib\autogen\librail_release\librail_efr32xg1_gcc_release.a(radio.o)
                0x000171a4                RADIO_RACClearRxOverflow
 .text.RFSENSE_Disable
                0x000171c4       0x44 C:\Users\nikhi\SimplicityStudio\v4_workspacedemo\HW4_BLE\platform\radio\rail_lib\autogen\librail_release\librail_efr32xg1_gcc_release.a(rfsense.o)
 .text.RFSENSE_Sensed
                0x00017208       0x50 C:\Users\nikhi\SimplicityStudio\v4_workspacedemo\HW4_BLE\platform\radio\rail_lib\autogen\librail_release\librail_efr32xg1_gcc_release.a(rfsense.o)
                0x00017208                RFSENSE_Sensed
 .text.RFSENSE_IRQHandler
                0x00017258        0x4 C:\Users\nikhi\SimplicityStudio\v4_workspacedemo\HW4_BLE\platform\radio\rail_lib\autogen\librail_release\librail_efr32xg1_gcc_release.a(rfsense.o)
                0x00017258                RFSENSE_IRQHandler
 .text.RTCCSYNC_RTCCClockFreqGet
                0x0001725c       0x30 C:\Users\nikhi\SimplicityStudio\v4_workspacedemo\HW4_BLE\platform\radio\rail_lib\autogen\librail_release\librail_efr32xg1_gcc_release.a(rtccsync.o)
 .text.RTCCSYNC_Init
                0x0001728c       0x10 C:\Users\nikhi\SimplicityStudio\v4_workspacedemo\HW4_BLE\platform\radio\rail_lib\autogen\librail_release\librail_efr32xg1_gcc_release.a(rtccsync.o)
                0x0001728c                RTCCSYNC_Init
 .text.RTCCSYNC_PreSleep
                0x0001729c      0x260 C:\Users\nikhi\SimplicityStudio\v4_workspacedemo\HW4_BLE\platform\radio\rail_lib\autogen\librail_release\librail_efr32xg1_gcc_release.a(rtccsync.o)
                0x0001729c                RTCCSYNC_PreSleep
 .text.RTCCSYNC_PostWakeUp
                0x000174fc      0x1c4 C:\Users\nikhi\SimplicityStudio\v4_workspacedemo\HW4_BLE\platform\radio\rail_lib\autogen\librail_release\librail_efr32xg1_gcc_release.a(rtccsync.o)
                0x000174fc                RTCCSYNC_PostWakeUp
 .text.SYNTH_RfFreqGet
                0x000176c0        0xc C:\Users\nikhi\SimplicityStudio\v4_workspacedemo\HW4_BLE\platform\radio\rail_lib\autogen\librail_release\librail_efr32xg1_gcc_release.a(synth.o)
                0x000176c0                SYNTH_RfFreqGet
 .text.SYNTH_ChSpacingGet
                0x000176cc        0xc C:\Users\nikhi\SimplicityStudio\v4_workspacedemo\HW4_BLE\platform\radio\rail_lib\autogen\librail_release\librail_efr32xg1_gcc_release.a(synth.o)
                0x000176cc                SYNTH_ChSpacingGet
 .text.SYNTH_LoDivGet
                0x000176d8       0x20 C:\Users\nikhi\SimplicityStudio\v4_workspacedemo\HW4_BLE\platform\radio\rail_lib\autogen\librail_release\librail_efr32xg1_gcc_release.a(synth.o)
                0x000176d8                SYNTH_LoDivGet
 .text.SYNTH_Is2p4GHz
                0x000176f8       0x14 C:\Users\nikhi\SimplicityStudio\v4_workspacedemo\HW4_BLE\platform\radio\rail_lib\autogen\librail_release\librail_efr32xg1_gcc_release.a(synth.o)
                0x000176f8                SYNTH_Is2p4GHz
 .text.SYNTH_VcoRangeIsValid
                0x0001770c       0x30 C:\Users\nikhi\SimplicityStudio\v4_workspacedemo\HW4_BLE\platform\radio\rail_lib\autogen\librail_release\librail_efr32xg1_gcc_release.a(synth.o)
                0x0001770c                SYNTH_VcoRangeIsValid
 .text.SYNTH_RetimeLimitsConfig