Archive member included because of file (symbol)

C:\Users\Shreya\SimplicityStudio\v4_workspace\LED_BLINKY_SDK2_7\platform\radio\rail_lib\autogen\librail_release\librail_efr32xg1_gcc_release.a(rail_pti.o)
                              ./pti.o (RAIL_ConfigPti)
C:\Users\Shreya\SimplicityStudio\v4_workspace\LED_BLINKY_SDK2_7\platform\radio\rail_lib\autogen\librail_release\librail_efr32xg1_gcc_release.a(rail_rf_hal.o)
                              C:\Users\Shreya\SimplicityStudio\v4_workspace\LED_BLINKY_SDK2_7\platform\radio\rail_lib\autogen\librail_release\librail_efr32xg1_gcc_release.a(rail_pti.o) (RFHAL_ConfigPti)
C:\Users\Shreya\SimplicityStudio\v4_workspace\LED_BLINKY_SDK2_7\platform\radio\rail_lib\autogen\librail_release\librail_efr32xg1_gcc_release.a(rail_singleprotocol.o)
                              C:\Users\Shreya\SimplicityStudio\v4_workspace\LED_BLINKY_SDK2_7\platform\radio\rail_lib\autogen\librail_release\librail_efr32xg1_gcc_release.a(rail_rf_hal.o) (RAIL_ActiveHandle)
C:\Users\Shreya\SimplicityStudio\v4_workspace\LED_BLINKY_SDK2_7\platform\radio\rail_lib\autogen\librail_release\librail_efr32xg1_gcc_release.a(rail_rf.o)
                              C:\Users\Shreya\SimplicityStudio\v4_workspace\LED_BLINKY_SDK2_7\platform\radio\rail_lib\autogen\librail_release\librail_efr32xg1_gcc_release.a(rail_singleprotocol.o) (RAILCore_Init)
C:\Users\Shreya\SimplicityStudio\v4_workspace\LED_BLINKY_SDK2_7\platform\radio\rail_lib\autogen\librail_release\librail_efr32xg1_gcc_release.a(rail_rx.o)
                              C:\Users\Shreya\SimplicityStudio\v4_workspace\LED_BLINKY_SDK2_7\platform\radio\rail_lib\autogen\librail_release\librail_efr32xg1_gcc_release.a(rail_rf_hal.o) (RAILCore_StartRx)
C:\Users\Shreya\SimplicityStudio\v4_workspace\LED_BLINKY_SDK2_7\platform\radio\rail_lib\autogen\librail_release\librail_efr32xg1_gcc_release.a(rail_tx.o)
                              C:\Users\Shreya\SimplicityStudio\v4_workspace\LED_BLINKY_SDK2_7\platform\radio\rail_lib\autogen\librail_release\librail_efr32xg1_gcc_release.a(rail_singleprotocol.o) (RAILCore_StartTx)
C:\Users\Shreya\SimplicityStudio\v4_workspace\LED_BLINKY_SDK2_7\platform\radio\rail_lib\autogen\librail_release\librail_efr32xg1_gcc_release.a(rail_calibration.o)
                              C:\Users\Shreya\SimplicityStudio\v4_workspace\LED_BLINKY_SDK2_7\platform\radio\rail_lib\autogen\librail_release\librail_efr32xg1_gcc_release.a(rail_rf_hal.o) (RAILInt_PendCal)
C:\Users\Shreya\SimplicityStudio\v4_workspace\LED_BLINKY_SDK2_7\platform\radio\rail_lib\autogen\librail_release\librail_efr32xg1_gcc_release.a(rail_assert.o)
                              C:\Users\Shreya\SimplicityStudio\v4_workspace\LED_BLINKY_SDK2_7\platform\radio\rail_lib\autogen\librail_release\librail_efr32xg1_gcc_release.a(rail_rf.o) (RAILInt_Assert)
C:\Users\Shreya\SimplicityStudio\v4_workspace\LED_BLINKY_SDK2_7\platform\radio\rail_lib\autogen\librail_release\librail_efr32xg1_gcc_release.a(rail_rssi.o)
                              C:\Users\Shreya\SimplicityStudio\v4_workspace\LED_BLINKY_SDK2_7\platform\radio\rail_lib\autogen\librail_release\librail_efr32xg1_gcc_release.a(rail_singleprotocol.o) (RAILCore_GetRssi)
C:\Users\Shreya\SimplicityStudio\v4_workspace\LED_BLINKY_SDK2_7\platform\radio\rail_lib\autogen\librail_release\librail_efr32xg1_gcc_release.a(bufc.o)
                              C:\Users\Shreya\SimplicityStudio\v4_workspace\LED_BLINKY_SDK2_7\platform\radio\rail_lib\autogen\librail_release\librail_efr32xg1_gcc_release.a(rail_rf_hal.o) (BUFC_SetTxBuffer)
C:\Users\Shreya\SimplicityStudio\v4_workspace\LED_BLINKY_SDK2_7\platform\radio\rail_lib\autogen\librail_release\librail_efr32xg1_gcc_release.a(ir_cal.o)
                              C:\Users\Shreya\SimplicityStudio\v4_workspace\LED_BLINKY_SDK2_7\platform\radio\rail_lib\autogen\librail_release\librail_efr32xg1_gcc_release.a(rail_rf_hal.o) (IRCAL_Set)
C:\Users\Shreya\SimplicityStudio\v4_workspace\LED_BLINKY_SDK2_7\platform\radio\rail_lib\autogen\librail_release\librail_efr32xg1_gcc_release.a(pa.o)
                              C:\Users\Shreya\SimplicityStudio\v4_workspace\LED_BLINKY_SDK2_7\platform\radio\rail_lib\autogen\librail_release\librail_efr32xg1_gcc_release.a(rail_rf_hal.o) (PA_GetTxPowerConfig)
C:\Users\Shreya\SimplicityStudio\v4_workspace\LED_BLINKY_SDK2_7\platform\radio\rail_lib\autogen\librail_release\librail_efr32xg1_gcc_release.a(protimer.o)
                              C:\Users\Shreya\SimplicityStudio\v4_workspace\LED_BLINKY_SDK2_7\platform\radio\rail_lib\autogen\librail_release\librail_efr32xg1_gcc_release.a(rail_rf_hal.o) (PROTIMER_Start)
C:\Users\Shreya\SimplicityStudio\v4_workspace\LED_BLINKY_SDK2_7\platform\radio\rail_lib\autogen\librail_release\librail_efr32xg1_gcc_release.a(pti.o)
[...]
Memory Configuration

Name             Origin             Length             Attributes
FLASH_BOOTLOADER 0x00000000         0x00004000         xr
FLASH            0x00004000         0x0003b000         xr
RAM              0x20000000         0x00007bfc         xrw
*default*        0x00000000         0xffffffff

Linker script and memory map

LOAD c:/siliconlabs/simplicitystudio/v4/developer/toolchains/gnu_arm/4.9_2015q3/bin/../lib/gcc/arm-none-eabi/4.9.3/armv7e-m/softfp/crti.o
LOAD c:/siliconlabs/simplicitystudio/v4/developer/toolchains/gnu_arm/4.9_2015q3/bin/../lib/gcc/arm-none-eabi/4.9.3/armv7e-m/softfp/crtbegin.o
LOAD c:/siliconlabs/simplicitystudio/v4/developer/toolchains/gnu_arm/4.9_2015q3/bin/../lib/gcc/arm-none-eabi/4.9.3/../../../../arm-none-eabi/lib/armv7e-m/softfp/crt0.o
START GROUP
LOAD ./application_properties.o
LOAD ./gatt_db.o
LOAD ./init_board.o
LOAD ./init_mcu.o
LOAD ./main.o
LOAD ./pti.o
LOAD ./hardware/kit/common/bsp/bsp_stk.o
LOAD ./hardware/kit/common/drivers/mx25flash_spi.o
LOAD ./platform/Device/SiliconLabs/EFR32BG1B/Source/GCC/startup_efr32bg1b.o
LOAD ./platform/Device/SiliconLabs/EFR32BG1B/Source/system_efr32bg1b.o
LOAD ./platform/emdrv/sleep/src/sleep.o
LOAD ./platform/emdrv/tempdrv/src/tempdrv.o
LOAD ./platform/emlib/src/em_cmu.o
LOAD ./platform/emlib/src/em_core.o
LOAD ./platform/emlib/src/em_cryotimer.o
LOAD ./platform/emlib/src/em_crypto.o
LOAD ./platform/emlib/src/em_emu.o
LOAD ./platform/emlib/src/em_gpio.o
LOAD ./platform/emlib/src/em_i2c.o
LOAD ./platform/emlib/src/em_msc.o
LOAD ./platform/emlib/src/em_rmu.o
LOAD ./platform/emlib/src/em_rtcc.o
LOAD ./platform/emlib/src/em_system.o
LOAD ./platform/emlib/src/em_usart.o
LOAD ./src/cmu.o
LOAD ./src/gpio.o
LOAD C:\Users\Shreya\SimplicityStudio\v4_workspace\LED_BLINKY_SDK2_7\protocol\bluetooth_2.7\lib\EFR32BG1B\GCC\libmbedtls.a
LOAD C:\Users\Shreya\SimplicityStudio\v4_workspace\LED_BLINKY_SDK2_7\platform\radio\rail_lib\autogen\librail_release\librail_efr32xg1_gcc_release.a
LOAD C:\Users\Shreya\SimplicityStudio\v4_workspace\LED_BLINKY_SDK2_7\protocol\bluetooth_2.7\lib\EFR32BG1B\GCC\libpsstore.a
LOAD C:\Users\Shreya\SimplicityStudio\v4_workspace\LED_BLINKY_SDK2_7\protocol\bluetooth_2.7\lib\EFR32BG1B\GCC\libbluetooth.a
LOAD C:\Users\Shreya\SimplicityStudio\v4_workspace\LED_BLINKY_SDK2_7\protocol\bluetooth_2.7\lib\EFR32BG1B\GCC\binapploader.o
LOAD c:/siliconlabs/simplicitystudio/v4/developer/toolchains/gnu_arm/4.9_2015q3/bin/../lib/gcc/arm-none-eabi/4.9.3/../../../../arm-none-eabi/lib/armv7e-m/softfp\libm.a
END GROUP
START GROUP
LOAD c:/siliconlabs/simplicitystudio/v4/developer/toolchains/gnu_arm/4.9_2015q3/bin/../lib/gcc/arm-none-eabi/4.9.3/armv7e-m/softfp\libgcc.a
LOAD c:/siliconlabs/simplicitystudio/v4/developer/toolchains/gnu_arm/4.9_2015q3/bin/../lib/gcc/arm-none-eabi/4.9.3/../../../../arm-none-eabi/lib/armv7e-m/softfp\libc_nano.a
LOAD c:/siliconlabs/simplicitystudio/v4/developer/toolchains/gnu_arm/4.9_2015q3/bin/../lib/gcc/arm-none-eabi/4.9.3/../../../../arm-none-eabi/lib/armv7e-m/softfp\libnosys.a
END GROUP
START GROUP
LOAD c:/siliconlabs/simplicitystudio/v4/developer/toolchains/gnu_arm/4.9_2015q3/bin/../lib/gcc/arm-none-eabi/4.9.3/armv7e-m/softfp\libgcc.a
LOAD c:/siliconlabs/simplicitystudio/v4/developer/toolchains/gnu_arm/4.9_2015q3/bin/../lib/gcc/arm-none-eabi/4.9.3/../../../../arm-none-eabi/lib/armv7e-m/softfp\libg_nano.a
LOAD c:/siliconlabs/simplicitystudio/v4/developer/toolchains/gnu_arm/4.9_2015q3/bin/../lib/gcc/arm-none-eabi/4.9.3/../../../../arm-none-eabi/lib/armv7e-m/softfp\libc_nano.a
END GROUP
START GROUP
LOAD c:/siliconlabs/simplicitystudio/v4/developer/toolchains/gnu_arm/4.9_2015q3/bin/../lib/gcc/arm-none-eabi/4.9.3/armv7e-m/softfp\libgcc.a
LOAD c:/siliconlabs/simplicitystudio/v4/developer/toolchains/gnu_arm/4.9_2015q3/bin/../lib/gcc/arm-none-eabi/4.9.3/../../../../arm-none-eabi/lib/armv7e-m/softfp\libc_nano.a
END GROUP
LOAD c:/siliconlabs/simplicitystudio/v4/developer/toolchains/gnu_arm/4.9_2015q3/bin/../lib/gcc/arm-none-eabi/4.9.3/armv7e-m/softfp/crtend.o
LOAD c:/siliconlabs/simplicitystudio/v4/developer/toolchains/gnu_arm/4.9_2015q3/bin/../lib/gcc/arm-none-eabi/4.9.3/armv7e-m/softfp/crtn.o

.text_bootloader
                0x00000000        0x0
 *(.binbootloader*)
                0x00000000                . = ALIGN (0x4000)

.text_apploader
                0x00004000     0x8fc0
 *(.binapploader*)
 .binapploader  0x00004000     0x8fc0 C:\Users\Shreya\SimplicityStudio\v4_workspace\LED_BLINKY_SDK2_7\protocol\bluetooth_2.7\lib\EFR32BG1B\GCC\binapploader.o

.text_signature
                0x0000cfc0       0x40
                0x0000d000                . = ALIGN (0x800)
 *fill*         0x0000cfc0       0x40 
                0x0000d000                __text_start__ = .

.text_application
                0x0000d000    0x1e8a4
 *(.vectors)
 .vectors       0x0000d000       0xc8 ./platform/Device/SiliconLabs/EFR32BG1B/Source/GCC/startup_efr32bg1b.o
                0x0000d000                __Vectors
                0x0000d0c8                __Vectors_End = .
                0x000000c8                __Vectors_Size = (__Vectors_End - __Vectors)
                0x0000d0c8                __end__ = .
 *(.application_properties)
 .application_properties
                0x0000d0c8       0x38 ./application_properties.o
                0x0000d0c8                applicationProperties
 *(.gecko_configuration)
 *(.xo_configuration)
 *(.gatt_header)
 .gatt_header   0x0000d100       0x34 ./gatt_db.o
                0x0000d100                bg_gattdb_data
 *(.gatt_data)
 .gatt_data     0x0000d134      0x1d5 ./gatt_db.o
                0x0000d134                bg_gattdb_data_uuidtable_16_map
                0x0000d150                bg_gattdb_data_uuidtable_128_map
                0x0000d170                bg_gattdb_data_attribute_field_18
                0x0000d178                bg_gattdb_data_attribute_field_17
                0x0000d190                bg_gattdb_data_attribute_field_16
                0x0000d1a4                bg_gattdb_data_attribute_field_15
                0x0000d1ac                bg_gattdb_data_attribute_field_14
                0x0000d1b4                bg_gattdb_data_attribute_field_13
                0x0000d1c0                bg_gattdb_data_attribute_field_12
                0x0000d1c8                bg_gattdb_data_attribute_field_11
                0x0000d1d8                bg_gattdb_data_attribute_field_10
                0x0000d1e0                bg_gattdb_data_attribute_field_9
                0x0000d1e4                bg_gattdb_data_attribute_field_8
                0x0000d1e8                bg_gattdb_data_attribute_field_7
                0x0000d1f0                bg_gattdb_data_attribute_field_6
                0x0000d1f8                bg_gattdb_data_attribute_field_5
                0x0000d200                bg_gattdb_data_attribute_field_4
                0x0000d204                bg_gattdb_data_attribute_field_2
                0x0000d20c                bg_gattdb_data_attribute_field_1
                0x0000d214                bg_gattdb_data_attribute_field_0
                0x0000d218                bg_gattdb_data_attributes_map
                0x0000d2fc                bg_gattdb_data_attributes_dynamic_mapping_map
                0x0000d304                bg_gattdb_data_adv_uuid16_map
                0x0000d308                bg_gattdb_data_adv_uuid128_map
 *(.text*)
 *fill*         0x0000d309        0x3 
 .text          0x0000d30c       0x5c c:/siliconlabs/simplicitystudio/v4/developer/toolchains/gnu_arm/4.9_2015q3/bin/../lib/gcc/arm-none-eabi/4.9.3/armv7e-m/softfp/crtbegin.o
 .text          0x0000d368       0x74 c:/siliconlabs/simplicitystudio/v4/developer/toolchains/gnu_arm/4.9_2015q3/bin/../lib/gcc/arm-none-eabi/4.9.3/../../../../arm-none-eabi/lib/armv7e-m/softfp/crt0.o
                0x0000d368                _start
                0x0000d368                _mainCRTStartup
 .text.initBoard
                0x0000d3dc       0x48 ./init_board.o
                0x0000d3dc                initBoard
 .text.BUS_RegBitWrite
                0x0000d424       0x2c ./init_mcu.o
 .text.SYSTEM_GetProdRev
                0x0000d450       0x1c ./init_mcu.o
 .text.CHIP_Init
                0x0000d46c       0xb4 ./init_mcu.o
 .text.initMcu  0x0000d520       0x70 ./init_mcu.o
                0x0000d520                initMcu
 .text.initMcu_clocks
                0x0000d590       0xa4 ./init_mcu.o
 .text.BUS_RegMaskedSet
                0x0000d634       0x24 ./main.o
 .text.BUS_RegMaskedClear
                0x0000d658       0x24 ./main.o
 .text.GPIO_PinOutClear
                0x0000d67c       0x58 ./main.o
 .text.GPIO_PinOutSet
                0x0000d6d4       0x58 ./main.o
 .text.gecko_initCoexHAL
                0x0000d72c        0xc ./main.o
 .text.gecko_init
                0x0000d738       0x48 ./main.o
 .text.main     0x0000d780       0x80 ./main.o
                0x0000d780                main
 .text.BUS_RegMaskedSet
                0x0000d800       0x24 ./hardware/kit/common/drivers/mx25flash_spi.o
 .text.BUS_RegMaskedClear
                0x0000d824       0x24 ./hardware/kit/common/drivers/mx25flash_spi.o
 .text.GPIO_PinOutClear
                0x0000d848       0x58 ./hardware/kit/common/drivers/mx25flash_spi.o
 .text.GPIO_PinOutSet
                0x0000d8a0       0x58 ./hardware/kit/common/drivers/mx25flash_spi.o
 .text.MX25_init
                0x0000d8f8       0x98 ./hardware/kit/common/drivers/mx25flash_spi.o
                0x0000d8f8                MX25_init
 .text.Wait_Flash_WarmUp
                0x0000d990       0x24 ./hardware/kit/common/drivers/mx25flash_spi.o
                0x0000d990                Wait_Flash_WarmUp
 .text.Initial_Spi
                0x0000d9b4        0xc ./hardware/kit/common/drivers/mx25flash_spi.o
                0x0000d9b4                Initial_Spi
 .text.CS_Low   0x0000d9c0       0x10 ./hardware/kit/common/drivers/mx25flash_spi.o
                0x0000d9c0                CS_Low
 .text.CS_High  0x0000d9d0       0x10 ./hardware/kit/common/drivers/mx25flash_spi.o
                0x0000d9d0                CS_High
 .text.InsertDummyCycle
                0x0000d9e0       0x38 ./hardware/kit/common/drivers/mx25flash_spi.o
                0x0000d9e0                InsertDummyCycle
 .text.SendByte
                0x0000da18       0x3c ./hardware/kit/common/drivers/mx25flash_spi.o
                0x0000da18                SendByte
 .text.MX25_DP  0x0000da54       0x34 ./hardware/kit/common/drivers/mx25flash_spi.o
                0x0000da54                MX25_DP
 .text.Reset_Handler
                0x0000da88       0x3c ./platform/Device/SiliconLabs/EFR32BG1B/Source/GCC/startup_efr32bg1b.o
                0x0000da88                Reset_Handler
 .text.Default_Handler
                0x0000dac4        0x8 ./platform/Device/SiliconLabs/EFR32BG1B/Source/GCC/startup_efr32bg1b.o
                0x0000dac4                DebugMon_Handler
                0x0000dac4                USART0_TX_IRQHandler
                0x0000dac4                I2C0_IRQHandler
                0x0000dac4                HardFault_Handler
                0x0000dac4                SysTick_Handler
                0x0000dac4                USART1_RX_IRQHandler
                0x0000dac4                PendSV_Handler
                0x0000dac4                NMI_Handler
                0x0000dac4                WDOG0_IRQHandler
                0x0000dac4                USART1_TX_IRQHandler
                0x0000dac4                MSC_IRQHandler
                0x0000dac4                ADC0_IRQHandler
                0x0000dac4                UsageFault_Handler
                0x0000dac4                LEUART0_IRQHandler
                0x0000dac4                FPUEH_IRQHandler
                0x0000dac4                GPIO_EVEN_IRQHandler
                0x0000dac4                LDMA_IRQHandler
                0x0000dac4                TIMER0_IRQHandler
                0x0000dac4                LETIMER0_IRQHandler
                0x0000dac4                TIMER1_IRQHandler
                0x0000dac4                Default_Handler
                0x0000dac4                CRYOTIMER_IRQHandler
                0x0000dac4                PCNT0_IRQHandler
                0x0000dac4                ACMP0_IRQHandler
                0x0000dac4                USART0_RX_IRQHandler
                0x0000dac4                MemManage_Handler
                0x0000dac4                SVC_Handler
                0x0000dac4                RTCC_IRQHandler
                0x0000dac4                CRYPTO_IRQHandler
                0x0000dac4                CMU_IRQHandler
                0x0000dac4                GPIO_ODD_IRQHandler
                0x0000dac4                BusFault_Handler
                0x0000dac4                IDAC0_IRQHandler
 .text.SystemCoreClockGet
                0x0000dacc       0x44 ./platform/Device/SiliconLabs/EFR32BG1B/Source/system_efr32bg1b.o
                0x0000dacc                SystemCoreClockGet
 .text.SystemMaxCoreClockGet
                0x0000db10       0x14 ./platform/Device/SiliconLabs/EFR32BG1B/Source/system_efr32bg1b.o
                0x0000db10                SystemMaxCoreClockGet
 .text.SystemHFClockGet
                0x0000db24       0x70 ./platform/Device/SiliconLabs/EFR32BG1B/Source/system_efr32bg1b.o
                0x0000db24                SystemHFClockGet
 .text.SystemHFXOClockGet
                0x0000db94       0x18 ./platform/Device/SiliconLabs/EFR32BG1B/Source/system_efr32bg1b.o
                0x0000db94                SystemHFXOClockGet
 .text.SystemHFXOClockSet
                0x0000dbac       0x30 ./platform/Device/SiliconLabs/EFR32BG1B/Source/system_efr32bg1b.o
                0x0000dbac                SystemHFXOClockSet
 .text.SystemInit
                0x0000dbdc       0x5c ./platform/Device/SiliconLabs/EFR32BG1B/Source/system_efr32bg1b.o
                0x0000dbdc                SystemInit
 .text.SystemLFRCOClockGet
                0x0000dc38       0x14 ./platform/Device/SiliconLabs/EFR32BG1B/Source/system_efr32bg1b.o
                0x0000dc38                SystemLFRCOClockGet
 .text.SystemULFRCOClockGet
                0x0000dc4c       0x14 ./platform/Device/SiliconLabs/EFR32BG1B/Source/system_efr32bg1b.o
                0x0000dc4c                SystemULFRCOClockGet
 .text.SystemLFXOClockGet
                0x0000dc60       0x18 ./platform/Device/SiliconLabs/EFR32BG1B/Source/system_efr32bg1b.o
                0x0000dc60                SystemLFXOClockGet
 .text.SystemLFXOClockSet
                0x0000dc78       0x30 ./platform/Device/SiliconLabs/EFR32BG1B/Source/system_efr32bg1b.o
                0x0000dc78                SystemLFXOClockSet
 .text.BUS_RegBitWrite
                0x0000dca8       0x2c ./platform/emdrv/sleep/src/sleep.o
 .text.EMU_EM2Block
                0x0000dcd4       0x14 ./platform/emdrv/sleep/src/sleep.o
 .text.sleepCallbackWrapper
                0x0000dce8       0x2c ./platform/emdrv/sleep/src/sleep.o
 .text.SLEEP_Init
                0x0000dd14       0x60 ./platform/emdrv/sleep/src/sleep.o
                0x0000dd14                SLEEP_Init
 .text.SLEEP_SleepBlockBegin
                0x0000dd74       0x48 ./platform/emdrv/sleep/src/sleep.o
                0x0000dd74                SLEEP_SleepBlockBegin
 .text.NVIC_EnableIRQ
                0x0000ddbc       0x30 ./platform/emdrv/tempdrv/src/tempdrv.o
 .text.NVIC_ClearPendingIRQ
                0x0000ddec       0x34 ./platform/emdrv/tempdrv/src/tempdrv.o
 .text.EMU_IntClear
                0x0000de20       0x1c ./platform/emdrv/tempdrv/src/tempdrv.o
 .text.EMU_IntDisable
                0x0000de3c       0x24 ./platform/emdrv/tempdrv/src/tempdrv.o
 .text.EMU_IntEnable
                0x0000de60       0x24 ./platform/emdrv/tempdrv/src/tempdrv.o
 .text.EMU_IntGetEnabled
                0x0000de84       0x24 ./platform/emdrv/tempdrv/src/tempdrv.o
 .text.EMU_IRQHandler
                0x0000dea8        0xc ./platform/emdrv/tempdrv/src/tempdrv.o
                0x0000dea8                EMU_IRQHandler
 .text.TEMPDRV_IRQHandler
                0x0000deb4       0xa0 ./platform/emdrv/tempdrv/src/tempdrv.o
                0x0000deb4                TEMPDRV_IRQHandler
 .text.errataCallback
                0x0000df54       0x20 ./platform/emdrv/tempdrv/src/tempdrv.o
 .text.errataStateUpdate
                0x0000df74       0xbc ./platform/emdrv/tempdrv/src/tempdrv.o
 .text.errataInit
                0x0000e030       0x8c ./platform/emdrv/tempdrv/src/tempdrv.o
 .text.convertToTemp
                0x0000e0bc       0x58 ./platform/emdrv/tempdrv/src/tempdrv.o
 .text.convertToEmu
                0x0000e114       0x48 ./platform/emdrv/tempdrv/src/tempdrv.o
 .text.disableInterrupts
                0x0000e15c       0x18 ./platform/emdrv/tempdrv/src/tempdrv.o
 .text.updateInterrupts
                0x0000e174      0x140 ./platform/emdrv/tempdrv/src/tempdrv.o
 .text.TEMPDRV_Init
                0x0000e2b4       0xd4 ./platform/emdrv/tempdrv/src/tempdrv.o
                0x0000e2b4                TEMPDRV_Init
 .text.TEMPDRV_GetTemp
                0x0000e388       0x1c ./platform/emdrv/tempdrv/src/tempdrv.o
                0x0000e388                TEMPDRV_GetTemp
 .text.BUS_RegBitWrite
                0x0000e3a4       0x2c ./platform/emlib/src/em_cmu.o
 .text.BUS_RegBitRead
                0x0000e3d0       0x2c ./platform/emlib/src/em_cmu.o
 .text.BUS_RegMaskedSet
                0x0000e3fc       0x24 ./platform/emlib/src/em_cmu.o
 .text.BUS_RegMaskedClear
                0x0000e420       0x24 ./platform/emlib/src/em_cmu.o
 .text.BUS_RegMaskedWrite
                0x0000e444       0x24 ./platform/emlib/src/em_cmu.o
 .text.CMU_Log2ToDiv
                0x0000e468       0x1c ./platform/emlib/src/em_cmu.o
 .text.setHfLeConfig
                0x0000e484       0x64 ./platform/emlib/src/em_cmu.o
 .text.auxClkGet
                0x0000e4e8       0x20 ./platform/emlib/src/em_cmu.o
 .text.hfSrcClkGet
                0x0000e508       0x2c ./platform/emlib/src/em_cmu.o
 .text.dbgClkGet
                0x0000e534       0x40 ./platform/emlib/src/em_cmu.o
 .text.adcAsyncClkGet
                0x0000e574       0x80 ./platform/emlib/src/em_cmu.o
 .text.flashWaitStateControl
                0x0000e5f4       0x7c ./platform/emlib/src/em_cmu.o
 .text.flashWaitStateMax
                0x0000e670       0x14 ./platform/emlib/src/em_cmu.o
 .text.CMU_UpdateWaitStates
                0x0000e684       0x18 ./platform/emlib/src/em_cmu.o
                0x0000e684                CMU_UpdateWaitStates
 .text.getRegIshUpperVal
                0x0000e69c       0x38 ./platform/emlib/src/em_cmu.o
 .text.getHfxoTuningMode
                0x0000e6d4       0x1c ./platform/emlib/src/em_cmu.o
 .text.setHfxoTuningMode
                0x0000e6f0       0x28 ./platform/emlib/src/em_cmu.o
 .text.lfClkGet
                0x0000e718       0xf4 ./platform/emlib/src/em_cmu.o
 .text.syncReg  0x0000e80c       0x38 ./platform/emlib/src/em_cmu.o
 .text.CMU_ClockEnable
                0x0000e844       0xcc ./platform/emlib/src/em_cmu.o
                0x0000e844                CMU_ClockEnable
 .text.CMU_ClockFreqGet
                0x0000e910      0x198 ./platform/emlib/src/em_cmu.o
                0x0000e910                CMU_ClockFreqGet
 .text.CMU_ClockPrescGet
                0x0000eaa8      0x120 ./platform/emlib/src/em_cmu.o
                0x0000eaa8                CMU_ClockPrescGet
 .text.CMU_ClockSelectGet
                0x0000ebc8      0x19c ./platform/emlib/src/em_cmu.o
                0x0000ebc8                CMU_ClockSelectGet
 .text.CMU_ClockSelectSet
                0x0000ed64      0x260 ./platform/emlib/src/em_cmu.o
                0x0000ed64                CMU_ClockSelectSet
 .text.CMU_HFXOAutostartEnable
                0x0000efc4       0x7c ./platform/emlib/src/em_cmu.o
                0x0000efc4                CMU_HFXOAutostartEnable
 .text.CMU_HFXOInit
                0x0000f040       0xf4 ./platform/emlib/src/em_cmu.o
                0x0000f040                CMU_HFXOInit
 .text.CMU_LFXOInit
                0x0000f134       0x50 ./platform/emlib/src/em_cmu.o
                0x0000f134                CMU_LFXOInit
 .text.CMU_OscillatorEnable
                0x0000f184      0x174 ./platform/emlib/src/em_cmu.o
                0x0000f184                CMU_OscillatorEnable
 .text.CMU_OscillatorTuningGet
                0x0000f2f8       0x74 ./platform/emlib/src/em_cmu.o
                0x0000f2f8                CMU_OscillatorTuningGet
 .text.CMU_OscillatorTuningSet
                0x0000f36c      0x100 ./platform/emlib/src/em_cmu.o
                0x0000f36c                CMU_OscillatorTuningSet
 .text.CMU_OscillatorTuningWait
                0x0000f46c       0x94 ./platform/emlib/src/em_cmu.o
                0x0000f46c                CMU_OscillatorTuningWait
 .text.CMU_OscillatorTuningOptimize
                0x0000f500       0x58 ./platform/emlib/src/em_cmu.o
                0x0000f500                CMU_OscillatorTuningOptimize
 .text.CORE_EnterCritical
                0x0000f558       0x20 ./platform/emlib/src/em_core.o
                0x0000f558                CORE_EnterCritical
 .text.CORE_ExitCritical
                0x0000f578       0x1c ./platform/emlib/src/em_core.o
                0x0000f578                CORE_ExitCritical
 .text.CORE_EnterAtomic
                0x0000f594       0x20 ./platform/emlib/src/em_core.o
                0x0000f594                CORE_EnterAtomic
 .text.CORE_ExitAtomic
                0x0000f5b4       0x1c ./platform/emlib/src/em_core.o
                0x0000f5b4                CORE_ExitAtomic
 .text.CORE_SetNvicRamTableHandler
                0x0000f5d0       0x44 ./platform/emlib/src/em_core.o
                0x0000f5d0                CORE_SetNvicRamTableHandler
 .text.CORE_InitNvicVectorTable
                0x0000f614       0xc8 ./platform/emlib/src/em_core.o
                0x0000f614                CORE_InitNvicVectorTable
 .text.CRYPTO_BurstFromCrypto
                0x0000f6dc       0x40 ./platform/emlib/src/em_crypto.o
 .text.CRYPTO_ModulusSet
                0x0000f71c       0x88 ./platform/emlib/src/em_crypto.o
                0x0000f71c                CRYPTO_ModulusSet
 .text.CRYPTO_KeyRead
                0x0000f7a4       0x38 ./platform/emlib/src/em_crypto.o
                0x0000f7a4                CRYPTO_KeyRead
 .text.BUS_RegBitWrite
                0x0000f7dc       0x2c ./platform/emlib/src/em_emu.o
 .text.BUS_RegBitRead
                0x0000f808       0x2c ./platform/emlib/src/em_emu.o
 .text.SYSTEM_GetDevinfoRev
                0x0000f834       0x18 ./platform/emlib/src/em_emu.o
 .text.dcdcConstCalibrationLoad
                0x0000f84c       0xc4 ./platform/emlib/src/em_emu.o
 .text.dcdcValidatedConfigSet
                0x0000f910       0xb0 ./platform/emlib/src/em_emu.o
 .text.currentLimitersUpdate
                0x0000f9c0       0xe4 ./platform/emlib/src/em_emu.o
 .text.userCurrentLimitsSet
                0x0000faa4       0x2c ./platform/emlib/src/em_emu.o
 .text.compCtrlSet
                0x0000fad0       0x3c ./platform/emlib/src/em_emu.o
 .text.lpCmpHystCalibrationLoad
                0x0000fb0c       0xd0 ./platform/emlib/src/em_emu.o
 .text.lpGetDevinfoVrefLowHigh
                0x0000fbdc      0x164 ./platform/emlib/src/em_emu.o
 .text.EMU_DCDCModeSet
                0x0000fd40       0xb8 ./platform/emlib/src/em_emu.o
                0x0000fd40                EMU_DCDCModeSet
 .text.EMU_DCDCInit
                0x0000fdf8      0x114 ./platform/emlib/src/em_emu.o
                0x0000fdf8                EMU_DCDCInit
 .text.EMU_DCDCOutputVoltageSet
                0x0000ff0c      0x20c ./platform/emlib/src/em_emu.o
                0x0000ff0c                EMU_DCDCOutputVoltageSet
 .text.EMU_DCDCOptimizeSlice
                0x00010118       0xd8 ./platform/emlib/src/em_emu.o
                0x00010118                EMU_DCDCOptimizeSlice
 .text.EMU_DCDCLnRcoBandSet
                0x000101f0       0x54 ./platform/emlib/src/em_emu.o
                0x000101f0                EMU_DCDCLnRcoBandSet
 .text.EMU_SetBiasMode
                0x00010244       0xa4 ./platform/emlib/src/em_emu.o
                0x00010244                EMU_SetBiasMode
 .text.BUS_RegMaskedSet
                0x000102e8       0x24 ./platform/emlib/src/em_gpio.o
 .text.BUS_RegMaskedClear
                0x0001030c       0x24 ./platform/emlib/src/em_gpio.o
 .text.BUS_RegMaskedWrite
                0x00010330       0x24 ./platform/emlib/src/em_gpio.o
 .text.GPIO_PinOutClear
                0x00010354       0x58 ./platform/emlib/src/em_gpio.o
 .text.GPIO_PinOutSet
                0x000103ac       0x58 ./platform/emlib/src/em_gpio.o
 .text.GPIO_DriveStrengthSet
                0x00010404       0x60 ./platform/emlib/src/em_gpio.o
                0x00010404                GPIO_DriveStrengthSet
 .text.GPIO_PinModeSet
                0x00010464      0x10c ./platform/emlib/src/em_gpio.o
                0x00010464                GPIO_PinModeSet
 .text.MSC_Init
                0x00010570       0x24 ./platform/emlib/src/em_msc.o
                0x00010570                MSC_Init
 .text.MSC_Deinit
                0x00010594       0x24 ./platform/emlib/src/em_msc.o
                0x00010594                MSC_Deinit
 .text.RMU_ResetCauseClear
                0x000105b8       0x18 ./platform/emlib/src/em_rmu.o
                0x000105b8                RMU_ResetCauseClear
 .text.RMU_ResetCauseGet
                0x000105d0       0xdc ./platform/emlib/src/em_rmu.o
                0x000105d0                RMU_ResetCauseGet
 .text.RTCC_ChannelInit
                0x000106ac       0x5c ./platform/emlib/src/em_rtcc.o
                0x000106ac                RTCC_ChannelInit
 .text.RTCC_Init
                0x00010708       0x94 ./platform/emlib/src/em_rtcc.o
                0x00010708                RTCC_Init
 .text.SYSTEM_ChipRevisionGet
                0x0001079c       0x78 ./platform/emlib/src/em_system.o
                0x0001079c                SYSTEM_ChipRevisionGet
 .text.USART_BaudrateSyncSet
                0x00010814       0x40 ./platform/emlib/src/em_usart.o
                0x00010814                USART_BaudrateSyncSet
 .text.USART_InitSync
                0x00010854       0xf0 ./platform/emlib/src/em_usart.o
                0x00010854                USART_InitSync
 .text.USART_Reset
                0x00010944       0x9c ./platform/emlib/src/em_usart.o
                0x00010944                USART_Reset
 .text.USART_SpiTransfer
                0x000109e0       0x40 ./platform/emlib/src/em_usart.o
                0x000109e0                USART_SpiTransfer
 .text.cmu_init
                0x00010a20       0x14 ./src/cmu.o
                0x00010a20                cmu_init
 .text.gpio_init
                0x00010a34       0x34 ./src/gpio.o
                0x00010a34                gpio_init
 .text.eventDefault
                0x00010a68        0x2 C:\Users\Shreya\SimplicityStudio\v4_workspace\LED_BLINKY_SDK2_7\platform\radio\rail_lib\autogen\librail_release\librail_efr32xg1_gcc_release.a(rail_rf_hal.o)
 *fill*         0x00010a6a        0x2 
 .text.setRssiPeriod
                0x00010a6c       0x18 C:\Users\Shreya\SimplicityStudio\v4_workspace\LED_BLINKY_SDK2_7\platform\radio\rail_lib\autogen\librail_release\librail_efr32xg1_gcc_release.a(rail_rf_hal.o)
 .text.RFHAL_NotifyUserOfIrCal
                0x00010a84       0x80 C:\Users\Shreya\SimplicityStudio\v4_workspace\LED_BLINKY_SDK2_7\platform\radio\rail_lib\autogen\librail_release\librail_efr32xg1_gcc_release.a(rail_rf_hal.o)
 *fill*         0x00010b04        0x4 
 .text.GENERIC_PHY_EventCallback
                0x00010b08      0x19c C:\Users\Shreya\SimplicityStudio\v4_workspace\LED_BLINKY_SDK2_7\platform\radio\rail_lib\autogen\librail_release\librail_efr32xg1_gcc_release.a(rail_rf_hal.o)
                0x00010b08                GENERIC_PHY_EventCallback
 .text.RFHAL_IntEnable
                0x00010ca4       0x56 C:\Users\Shreya\SimplicityStudio\v4_workspace\LED_BLINKY_SDK2_7\platform\radio\rail_lib\autogen\librail_release\librail_efr32xg1_gcc_release.a(rail_rf_hal.o)
                0x00010ca4                RFHAL_IntEnable
 *fill*         0x00010cfa        0x2 
 .text.RFHAL_SetEventCallback
                0x00010cfc       0x18 C:\Users\Shreya\SimplicityStudio\v4_workspace\LED_BLINKY_SDK2_7\platform\radio\rail_lib\autogen\librail_release\librail_efr32xg1_gcc_release.a(rail_rf_hal.o)
                0x00010cfc                RFHAL_SetEventCallback
 .text.RFHAL_SetPtiProtocol
                0x00010d14       0x20 C:\Users\Shreya\SimplicityStudio\v4_workspace\LED_BLINKY_SDK2_7\platform\radio\rail_lib\autogen\librail_release\librail_efr32xg1_gcc_release.a(rail_rf_hal.o)
                0x00010d14                RFHAL_SetPtiProtocol
 .text.RFHAL_Idle
                0x00010d34       0x40 C:\Users\Shreya\SimplicityStudio\v4_workspace\LED_BLINKY_SDK2_7\platform\radio\rail_lib\autogen\librail_release\librail_efr32xg1_gcc_release.a(rail_rf_hal.o)
                0x00010d34                RFHAL_Idle
 .text.RFHAL_GetRadioState
                0x00010d74       0x7c C:\Users\Shreya\SimplicityStudio\v4_workspace\LED_BLINKY_SDK2_7\platform\radio\rail_lib\autogen\librail_release\librail_efr32xg1_gcc_release.a(rail_rf_hal.o)
                0x00010d74                RFHAL_GetRadioState
 .text.RFHAL_OkToTransmit
                0x00010df0       0x14 C:\Users\Shreya\SimplicityStudio\v4_workspace\LED_BLINKY_SDK2_7\platform\radio\rail_lib\autogen\librail_release\librail_efr32xg1_gcc_release.a(rail_rf_hal.o)
                0x00010df0                RFHAL_OkToTransmit
 .text.RFHAL_ScheduleRx
                0x00010e04       0x74 C:\Users\Shreya\SimplicityStudio\v4_workspace\LED_BLINKY_SDK2_7\platform\radio\rail_lib\autogen\librail_release\librail_efr32xg1_gcc_release.a(rail_rf_hal.o)
                0x00010e04                RFHAL_ScheduleRx
 .text.RFHAL_EnableRxRawCapture
                0x00010e78       0x5c C:\Users\Shreya\SimplicityStudio\v4_workspace\LED_BLINKY_SDK2_7\platform\radio\rail_lib\autogen\librail_release\librail_efr32xg1_gcc_release.a(rail_rf_hal.o)
                0x00010e78                RFHAL_EnableRxRawCapture
 .text.RFHAL_DisableRxRawCapture
                0x00010ed4       0x38 C:\Users\Shreya\SimplicityStudio\v4_workspace\LED_BLINKY_SDK2_7\platform\radio\rail_lib\autogen\librail_release\librail_efr32xg1_gcc_release.a(rail_rf_hal.o)
                0x00010ed4                RFHAL_DisableRxRawCapture
 .text.RFHAL_AcceptCrcErrors
                0x00010f0c       0x18 C:\Users\Shreya\SimplicityStudio\v4_workspace\LED_BLINKY_SDK2_7\platform\radio\rail_lib\autogen\librail_release\librail_efr32xg1_gcc_release.a(rail_rf_hal.o)
                0x00010f0c                RFHAL_AcceptCrcErrors
 .text.RFHAL_ConfigRxOptions
                0x00010f24       0x74 C:\Users\Shreya\SimplicityStudio\v4_workspace\LED_BLINKY_SDK2_7\platform\radio\rail_lib\autogen\librail_release\librail_efr32xg1_gcc_release.a(rail_rf_hal.o)
                0x00010f24                RFHAL_ConfigRxOptions
 .text.RFHAL_CancelTimer
                0x00010f98       0x28 C:\Users\Shreya\SimplicityStudio\v4_workspace\LED_BLINKY_SDK2_7\platform\radio\rail_lib\autogen\librail_release\librail_efr32xg1_gcc_release.a(rail_rf_hal.o)
                0x00010f98                RFHAL_CancelTimer
 .text.RFHAL_SetTimer
                0x00010fc0       0x80 C:\Users\Shreya\SimplicityStudio\v4_workspace\LED_BLINKY_SDK2_7\platform\radio\rail_lib\autogen\librail_release\librail_efr32xg1_gcc_release.a(rail_rf_hal.o)
                0x00010fc0                RFHAL_SetTimer
 .text.RFHAL_SetTxTransitions
                0x00011040       0x1c C:\Users\Shreya\SimplicityStudio\v4_workspace\LED_BLINKY_SDK2_7\platform\radio\rail_lib\autogen\librail_release\librail_efr32xg1_gcc_release.a(rail_rf_hal.o)
                0x00011040                RFHAL_SetTxTransitions
 .text.RFHAL_SetRxTransitions
                0x0001105c       0x1c C:\Users\Shreya\SimplicityStudio\v4_workspace\LED_BLINKY_SDK2_7\platform\radio\rail_lib\autogen\librail_release\librail_efr32xg1_gcc_release.a(rail_rf_hal.o)
                0x0001105c                RFHAL_SetRxTransitions
 .text.RFHAL_SetCRCInitVal
                0x00011078        0x4 C:\Users\Shreya\SimplicityStudio\v4_workspace\LED_BLINKY_SDK2_7\platform\radio\rail_lib\autogen\librail_release\librail_efr32xg1_gcc_release.a(rail_rf_hal.o)
                0x00011078                RFHAL_SetCRCInitVal
 .text.RFHAL_ConfigTxPower
                0x0001107c        0xc C:\Users\Shreya\SimplicityStudio\v4_workspace\LED_BLINKY_SDK2_7\platform\radio\rail_lib\autogen\librail_release\librail_efr32xg1_gcc_release.a(rail_rf_hal.o)
                0x0001107c                RFHAL_ConfigTxPower
 .text.RFHAL_SetTxPowerUnchecked
                0x00011088       0x18 C:\Users\Shreya\SimplicityStudio\v4_workspace\LED_BLINKY_SDK2_7\platform\radio\rail_lib\autogen\librail_release\librail_efr32xg1_gcc_release.a(rail_rf_hal.o)
                0x00011088                RFHAL_SetTxPowerUnchecked
 .text.RFHAL_SetTxPower
                0x000110a0       0x3c C:\Users\Shreya\SimplicityStudio\v4_workspace\LED_BLINKY_SDK2_7\platform\radio\rail_lib\autogen\librail_release\librail_efr32xg1_gcc_release.a(rail_rf_hal.o)
                0x000110a0                RFHAL_SetTxPower
 .text.RFHAL_GetTxPowerConfig
                0x000110dc        0xc C:\Users\Shreya\SimplicityStudio\v4_workspace\LED_BLINKY_SDK2_7\platform\radio\rail_lib\autogen\librail_release\librail_efr32xg1_gcc_release.a(rail_rf_hal.o)
                0x000110dc                RFHAL_GetTxPowerConfig
 .text.RFHAL_GetTxPower
                0x000110e8        0x4 C:\Users\Shreya\SimplicityStudio\v4_workspace\LED_BLINKY_SDK2_7\platform\radio\rail_lib\autogen\librail_release\librail_efr32xg1_gcc_release.a(rail_rf_hal.o)
                0x000110e8                RFHAL_GetTxPower
 .text.RFHAL_SetChannel
                0x000110ec       0x98 C:\Users\Shreya\SimplicityStudio\v4_workspace\LED_BLINKY_SDK2_7\platform\radio\rail_lib\autogen\librail_release\librail_efr32xg1_gcc_release.a(rail_rf_hal.o)
                0x000110ec                RFHAL_SetChannel
 .text.RFHAL_IsAutoAckEnabled
                0x00011184        0x6 C:\Users\Shreya\SimplicityStudio\v4_workspace\LED_BLINKY_SDK2_7\platform\radio\rail_lib\autogen\librail_release\librail_efr32xg1_gcc_release.a(rail_rf_hal.o)
                0x00011184                RFHAL_IsAutoAckEnabled
 *fill*         0x0001118a        0x2 
 .text.RFHAL_AutoAckWaitForAck
                0x0001118c       0x18 C:\Users\Shreya\SimplicityStudio\v4_workspace\LED_BLINKY_SDK2_7\platform\radio\rail_lib\autogen\librail_release\librail_efr32xg1_gcc_release.a(rail_rf_hal.o)
                0x0001118c                RFHAL_AutoAckWaitForAck
 .text.preTxOps
                0x000111a4       0xc4 C:\Users\Shreya\SimplicityStudio\v4_workspace\LED_BLINKY_SDK2_7\platform\radio\rail_lib\autogen\librail_release\librail_efr32xg1_gcc_release.a(rail_rf_hal.o)
 .text.RFHAL_StartTx
                0x00011268       0x12 C:\Users\Shreya\SimplicityStudio\v4_workspace\LED_BLINKY_SDK2_7\platform\radio\rail_lib\autogen\librail_release\librail_efr32xg1_gcc_release.a(rail_rf_hal.o)
                0x00011268                RFHAL_StartTx
 .text.RFHAL_StartScheduledTx
                0x0001127a       0x3a C:\Users\Shreya\SimplicityStudio\v4_workspace\LED_BLINKY_SDK2_7\platform\radio\rail_lib\autogen\librail_release\librail_efr32xg1_gcc_release.a(rail_rf_hal.o)
                0x0001127a                RFHAL_StartScheduledTx
 .text.RFHAL_GetRxPacketInfo
                0x000112b4       0x48 C:\Users\Shreya\SimplicityStudio\v4_workspace\LED_BLINKY_SDK2_7\platform\radio\rail_lib\autogen\librail_release\librail_efr32xg1_gcc_release.a(rail_rf_hal.o)
                0x000112b4                RFHAL_GetRxPacketInfo
 .text.RFHAL_GetRxPacketDetails
                0x000112fc       0xcc C:\Users\Shreya\SimplicityStudio\v4_workspace\LED_BLINKY_SDK2_7\platform\radio\rail_lib\autogen\librail_release\librail_efr32xg1_gcc_release.a(rail_rf_hal.o)
                0x000112fc                RFHAL_GetRxPacketDetails
 .text.RFHAL_SetTxBuffer
                0x000113c8       0x3a C:\Users\Shreya\SimplicityStudio\v4_workspace\LED_BLINKY_SDK2_7\platform\radio\rail_lib\autogen\librail_release\librail_efr32xg1_gcc_release.a(rail_rf_hal.o)
                0x000113c8                RFHAL_SetTxBuffer
 *fill*         0x00011402        0x2 
 .text.RFHAL_ResetTxFifo
                0x00011404       0x2c C:\Users\Shreya\SimplicityStudio\v4_workspace\LED_BLINKY_SDK2_7\platform\radio\rail_lib\autogen\librail_release\librail_efr32xg1_gcc_release.a(rail_rf_hal.o)
                0x00011404                RFHAL_ResetTxFifo
 .text.RFHAL_WriteTxFifo
                0x00011430       0x28 C:\Users\Shreya\SimplicityStudio\v4_workspace\LED_BLINKY_SDK2_7\platform\radio\rail_lib\autogen\librail_release\librail_efr32xg1_gcc_release.a(rail_rf_hal.o)
                0x00011430                RFHAL_WriteTxFifo
 .text.RFHAL_ResetRxFifo
                0x00011458       0x40 C:\Users\Shreya\SimplicityStudio\v4_workspace\LED_BLINKY_SDK2_7\platform\radio\rail_lib\autogen\librail_release\librail_efr32xg1_gcc_release.a(rail_rf_hal.o)
                0x00011458                RFHAL_ResetRxFifo
 .text.RFHAL_ConfigData
                0x00011498       0x7c C:\Users\Shreya\SimplicityStudio\v4_workspace\LED_BLINKY_SDK2_7\platform\radio\rail_lib\autogen\librail_release\librail_efr32xg1_gcc_release.a(rail_rf_hal.o)
                0x00011498                RFHAL_ConfigData
 .text.RFHAL_Init
                0x00011514       0xa0 C:\Users\Shreya\SimplicityStudio\v4_workspace\LED_BLINKY_SDK2_7\platform\radio\rail_lib\autogen\librail_release\librail_efr32xg1_gcc_release.a(rail_rf_hal.o)
                0x00011514                RFHAL_Init
 .text.RFHAL_SetFixedLength
                0x000115b4       0x8c C:\Users\Shreya\SimplicityStudio\v4_workspace\LED_BLINKY_SDK2_7\platform\radio\rail_lib\autogen\librail_release\librail_efr32xg1_gcc_release.a(rail_rf_hal.o)
                0x000115b4                RFHAL_SetFixedLength
 .text.RFHAL_SetAbortScheduledTxDuringRx
                0x00011640       0x18 C:\Users\Shreya\SimplicityStudio\v4_workspace\LED_BLINKY_SDK2_7\platform\radio\rail_lib\autogen\librail_release\librail_efr32xg1_gcc_release.a(rail_rf_hal.o)
                0x00011640                RFHAL_SetAbortScheduledTxDuringRx
 .text.RFHAL_ConfigRadio
                0x00011658       0xe0 C:\Users\Shreya\SimplicityStudio\v4_workspace\LED_BLINKY_SDK2_7\platform\radio\rail_lib\autogen\librail_release\librail_efr32xg1_gcc_release.a(rail_rf_hal.o)
                0x00011658                RFHAL_ConfigRadio
 .text.RFHAL_GetTime
                0x00011738        0xe C:\Users\Shreya\SimplicityStudio\v4_workspace\LED_BLINKY_SDK2_7\platform\radio\rail_lib\autogen\librail_release\librail_efr32xg1_gcc_release.a(rail_rf_hal.o)
                0x00011738                RFHAL_GetTime
 .text.RFHAL_GetRadioEntropy
                0x00011746        0x4 C:\Users\Shreya\SimplicityStudio\v4_workspace\LED_BLINKY_SDK2_7\platform\radio\rail_lib\autogen\librail_release\librail_efr32xg1_gcc_release.a(rail_rf_hal.o)
                0x00011746                RFHAL_GetRadioEntropy
 .text.RFHAL_SetStateTiming
                0x0001174a       0x4e C:\Users\Shreya\SimplicityStudio\v4_workspace\LED_BLINKY_SDK2_7\platform\radio\rail_lib\autogen\librail_release\librail_efr32xg1_gcc_release.a(rail_rf_hal.o)
                0x0001174a                RFHAL_SetStateTiming
 .text.RAIL_Init
                0x00011798       0x20 C:\Users\Shreya\SimplicityStudio\v4_workspace\LED_BLINKY_SDK2_7\platform\radio\rail_lib\autogen\librail_release\librail_efr32xg1_gcc_release.a(rail_singleprotocol.o)
                0x00011798                RAIL_Init
 .text.RAIL_GetSchedulerStatus
                0x000117b8        0x4 C:\Users\Shreya\SimplicityStudio\v4_workspace\LED_BLINKY_SDK2_7\platform\radio\rail_lib\autogen\librail_release\librail_efr32xg1_gcc_release.a(rail_singleprotocol.o)
                0x000117b8                RAIL_GetSchedulerStatus
 .text.RAIL_Idle
                0x000117bc        0x8 C:\Users\Shreya\SimplicityStudio\v4_workspace\LED_BLINKY_SDK2_7\platform\radio\rail_lib\autogen\librail_release\librail_efr32xg1_gcc_release.a(rail_singleprotocol.o)
                0x000117bc                RAIL_Idle
 .text.RAIL_YieldRadio
                0x000117c4        0x2 C:\Users\Shreya\SimplicityStudio\v4_workspace\LED_BLINKY_SDK2_7\platform\radio\rail_lib\autogen\librail_release\librail_efr32xg1_gcc_release.a(rail_singleprotocol.o)
                0x000117c4                RAIL_YieldRadio
 .text.RAIL_GetRadioEntropy
                0x000117c6        0x8 C:\Users\Shreya\SimplicityStudio\v4_workspace\LED_BLINKY_SDK2_7\platform\radio\rail_lib\autogen\librail_release\librail_efr32xg1_gcc_release.a(rail_singleprotocol.o)
                0x000117c6                RAIL_GetRadioEntropy
 .text.RAIL_SetTimer
                0x000117ce       0x14 C:\Users\Shreya\SimplicityStudio\v4_workspace\LED_BLINKY_SDK2_7\platform\radio\rail_lib\autogen\librail_release\librail_efr32xg1_gcc_release.a(rail_singleprotocol.o)
                0x000117ce                RAIL_SetTimer
 .text.RAIL_CancelTimer
                0x000117e2        0x4 C:\Users\Shreya\SimplicityStudio\v4_workspace\LED_BLINKY_SDK2_7\platform\radio\rail_lib\autogen\librail_release\librail_efr32xg1_gcc_release.a(rail_singleprotocol.o)
                0x000117e2                RAIL_CancelTimer
 .text.RAIL_StartTx
                0x000117e6        0xa C:\Users\Shreya\SimplicityStudio\v4_workspace\LED_BLINKY_SDK2_7\platform\radio\rail_lib\autogen\librail_release\librail_efr32xg1_gcc_release.a(rail_singleprotocol.o)
                0x000117e6                RAIL_StartTx
 .text.RAIL_StartScheduledTx
                0x000117f0        0xa C:\Users\Shreya\SimplicityStudio\v4_workspace\LED_BLINKY_SDK2_7\platform\radio\rail_lib\autogen\librail_release\librail_efr32xg1_gcc_release.a(rail_singleprotocol.o)
                0x000117f0                RAIL_StartScheduledTx
 .text.RAIL_ScheduleRx
                0x000117fa        0xa C:\Users\Shreya\SimplicityStudio\v4_workspace\LED_BLINKY_SDK2_7\platform\radio\rail_lib\autogen\librail_release\librail_efr32xg1_gcc_release.a(rail_singleprotocol.o)
                0x000117fa                RAIL_ScheduleRx
 .text.radioConfigChangedDefault
                0x00011804        0x2 C:\Users\Shreya\SimplicityStudio\v4_workspace\LED_BLINKY_SDK2_7\platform\radio\rail_lib\autogen\librail_release\librail_efr32xg1_gcc_release.a(rail_rf.o)
 .text.isTransitionState
                0x00011806       0x12 C:\Users\Shreya\SimplicityStudio\v4_workspace\LED_BLINKY_SDK2_7\platform\radio\rail_lib\autogen\librail_release\librail_efr32xg1_gcc_release.a(rail_rf.o)
 .text.RAILCore_Init
                0x00011818       0x12 C:\Users\Shreya\SimplicityStudio\v4_workspace\LED_BLINKY_SDK2_7\platform\radio\rail_lib\autogen\librail_release\librail_efr32xg1_gcc_release.a(rail_rf.o)
                0x00011818                RAILCore_Init
 *fill*         0x0001182a        0x2 
 .text.RAILInt_SetCallbackConfig
                0x0001182c       0x20 C:\Users\Shreya\SimplicityStudio\v4_workspace\LED_BLINKY_SDK2_7\platform\radio\rail_lib\autogen\librail_release\librail_efr32xg1_gcc_release.a(rail_rf.o)
                0x0001182c                RAILInt_SetCallbackConfig
 .text.RAILCore_Idle
                0x0001184c       0x14 C:\Users\Shreya\SimplicityStudio\v4_workspace\LED_BLINKY_SDK2_7\platform\radio\rail_lib\autogen\librail_release\librail_efr32xg1_gcc_release.a(rail_rf.o)
                0x0001184c                RAILCore_Idle
 .text.RAILCore_GetRadioState
                0x00011860        0x4 C:\Users\Shreya\SimplicityStudio\v4_workspace\LED_BLINKY_SDK2_7\platform\radio\rail_lib\autogen\librail_release\librail_efr32xg1_gcc_release.a(rail_rf.o)
                0x00011860                RAILCore_GetRadioState
 .text.RAIL_SetStateTiming
                0x00011864        0xa C:\Users\Shreya\SimplicityStudio\v4_workspace\LED_BLINKY_SDK2_7\platform\radio\rail_lib\autogen\librail_release\librail_efr32xg1_gcc_release.a(rail_rf.o)
                0x00011864                RAIL_SetStateTiming
 *fill*         0x0001186e        0x2 
 .text.RAILInt_IsPowerInRange
                0x00011870       0x3c C:\Users\Shreya\SimplicityStudio\v4_workspace\LED_BLINKY_SDK2_7\platform\radio\rail_lib\autogen\librail_release\librail_efr32xg1_gcc_release.a(rail_rf.o)
                0x00011870                RAILInt_IsPowerInRange
 .text.RAILInt_SetChannel
                0x000118ac      0x1d8 C:\Users\Shreya\SimplicityStudio\v4_workspace\LED_BLINKY_SDK2_7\platform\radio\rail_lib\autogen\librail_release\librail_efr32xg1_gcc_release.a(rail_rf.o)
                0x000118ac                RAILInt_SetChannel
 .text.RAILCore_ConfigChannels
                0x00011a84       0x58 C:\Users\Shreya\SimplicityStudio\v4_workspace\LED_BLINKY_SDK2_7\platform\radio\rail_lib\autogen\librail_release\librail_efr32xg1_gcc_release.a(rail_rf.o)
                0x00011a84                RAILCore_ConfigChannels
 .text.RAILInt_GetChannel
                0x00011adc        0x4 C:\Users\Shreya\SimplicityStudio\v4_workspace\LED_BLINKY_SDK2_7\platform\radio\rail_lib\autogen\librail_release\librail_efr32xg1_gcc_release.a(rail_rf.o)
                0x00011adc                RAILInt_GetChannel
 .text.RAILCore_SetTxTransitions
                0x00011ae0       0x3c C:\Users\Shreya\SimplicityStudio\v4_workspace\LED_BLINKY_SDK2_7\platform\radio\rail_lib\autogen\librail_release\librail_efr32xg1_gcc_release.a(rail_rf.o)
                0x00011ae0                RAILCore_SetTxTransitions
 .text.RAIL_SetTxTransitions
                0x00011b1c        0xa C:\Users\Shreya\SimplicityStudio\v4_workspace\LED_BLINKY_SDK2_7\platform\radio\rail_lib\autogen\librail_release\librail_efr32xg1_gcc_release.a(rail_rf.o)
                0x00011b1c                RAIL_SetTxTransitions
 .text.RAILCore_SetRxTransitions
                0x00011b26       0x38 C:\Users\Shreya\SimplicityStudio\v4_workspace\LED_BLINKY_SDK2_7\platform\radio\rail_lib\autogen\librail_release\librail_efr32xg1_gcc_release.a(rail_rf.o)
                0x00011b26                RAILCore_SetRxTransitions
 .text.RAIL_SetRxTransitions
                0x00011b5e        0xa C:\Users\Shreya\SimplicityStudio\v4_workspace\LED_BLINKY_SDK2_7\platform\radio\rail_lib\autogen\librail_release\librail_efr32xg1_gcc_release.a(rail_rf.o)
                0x00011b5e                RAIL_SetRxTransitions
 .text.RAIL_ConfigEvents
                0x00011b68       0x14 C:\Users\Shreya\SimplicityStudio\v4_workspace\LED_BLINKY_SDK2_7\platform\radio\rail_lib\autogen\librail_release\librail_efr32xg1_gcc_release.a(rail_rf.o)
                0x00011b68                RAIL_ConfigEvents
 .text.RAIL_ConfigRxOptions
                0x00011b7c        0xa C:\Users\Shreya\SimplicityStudio\v4_workspace\LED_BLINKY_SDK2_7\platform\radio\rail_lib\autogen\librail_release\librail_efr32xg1_gcc_release.a(rail_rx.o)
                0x00011b7c                RAIL_ConfigRxOptions
 .text.RAILCore_ScheduleRx
                0x00011b86       0x2c C:\Users\Shreya\SimplicityStudio\v4_workspace\LED_BLINKY_SDK2_7\platform\radio\rail_lib\autogen\librail_release\librail_efr32xg1_gcc_release.a(rail_rx.o)
                0x00011b86                RAILCore_ScheduleRx
 .text.RAILInt_PreTxOps
                0x00011bb2       0x1c C:\Users\Shreya\SimplicityStudio\v4_workspace\LED_BLINKY_SDK2_7\platform\radio\rail_lib\autogen\librail_release\librail_efr32xg1_gcc_release.a(rail_tx.o)
                0x00011bb2                RAILInt_PreTxOps
 .text.RAILCore_StartTx
                0x00011bce       0x1a C:\Users\Shreya\SimplicityStudio\v4_workspace\LED_BLINKY_SDK2_7\platform\radio\rail_lib\autogen\librail_release\librail_efr32xg1_gcc_release.a(rail_tx.o)
                0x00011bce                RAILCore_StartTx
 .text.RAILCore_StartScheduledTx
                0x00011be8       0x1e C:\Users\Shreya\SimplicityStudio\v4_workspace\LED_BLINKY_SDK2_7\platform\radio\rail_lib\autogen\librail_release\librail_efr32xg1_gcc_release.a(rail_tx.o)
                0x00011be8                RAILCore_StartScheduledTx
 .text.RAIL_SetTxPower
                0x00011c06        0xa C:\Users\Shreya\SimplicityStudio\v4_workspace\LED_BLINKY_SDK2_7\platform\radio\rail_lib\autogen\librail_release\librail_efr32xg1_gcc_release.a(rail_tx.o)
                0x00011c06                RAIL_SetTxPower
 .text.RAIL_GetTxPower
                0x00011c10        0xa C:\Users\Shreya\SimplicityStudio\v4_workspace\LED_BLINKY_SDK2_7\platform\radio\rail_lib\autogen\librail_release\librail_efr32xg1_gcc_release.a(rail_tx.o)
                0x00011c10                RAIL_GetTxPower
 .text.RAIL_ConfigTxPower
                0x00011c1a       0x1a C:\Users\Shreya\SimplicityStudio\v4_workspace\LED_BLINKY_SDK2_7\platform\radio\rail_lib\autogen\librail_release\librail_efr32xg1_gcc_release.a(rail_tx.o)
                0x00011c1a                RAIL_ConfigTxPower
 .text.RAILInt_PendCal
                0x00011c34       0x24 C:\Users\Shreya\SimplicityStudio\v4_workspace\LED_BLINKY_SDK2_7\platform\radio\rail_lib\autogen\librail_release\librail_efr32xg1_gcc_release.a(rail_calibration.o)
                0x00011c34                RAILInt_PendCal
 .text.RAILCb_AssertFailed
                0x00011c58       0x14 C:\Users\Shreya\SimplicityStudio\v4_workspace\LED_BLINKY_SDK2_7\platform\radio\rail_lib\autogen\librail_release\librail_efr32xg1_gcc_release.a(rail_assert.o)
                0x00011c58                RAILCb_AssertFailed
 .text.RAILInt_Assert
                0x00011c6c       0x1c C:\Users\Shreya\SimplicityStudio\v4_workspace\LED_BLINKY_SDK2_7\platform\radio\rail_lib\autogen\librail_release\librail_efr32xg1_gcc_release.a(rail_assert.o)
                0x00011c6c                RAILInt_Assert
 .text.RAILCore_GetRadioEntropy
                0x00011c88        0x4 C:\Users\Shreya\SimplicityStudio\v4_workspace\LED_BLINKY_SDK2_7\platform\radio\rail_lib\autogen\librail_release\librail_efr32xg1_gcc_release.a(rail_rssi.o)
                0x00011c88                RAILCore_GetRadioEntropy
 .text.BUFC_ReadHelper
                0x00011c8c       0x7c C:\Users\Shreya\SimplicityStudio\v4_workspace\LED_BLINKY_SDK2_7\platform\radio\rail_lib\autogen\librail_release\librail_efr32xg1_gcc_release.a(bufc.o)
 .text.checkAndAddRxLenOverflowEntry
                0x00011d08       0x3c C:\Users\Shreya\SimplicityStudio\v4_workspace\LED_BLINKY_SDK2_7\platform\radio\rail_lib\autogen\librail_release\librail_efr32xg1_gcc_release.a(bufc.o)
 .text.BUFC_SetTxBuffer
                0x00011d44       0x38 C:\Users\Shreya\SimplicityStudio\v4_workspace\LED_BLINKY_SDK2_7\platform\radio\rail_lib\autogen\librail_release\librail_efr32xg1_gcc_release.a(bufc.o)
                0x00011d44                BUFC_SetTxBuffer
 .text.BUFC_WriteBuffer
                0x00011d7c       0xa8 C:\Users\Shreya\SimplicityStudio\v4_workspace\LED_BLINKY_SDK2_7\platform\radio\rail_lib\autogen\librail_release\librail_efr32xg1_gcc_release.a(bufc.o)
                0x00011d7c                BUFC_WriteBuffer
 .text.BUFC_Peek
                0x00011e24       0x12 C:\Users\Shreya\SimplicityStudio\v4_workspace\LED_BLINKY_SDK2_7\platform\radio\rail_lib\autogen\librail_release\librail_efr32xg1_gcc_release.a(bufc.o)
                0x00011e24                BUFC_Peek
 .text.BUFC_PeekByte
                0x00011e36       0x34 C:\Users\Shreya\SimplicityStudio\v4_workspace\LED_BLINKY_SDK2_7\platform\radio\rail_lib\autogen\librail_release\librail_efr32xg1_gcc_release.a(bufc.o)
                0x00011e36                BUFC_PeekByte
 *fill*         0x00011e6a        0x2 
 .text.BUFC_GetSpaceAvailable
                0x00011e6c       0x28 C:\Users\Shreya\SimplicityStudio\v4_workspace\LED_BLINKY_SDK2_7\platform\radio\rail_lib\autogen\librail_release\librail_efr32xg1_gcc_release.a(bufc.o)
                0x00011e6c                BUFC_GetSpaceAvailable
 .text.BUFC_GetBytesAvailable
                0x00011e94       0x14 C:\Users\Shreya\SimplicityStudio\v4_workspace\LED_BLINKY_SDK2_7\platform\radio\rail_lib\autogen\librail_release\librail_efr32xg1_gcc_release.a(bufc.o)
                0x00011e94                BUFC_GetBytesAvailable
 .text.BUFC_TxAckBufferSet
                0x00011ea8       0x38 C:\Users\Shreya\SimplicityStudio\v4_workspace\LED_BLINKY_SDK2_7\platform\radio\rail_lib\autogen\librail_release\librail_efr32xg1_gcc_release.a(bufc.o)
                0x00011ea8                BUFC_TxAckBufferSet
 .text.BUFC_TxAckBufferReset
                0x00011ee0        0x8 C:\Users\Shreya\SimplicityStudio\v4_workspace\LED_BLINKY_SDK2_7\platform\radio\rail_lib\autogen\librail_release\librail_efr32xg1_gcc_release.a(bufc.o)
                0x00011ee0                BUFC_TxAckBufferReset
 .text.BUFC_RxBufferReset
                0x00011ee8       0x5c C:\Users\Shreya\SimplicityStudio\v4_workspace\LED_BLINKY_SDK2_7\platform\radio\rail_lib\autogen\librail_release\librail_efr32xg1_gcc_release.a(bufc.o)
                0x00011ee8                BUFC_RxBufferReset
 .text.BUFC_Init
                0x00011f44       0x98 C:\Users\Shreya\SimplicityStudio\v4_workspace\LED_BLINKY_SDK2_7\platform\radio\rail_lib\autogen\librail_release\librail_efr32xg1_gcc_release.a(bufc.o)
                0x00011f44                BUFC_Init
 .text.BUFC_RxBufferBytesAvailable
                0x00011fdc       0x10 C:\Users\Shreya\SimplicityStudio\v4_workspace\LED_BLINKY_SDK2_7\platform\radio\rail_lib\autogen\librail_release\librail_efr32xg1_gcc_release.a(bufc.o)
                0x00011fdc                BUFC_RxBufferBytesAvailable
 .text.BUFC_ReleaseRxPacket
                0x00011fec      0x10c C:\Users\Shreya\SimplicityStudio\v4_workspace\LED_BLINKY_SDK2_7\platform\radio\rail_lib\autogen\librail_release\librail_efr32xg1_gcc_release.a(bufc.o)
                0x00011fec                BUFC_ReleaseRxPacket
 .text.BUFC_StartRxLenThrEvent
                0x000120f8       0x8c C:\Users\Shreya\SimplicityStudio\v4_workspace\LED_BLINKY_SDK2_7\platform\radio\rail_lib\autogen\librail_release\librail_efr32xg1_gcc_release.a(bufc.o)
                0x000120f8                BUFC_StartRxLenThrEvent
 .text.BUFC_EndRxLenThrEvent
                0x00012184       0x1c C:\Users\Shreya\SimplicityStudio\v4_workspace\LED_BLINKY_SDK2_7\platform\radio\rail_lib\autogen\librail_release\librail_efr32xg1_gcc_release.a(bufc.o)
                0x00012184                BUFC_EndRxLenThrEvent
 .text.BUFC_HandleRxLenOvfEvent
                0x000121a0       0x28 C:\Users\Shreya\SimplicityStudio\v4_workspace\LED_BLINKY_SDK2_7\platform\radio\rail_lib\autogen\librail_release\librail_efr32xg1_gcc_release.a(bufc.o)
                0x000121a0                BUFC_HandleRxLenOvfEvent
 .text.BUFC_GetRxPacketInfo
                0x000121c8      0x138 C:\Users\Shreya\SimplicityStudio\v4_workspace\LED_BLINKY_SDK2_7\platform\radio\rail_lib\autogen\librail_release\librail_efr32xg1_gcc_release.a(bufc.o)
                0x000121c8                BUFC_GetRxPacketInfo
 .text.IRCAL_Set
                0x00012300       0x1c C:\Users\Shreya\SimplicityStudio\v4_workspace\LED_BLINKY_SDK2_7\platform\radio\rail_lib\autogen\librail_release\librail_efr32xg1_gcc_release.a(ir_cal.o)
                0x00012300                IRCAL_Set
 .text.IRCAL_Init
                0x0001231c       0xa8 C:\Users\Shreya\SimplicityStudio\v4_workspace\LED_BLINKY_SDK2_7\platform\radio\rail_lib\autogen\librail_release\librail_efr32xg1_gcc_release.a(ir_cal.o)
                0x0001231c                IRCAL_Init
 .text.PA_ProtectPa
                0x000123c4       0xbc C:\Users\Shreya\SimplicityStudio\v4_workspace\LED_BLINKY_SDK2_7\platform\radio\rail_lib\autogen\librail_release\librail_efr32xg1_gcc_release.a(pa.o)
 .text.getRampTimeFromLevelAndRate
                0x00012480       0x20 C:\Users\Shreya\SimplicityStudio\v4_workspace\LED_BLINKY_SDK2_7\platform\radio\rail_lib\autogen\librail_release\librail_efr32xg1_gcc_release.a(pa.o)
 .text.PA_GetTxPowerConfig
                0x000124a0       0x14 C:\Users\Shreya\SimplicityStudio\v4_workspace\LED_BLINKY_SDK2_7\platform\radio\rail_lib\autogen\librail_release\librail_efr32xg1_gcc_release.a(pa.o)
                0x000124a0                PA_GetTxPowerConfig
 .text.PA_GetPowerLevel
                0x000124b4        0xc C:\Users\Shreya\SimplicityStudio\v4_workspace\LED_BLINKY_SDK2_7\platform\radio\rail_lib\autogen\librail_release\librail_efr32xg1_gcc_release.a(pa.o)
                0x000124b4                PA_GetPowerLevel
 .text.PA_SetPowerLevel
                0x000124c0      0x194 C:\Users\Shreya\SimplicityStudio\v4_workspace\LED_BLINKY_SDK2_7\platform\radio\rail_lib\autogen\librail_release\librail_efr32xg1_gcc_release.a(pa.o)
                0x000124c0                PA_SetPowerLevel
 .text.PA_RunPeakDetectorHigh
                0x00012654       0x4c C:\Users\Shreya\SimplicityStudio\v4_workspace\LED_BLINKY_SDK2_7\platform\radio\rail_lib\autogen\librail_release\librail_efr32xg1_gcc_release.a(pa.o)
                0x00012654                PA_RunPeakDetectorHigh
 .text.PA_RunPeakDetectorLow
                0x000126a0        0x2 C:\Users\Shreya\SimplicityStudio\v4_workspace\LED_BLINKY_SDK2_7\platform\radio\rail_lib\autogen\librail_release\librail_efr32xg1_gcc_release.a(pa.o)
                0x000126a0                PA_RunPeakDetectorLow
 *fill*         0x000126a2        0x2 
 .text.PA_RunBatHigh
                0x000126a4       0x2c C:\Users\Shreya\SimplicityStudio\v4_workspace\LED_BLINKY_SDK2_7\platform\radio\rail_lib\autogen\librail_release\librail_efr32xg1_gcc_release.a(pa.o)
                0x000126a4                PA_RunBatHigh
 .text.PA_GetRampTime
                0x000126d0        0xc C:\Users\Shreya\SimplicityStudio\v4_workspace\LED_BLINKY_SDK2_7\platform\radio\rail_lib\autogen\librail_release\librail_efr32xg1_gcc_release.a(pa.o)
                0x000126d0                PA_GetRampTime
 .text.PA_ConfigRamp
                0x000126dc       0x20 C:\Users\Shreya\SimplicityStudio\v4_workspace\LED_BLINKY_SDK2_7\platform\radio\rail_lib\autogen\librail_release\librail_efr32xg1_gcc_release.a(pa.o)
                0x000126dc                PA_ConfigRamp
 .text.PA_CalcRampTime
                0x000126fc       0x44 C:\Users\Shreya\SimplicityStudio\v4_workspace\LED_BLINKY_SDK2_7\platform\radio\rail_lib\autogen\librail_release\librail_efr32xg1_gcc_release.a(pa.o)
                0x000126fc                PA_CalcRampTime
 .text.PA_SetRampTime
                0x00012740       0xac C:\Users\Shreya\SimplicityStudio\v4_workspace\LED_BLINKY_SDK2_7\platform\radio\rail_lib\autogen\librail_release\librail_efr32xg1_gcc_release.a(pa.o)
                0x00012740                PA_SetRampTime
 .text.PA_SelectBand
                0x000127ec       0x50 C:\Users\Shreya\SimplicityStudio\v4_workspace\LED_BLINKY_SDK2_7\platform\radio\rail_lib\autogen\librail_release\librail_efr32xg1_gcc_release.a(pa.o)
                0x000127ec                PA_SelectBand
 .text.PA_Config
                0x0001283c      0x15c C:\Users\Shreya\SimplicityStudio\v4_workspace\LED_BLINKY_SDK2_7\platform\radio\rail_lib\autogen\librail_release\librail_efr32xg1_gcc_release.a(pa.o)
                0x0001283c                PA_Config
 .text.PA_UpdateConfig
                0x00012998       0x38 C:\Users\Shreya\SimplicityStudio\v4_workspace\LED_BLINKY_SDK2_7\platform\radio\rail_lib\autogen\librail_release\librail_efr32xg1_gcc_release.a(pa.o)
                0x00012998                PA_UpdateConfig
 .text.PROTIMER_Init
                0x000129d0      0x108 C:\Users\Shreya\SimplicityStudio\v4_workspace\LED_BLINKY_SDK2_7\platform\radio\rail_lib\autogen\librail_release\librail_efr32xg1_gcc_release.a(protimer.o)
                0x000129d0                PROTIMER_Init
 .text.PROTIMER_Start
                0x00012ad8       0x1c C:\Users\Shreya\SimplicityStudio\v4_workspace\LED_BLINKY_SDK2_7\platform\radio\rail_lib\autogen\librail_release\librail_efr32xg1_gcc_release.a(protimer.o)
                0x00012ad8                PROTIMER_Start
 .text.PROTIMER_IsRunning
                0x00012af4       0x10 C:\Users\Shreya\SimplicityStudio\v4_workspace\LED_BLINKY_SDK2_7\platform\radio\rail_lib\autogen\librail_release\librail_efr32xg1_gcc_release.a(protimer.o)
                0x00012af4                PROTIMER_IsRunning
 .text.PROTIMER_ElapsedTime
                0x00012b04       0x18 C:\Users\Shreya\SimplicityStudio\v4_workspace\LED_BLINKY_SDK2_7\platform\radio\rail_lib\autogen\librail_release\librail_efr32xg1_gcc_release.a(protimer.o)
                0x00012b04                PROTIMER_ElapsedTime
 .text.PROTIMER_CCTimerStop
                0x00012b1c       0x20 C:\Users\Shreya\SimplicityStudio\v4_workspace\LED_BLINKY_SDK2_7\platform\radio\rail_lib\autogen\librail_release\librail_efr32xg1_gcc_release.a(protimer.o)
                0x00012b1c                PROTIMER_CCTimerStop
 .text.PROTIMER_CCTimerStart
                0x00012b3c      0x164 C:\Users\Shreya\SimplicityStudio\v4_workspace\LED_BLINKY_SDK2_7\platform\radio\rail_lib\autogen\librail_release\librail_efr32xg1_gcc_release.a(protimer.o)
                0x00012b3c                PROTIMER_CCTimerStart
 .text.PROTIMER_WrapMultiple
                0x00012ca0       0x12 C:\Users\Shreya\SimplicityStudio\v4_workspace\LED_BLINKY_SDK2_7\platform\radio\rail_lib\autogen\librail_release\librail_efr32xg1_gcc_release.a(protimer.o)
                0x00012ca0                PROTIMER_WrapMultiple
 *fill*         0x00012cb2        0x2 
 .text.PROTIMER_CCTimerIsEnabled
                0x00012cb4       0x10 C:\Users\Shreya\SimplicityStudio\v4_workspace\LED_BLINKY_SDK2_7\platform\radio\rail_lib\autogen\librail_release\librail_efr32xg1_gcc_release.a(protimer.o)
                0x00012cb4                PROTIMER_CCTimerIsEnabled
 .text.PROTIMER_CCTimerCapture
                0x00012cc4       0x14 C:\Users\Shreya\SimplicityStudio\v4_workspace\LED_BLINKY_SDK2_7\platform\radio\rail_lib\autogen\librail_release\librail_efr32xg1_gcc_release.a(protimer.o)
                0x00012cc4                PROTIMER_CCTimerCapture
 .text.PROTIMER_ScheduleTxEnable
                0x00012cd8       0x2c C:\Users\Shreya\SimplicityStudio\v4_workspace\LED_BLINKY_SDK2_7\platform\radio\rail_lib\autogen\librail_release\librail_efr32xg1_gcc_release.a(protimer.o)
                0x00012cd8                PROTIMER_ScheduleTxEnable
 .text.PROTIMER_ClearTxEnable
                0x00012d04        0xc C:\Users\Shreya\SimplicityStudio\v4_workspace\LED_BLINKY_SDK2_7\platform\radio\rail_lib\autogen\librail_release\librail_efr32xg1_gcc_release.a(protimer.o)
                0x00012d04                PROTIMER_ClearTxEnable
 .text.PROTIMER_ScheduleRxEnable
                0x00012d10       0x2c C:\Users\Shreya\SimplicityStudio\v4_workspace\LED_BLINKY_SDK2_7\platform\radio\rail_lib\autogen\librail_release\librail_efr32xg1_gcc_release.a(protimer.o)
                0x00012d10                PROTIMER_ScheduleRxEnable
 .text.PROTIMER_ScheduleRxDisable
                0x00012d3c       0x38 C:\Users\Shreya\SimplicityStudio\v4_workspace\LED_BLINKY_SDK2_7\platform\radio\rail_lib\autogen\librail_release\librail_efr32xg1_gcc_release.a(protimer.o)
                0x00012d3c                PROTIMER_ScheduleRxDisable
 .text.PROTIMER_ClearRxEnable
                0x00012d74       0x10 C:\Users\Shreya\SimplicityStudio\v4_workspace\LED_BLINKY_SDK2_7\platform\radio\rail_lib\autogen\librail_release\librail_efr32xg1_gcc_release.a(protimer.o)
                0x00012d74                PROTIMER_ClearRxEnable
 .text.PROTIMER_GetTime
                0x00012d84        0xc C:\Users\Shreya\SimplicityStudio\v4_workspace\LED_BLINKY_SDK2_7\platform\radio\rail_lib\autogen\librail_release\librail_efr32xg1_gcc_release.a(protimer.o)
                0x00012d84                PROTIMER_GetTime
 .text.PROTIMER_LBTStop
                0x00012d90       0x18 C:\Users\Shreya\SimplicityStudio\v4_workspace\LED_BLINKY_SDK2_7\platform\radio\rail_lib\autogen\librail_release\librail_efr32xg1_gcc_release.a(protimer.o)
                0x00012d90                PROTIMER_LBTStop
 .text.PROTIMER_PrecntOverflowToUs
                0x00012da8       0x38 C:\Users\Shreya\SimplicityStudio\v4_workspace\LED_BLINKY_SDK2_7\platform\radio\rail_lib\autogen\librail_release\librail_efr32xg1_gcc_release.a(protimer.o)
                0x00012da8                PROTIMER_PrecntOverflowToUs
 .text.PROTIMER_UsToPrecntOverflow
                0x00012de0       0x2c C:\Users\Shreya\SimplicityStudio\v4_workspace\LED_BLINKY_SDK2_7\platform\radio\rail_lib\autogen\librail_release\librail_efr32xg1_gcc_release.a(protimer.o)
                0x00012de0                PROTIMER_UsToPrecntOverflow
 .text.PROTIMER_DelayUs
                0x00012e0c       0x44 C:\Users\Shreya\SimplicityStudio\v4_workspace\LED_BLINKY_SDK2_7\platform\radio\rail_lib\autogen\librail_release\librail_efr32xg1_gcc_release.a(protimer.o)
                0x00012e0c                PROTIMER_DelayUs
 .text.PROTIMER_CheckCcaReallyFailed
                0x00012e50       0xbc C:\Users\Shreya\SimplicityStudio\v4_workspace\LED_BLINKY_SDK2_7\platform\radio\rail_lib\autogen\librail_release\librail_efr32xg1_gcc_release.a(protimer.o)
                0x00012e50                PROTIMER_CheckCcaReallyFailed
 .text.PTI_EnableAppendedInfo
                0x00012f0c       0x18 C:\Users\Shreya\SimplicityStudio\v4_workspace\LED_BLINKY_SDK2_7\platform\radio\rail_lib\autogen\librail_release\librail_efr32xg1_gcc_release.a(pti.o)
                0x00012f0c                PTI_EnableAppendedInfo
 .text.PTI_Enable
                0x00012f24       0x58 C:\Users\Shreya\SimplicityStudio\v4_workspace\LED_BLINKY_SDK2_7\platform\radio\rail_lib\autogen\librail_release\librail_efr32xg1_gcc_release.a(pti.o)
                0x00012f24                PTI_Enable
 .text.PTI_AuxdataOutput
                0x00012f7c       0x1c C:\Users\Shreya\SimplicityStudio\v4_workspace\LED_BLINKY_SDK2_7\platform\radio\rail_lib\autogen\librail_release\librail_efr32xg1_gcc_release.a(pti.o)
                0x00012f7c                PTI_AuxdataOutput
 .text.PTI_EnableSyncword
                0x00012f98       0x18 C:\Users\Shreya\SimplicityStudio\v4_workspace\LED_BLINKY_SDK2_7\platform\radio\rail_lib\autogen\librail_release\librail_efr32xg1_gcc_release.a(pti.o)
                0x00012f98                PTI_EnableSyncword
 .text.RADIO_SetAndForgetWrite
                0x00012fb0       0x8c C:\Users\Shreya\SimplicityStudio\v4_workspace\LED_BLINKY_SDK2_7\platform\radio\rail_lib\autogen\librail_release\librail_efr32xg1_gcc_release.a(radio.o)
                0x00012fb0                RADIO_SetAndForgetWrite
 .text.RADIO_SeqInit
                0x0001303c       0x68 C:\Users\Shreya\SimplicityStudio\v4_workspace\LED_BLINKY_SDK2_7\platform\radio\rail_lib\autogen\librail_release\librail_efr32xg1_gcc_release.a(radio.o)
                0x0001303c                RADIO_SeqInit
 .text.RADIO_CLKEnable
                0x000130a4       0x68 C:\Users\Shreya\SimplicityStudio\v4_workspace\LED_BLINKY_SDK2_7\platform\radio\rail_lib\autogen\librail_release\librail_efr32xg1_gcc_release.a(radio.o)
                0x000130a4                RADIO_CLKEnable
 .text.RADIO_Init
                0x0001310c       0x40 C:\Users\Shreya\SimplicityStudio\v4_workspace\LED_BLINKY_SDK2_7\platform\radio\rail_lib\autogen\librail_release\librail_efr32xg1_gcc_release.a(radio.o)
                0x0001310c                RADIO_Init
 .text.RADIO_Config
                0x0001314c       0xa8 C:\Users\Shreya\SimplicityStudio\v4_workspace\LED_BLINKY_SDK2_7\platform\radio\rail_lib\autogen\librail_release\librail_efr32xg1_gcc_release.a(radio.o)
                0x0001314c                RADIO_Config
 .text.RADIO_IsRxOnForRssi
                0x000131f4       0x18 C:\Users\Shreya\SimplicityStudio\v4_workspace\LED_BLINKY_SDK2_7\platform\radio\rail_lib\autogen\librail_release\librail_efr32xg1_gcc_release.a(radio.o)
                0x000131f4                RADIO_IsRxOnForRssi
 .text.RADIO_RxTrailDataLength
                0x0001320c       0x3c C:\Users\Shreya\SimplicityStudio\v4_workspace\LED_BLINKY_SDK2_7\platform\radio\rail_lib\autogen\librail_release\librail_efr32xg1_gcc_release.a(radio.o)
                0x0001320c                RADIO_RxTrailDataLength
 .text.RADIO_FrameControlDescrBufferIdSet
                0x00013248       0x20 C:\Users\Shreya\SimplicityStudio\v4_workspace\LED_BLINKY_SDK2_7\platform\radio\rail_lib\autogen\librail_release\librail_efr32xg1_gcc_release.a(radio.o)
                0x00013248                RADIO_FrameControlDescrBufferIdSet
 .text.RADIO_ComputeTxBaudrate
                0x00013268       0x28 C:\Users\Shreya\SimplicityStudio\v4_workspace\LED_BLINKY_SDK2_7\platform\radio\rail_lib\autogen\librail_release\librail_efr32xg1_gcc_release.a(radio.o)
                0x00013268                RADIO_ComputeTxBaudrate
 .text.RADIO_ComputeTxSymbolRate
                0x00013290       0x2c C:\Users\Shreya\SimplicityStudio\v4_workspace\LED_BLINKY_SDK2_7\platform\radio\rail_lib\autogen\librail_release\librail_efr32xg1_gcc_release.a(radio.o)
                0x00013290                RADIO_ComputeTxSymbolRate
 .text.RADIO_ComputeTxBitRate
                0x000132bc       0x50 C:\Users\Shreya\SimplicityStudio\v4_workspace\LED_BLINKY_SDK2_7\platform\radio\rail_lib\autogen\librail_release\librail_efr32xg1_gcc_release.a(radio.o)
                0x000132bc                RADIO_ComputeTxBitRate
 .text.RADIO_GetRssi
                0x0001330c       0x54 C:\Users\Shreya\SimplicityStudio\v4_workspace\LED_BLINKY_SDK2_7\platform\radio\rail_lib\autogen\librail_release\librail_efr32xg1_gcc_release.a(radio.o)
                0x0001330c                RADIO_GetRssi
 .text.RADIO_SetCRCInitVal
                0x00013360       0x10 C:\Users\Shreya\SimplicityStudio\v4_workspace\LED_BLINKY_SDK2_7\platform\radio\rail_lib\autogen\librail_release\librail_efr32xg1_gcc_release.a(radio.o)
                0x00013360                RADIO_SetCRCInitVal
 .text.RADIO_RACClearRxOverflow
                0x00013370       0x20 C:\Users\Shreya\SimplicityStudio\v4_workspace\LED_BLINKY_SDK2_7\platform\radio\rail_lib\autogen\librail_release\librail_efr32xg1_gcc_release.a(radio.o)
                0x00013370                RADIO_RACClearRxOverflow
 .text.RFSENSE_Disable
                0x00013390       0x44 C:\Users\Shreya\SimplicityStudio\v4_workspace\LED_BLINKY_SDK2_7\platform\radio\rail_lib\autogen\librail_release\librail_efr32xg1_gcc_release.a(rfsense.o)
 .text.RFSENSE_Sensed
                0x000133d4       0x50 C:\Users\Shreya\SimplicityStudio\v4_workspace\LED_BLINKY_SDK2_7\platform\radio\rail_lib\autogen\librail_release\librail_efr32xg1_gcc_release.a(rfsense.o)
                0x000133d4                RFSENSE_Sensed
 .text.RFSENSE_IRQHandler
                0x00013424        0x4 C:\Users\Shreya\SimplicityStudio\v4_workspace\LED_BLINKY_SDK2_7\platform\radio\rail_lib\autogen\librail_release\librail_efr32xg1_gcc_release.a(rfsense.o)
                0x00013424                RFSENSE_IRQHandler
 .text.RTCCSYNC_Init
                0x00013428       0x10 C:\Users\Shreya\SimplicityStudio\v4_workspace\LED_BLINKY_SDK2_7\platform\radio\rail_lib\autogen\librail_release\librail_efr32xg1_gcc_release.a(rtccsync.o)
                0x00013428                RTCCSYNC_Init
 .text.SYNTH_RfFreqGet
                0x00013438        0xc C:\Users\Shreya\SimplicityStudio\v4_workspace\LED_BLINKY_SDK2_7\platform\radio\rail_lib\autogen\librail_release\librail_efr32xg1_gcc_release.a(synth.o)
                0x00013438                SYNTH_RfFreqGet
 .text.SYNTH_ChSpacingGet
                0x00013444        0xc C:\Users\Shreya\SimplicityStudio\v4_workspace\LED_BLINKY_SDK2_7\platform\radio\rail_lib\autogen\librail_release\librail_efr32xg1_gcc_release.a(synth.o)
                0x00013444                SYNTH_ChSpacingGet
 .text.SYNTH_LoDivGet
                0x00013450       0x20 C:\Users\Shreya\SimplicityStudio\v4_workspace\LED_BLINKY_SDK2_7\platform\radio\rail_lib\autogen\librail_release\librail_efr32xg1_gcc_release.a(synth.o)
                0x00013450                SYNTH_LoDivGet
 .text.SYNTH_Is2p4GHz
                0x00013470       0x14 C:\Users\Shreya\SimplicityStudio\v4_workspace\LED_BLINKY_SDK2_7\platform\radio\rail_lib\autogen\librail_release\librail_efr32xg1_gcc_release.a(synth.o)
                0x00013470                SYNTH_Is2p4GHz
 .text.SYNTH_VcoRangeIsValid
                0x00013484       0x30 C:\Users\Shreya\SimplicityStudio\v4_workspace\LED_BLINKY_SDK2_7\platform\radio\rail_lib\autogen\librail_release\librail_efr32xg1_gcc_release.a(synth.o)
                0x00013484                SYNTH_VcoRangeIsValid
 .text.SYNTH_RetimeLimitsConfig
                0x000134b4       0x64 C:\Users\Shreya\SimplicityStudio\v4_workspace\LED_BLINKY_SDK2_7\platform\radio\rail_lib\autogen\librail_release\librail_efr32xg1_gcc_release.a(synth.o)
                0x000134b4                SYNTH_RetimeLimitsConfig
 .text.SYNTH_RetimeClkConfig
                0x00013518       0xb4 C:\Users\Shreya\SimplicityStudio\v4_workspace\LED_BLINKY_SDK2_7\platform\radio\rail_lib\autogen\librail_release\librail_efr32xg1_gcc_release.a(synth.o)
                0x00013518                SYNTH_RetimeClkConfig
 .text.SYNTH_Config
                0x000135cc      0x108 C:\Users\Shreya\SimplicityStudio\v4_workspace\LED_BLINKY_SDK2_7\platform\radio\rail_lib\autogen\librail_release\librail_efr32xg1_gcc_release.a(synth.o)
                0x000135cc                SYNTH_Config
 .text.SYNTH_ChannelSet
                0x000136d4       0x40 C:\Users\Shreya\SimplicityStudio\v4_workspace\LED_BLINKY_SDK2_7\platform\radio\rail_lib\autogen\librail_release\librail_efr32xg1_gcc_release.a(synth.o)
                0x000136d4                SYNTH_ChannelSet
 .text.SYNTH_DCDCRetimeClkSet
                0x00013714       0x6c C:\Users\Shreya\SimplicityStudio\v4_workspace\LED_BLINKY_SDK2_7\platform\radio\rail_lib\autogen\librail_release\librail_efr32xg1_gcc_release.a(synth.o)
                0x00013714                SYNTH_DCDCRetimeClkSet
 .text.SYNTH_DCDCRetimeEnable
                0x00013780       0x18 C:\Users\Shreya\SimplicityStudio\v4_workspace\LED_BLINKY_SDK2_7\platform\radio\rail_lib\autogen\librail_release\librail_efr32xg1_gcc_release.a(synth.o)
                0x00013780                SYNTH_DCDCRetimeEnable
 .text.SYNTH_DCDCRetimeDisable
                0x00013798       0x18 C:\Users\Shreya\SimplicityStudio\v4_workspace\LED_BLINKY_SDK2_7\platform\radio\rail_lib\autogen\librail_release\librail_efr32xg1_gcc_release.a(synth.o)
                0x00013798                SYNTH_DCDCRetimeDisable
 .text.SYNTH_KvnFreqCompensationEnable
                0x000137b0        0xc C:\Users\Shreya\SimplicityStudio\v4_workspace\LED_BLINKY_SDK2_7\platform\radio\rail_lib\autogen\librail_release\librail_efr32xg1_gcc_release.a(synth.o)
                0x000137b0                SYNTH_KvnFreqCompensationEnable
 .text.RADIOCMU_ClockEnable
                0x000137bc       0x40 C:\Users\Shreya\SimplicityStudio\v4_workspace\LED_BLINKY_SDK2_7\platform\radio\rail_lib\autogen\librail_release\librail_efr32xg1_gcc_release.a(radio_cmu.o)
                0x000137bc                RADIOCMU_ClockEnable
 .text.RADIOCMU_ClockFreqGet
                0x000137fc       0x88 C:\Users\Shreya\SimplicityStudio\v4_workspace\LED_BLINKY_SDK2_7\platform\radio\rail_lib\autogen\librail_release\librail_efr32xg1_gcc_release.a(radio_cmu.o)
                0x000137fc                RADIOCMU_ClockFreqGet
 .text.RADIOCMU_ClockPrescGet
                0x00013884       0x1c C:\Users\Shreya\SimplicityStudio\v4_workspace\LED_BLINKY_SDK2_7\platform\radio\rail_lib\autogen\librail_release\librail_efr32xg1_gcc_release.a(radio_cmu.o)
                0x00013884                RADIOCMU_ClockPrescGet
 .text.TEMPCAL_Init
                0x000138a0       0x40 C:\Users\Shreya\SimplicityStudio\v4_workspace\LED_BLINKY_SDK2_7\platform\radio\rail_lib\autogen\librail_release\librail_efr32xg1_gcc_release.a(tempcal.o)
                0x000138a0                TEMPCAL_Init
 .text.TIMING_PreambleSyncBits
                0x000138e0       0x2c C:\Users\Shreya\SimplicityStudio\v4_workspace\LED_BLINKY_SDK2_7\platform\radio\rail_lib\autogen\librail_release\librail_efr32xg1_gcc_release.a(timings.o)
 .text.TIMING_CalcAdjustUs
                0x0001390c       0x28 C:\Users\Shreya\SimplicityStudio\v4_workspace\LED_BLINKY_SDK2_7\platform\radio\rail_lib\autogen\librail_release\librail_efr32xg1_gcc_release.a(timings.o)
 .text.TIMING_SeqTimingInit
                0x00013934        0x2 C:\Users\Shreya\SimplicityStudio\v4_workspace\LED_BLINKY_SDK2_7\platform\radio\rail_lib\autogen\librail_release\librail_efr32xg1_gcc_release.a(timings.o)
                0x00013934                TIMING_SeqTimingInit
 *fill*         0x00013936        0x2 
 .text.TIMING_NsToStimerTickCalcSigned
                0x00013938       0x28 C:\Users\Shreya\SimplicityStudio\v4_workspace\LED_BLINKY_SDK2_7\platform\radio\rail_lib\autogen\librail_release\librail_efr32xg1_gcc_release.a(timings.o)
                0x00013938                TIMING_NsToStimerTickCalcSigned
 .text.TIMING_NsToStimerTickCalc
                0x00013960        0xc C:\Users\Shreya\SimplicityStudio\v4_workspace\LED_BLINKY_SDK2_7\platform\radio\rail_lib\autogen\librail_release\librail_efr32xg1_gcc_release.a(timings.o)
                0x00013960                TIMING_NsToStimerTickCalc
 .text.TIMING_InitStimer
                0x0001396c       0x58 C:\Users\Shreya\SimplicityStudio\v4_workspace\LED_BLINKY_SDK2_7\platform\radio\rail_lib\autogen\librail_release\librail_efr32xg1_gcc_release.a(timings.o)
                0x0001396c                TIMING_InitStimer
 .text.TIMING_TxWarmTimeRecalculate
                0x000139c4       0x34 C:\Users\Shreya\SimplicityStudio\v4_workspace\LED_BLINKY_SDK2_7\platform\radio\rail_lib\autogen\librail_release\librail_efr32xg1_gcc_release.a(timings.o)
                0x000139c4                TIMING_TxWarmTimeRecalculate
 .text.TIMING_TxWarmTimeSet
                0x000139f8       0x18 C:\Users\Shreya\SimplicityStudio\v4_workspace\LED_BLINKY_SDK2_7\platform\radio\rail_lib\autogen\librail_release\librail_efr32xg1_gcc_release.a(timings.o)
                0x000139f8                TIMING_TxWarmTimeSet
 .text.TIMING_RxToTxTimeRecalculate
                0x00013a10       0x34 C:\Users\Shreya\SimplicityStudio\v4_workspace\LED_BLINKY_SDK2_7\platform\radio\rail_lib\autogen\librail_release\librail_efr32xg1_gcc_release.a(timings.o)
                0x00013a10                TIMING_RxToTxTimeRecalculate
 .text.TIMING_RxFrameToTxTimeRecalculate
                0x00013a44       0x38 C:\Users\Shreya\SimplicityStudio\v4_workspace\LED_BLINKY_SDK2_7\platform\radio\rail_lib\autogen\librail_release\librail_efr32xg1_gcc_release.a(timings.o)
                0x00013a44                TIMING_RxFrameToTxTimeRecalculate
 .text.TIMING_RxFrameToTxTimeSet
                0x00013a7c       0x18 C:\Users\Shreya\SimplicityStudio\v4_workspace\LED_BLINKY_SDK2_7\platform\radio\rail_lib\autogen\librail_release\librail_efr32xg1_gcc_release.a(timings.o)
                0x00013a7c                TIMING_RxFrameToTxTimeSet
 .text.TIMING_TxToTxTimeRecalculate
                0x00013a94       0x24 C:\Users\Shreya\SimplicityStudio\v4_workspace\LED_BLINKY_SDK2_7\platform\radio\rail_lib\autogen\librail_release\librail_efr32xg1_gcc_release.a(timings.o)
                0x00013a94                TIMING_TxToTxTimeRecalculate
 .text.TIMING_TxToRxTimeRecalculate
                0x00013ab8       0x24 C:\Users\Shreya\SimplicityStudio\v4_workspace\LED_BLINKY_SDK2_7\platform\radio\rail_lib\autogen\librail_release\librail_efr32xg1_gcc_release.a(timings.o)
                0x00013ab8                TIMING_TxToRxTimeRecalculate
 .text.TIMING_TxToRxTimeSet
                0x00013adc       0x18 C:\Users\Shreya\SimplicityStudio\v4_workspace\LED_BLINKY_SDK2_7\platform\radio\rail_lib\autogen\librail_release\librail_efr32xg1_gcc_release.a(timings.o)
                0x00013adc                TIMING_TxToRxTimeSet
 .text.TIMING_RxWarmTimeRecalculate
                0x00013af4       0x20 C:\Users\Shreya\SimplicityStudio\v4_workspace\LED_BLINKY_SDK2_7\platform\radio\rail_lib\autogen\librail_release\librail_efr32xg1_gcc_release.a(timings.o)
                0x00013af4                TIMING_RxWarmTimeRecalculate
 .text.TIMING_RxWarmTimeSet
                0x00013b14       0x18 C:\Users\Shreya\SimplicityStudio\v4_workspace\LED_BLINKY_SDK2_7\platform\radio\rail_lib\autogen\librail_release\librail_efr32xg1_gcc_release.a(timings.o)
                0x00013b14                TIMING_RxWarmTimeSet
 .text.TIMING_RxSearchTimeRecalculate
                0x00013b2c       0x28 C:\Users\Shreya\SimplicityStudio\v4_workspace\LED_BLINKY_SDK2_7\platform\radio\rail_lib\autogen\librail_release\librail_efr32xg1_gcc_release.a(timings.o)
                0x00013b2c                TIMING_RxSearchTimeRecalculate
 .text.TIMING_RxSearchTimeSet
                0x00013b54       0x10 C:\Users\Shreya\SimplicityStudio\v4_workspace\LED_BLINKY_SDK2_7\platform\radio\rail_lib\autogen\librail_release\librail_efr32xg1_gcc_release.a(timings.o)
                0x00013b54                TIMING_RxSearchTimeSet
 .text.TIMING_TxToRxSearchTimeRecalculate
                0x00013b64       0x28 C:\Users\Shreya\SimplicityStudio\v4_workspace\LED_BLINKY_SDK2_7\platform\radio\rail_lib\autogen\librail_release\librail_efr32xg1_gcc_release.a(timings.o)
                0x00013b64                TIMING_TxToRxSearchTimeRecalculate
 .text.TIMING_TxToRxSearchTimeSet
                0x00013b8c       0x10 C:\Users\Shreya\SimplicityStudio\v4_workspace\LED_BLINKY_SDK2_7\platform\radio\rail_lib\autogen\librail_release\librail_efr32xg1_gcc_release.a(timings.o)
                0x00013b8c                TIMING_TxToRxSearchTimeSet
 .text.TIMING_RecalculateAll
                0x00013b9c       0x3a C:\Users\Shreya\SimplicityStudio\v4_workspace\LED_BLINKY_SDK2_7\platform\radio\rail_lib\autogen\librail_release\librail_efr32xg1_gcc_release.a(timings.o)
                0x00013b9c                TIMING_RecalculateAll
 .text.TIMING_RecalculatePaRampChanged
                0x00013bd6       0x22 C:\Users\Shreya\SimplicityStudio\v4_workspace\LED_BLINKY_SDK2_7\platform\radio\rail_lib\autogen\librail_release\librail_efr32xg1_gcc_release.a(timings.o)
                0x00013bd6                TIMING_RecalculatePaRampChanged
 .text.TIMING_SetChainDelays
                0x00013bf8        0x8 C:\Users\Shreya\SimplicityStudio\v4_workspace\LED_BLINKY_SDK2_7\platform\radio\rail_lib\autogen\librail_release\librail_efr32xg1_gcc_release.a(timings.o)
                0x00013bf8                TIMING_SetChainDelays
 .text.TIMING_SetRxDoneDelay
                0x00013c00        0x6 C:\Users\Shreya\SimplicityStudio\v4_workspace\LED_BLINKY_SDK2_7\platform\radio\rail_lib\autogen\librail_release\librail_efr32xg1_gcc_release.a(timings.o)
                0x00013c00                TIMING_SetRxDoneDelay
 .text.TIMING_CalcRxTimeStampUs
                0x00013c06       0x7a C:\Users\Shreya\SimplicityStudio\v4_workspace\LED_BLINKY_SDK2_7\platform\radio\rail_lib\autogen\librail_release\librail_efr32xg1_gcc_release.a(timings.o)
                0x00013c06                TIMING_CalcRxTimeStampUs
 .text.RFRAND_GetRadioEntropy
                0x00013c80       0xf0 C:\Users\Shreya\SimplicityStudio\v4_workspace\LED_BLINKY_SDK2_7\platform\radio\rail_lib\autogen\librail_release\librail_efr32xg1_gcc_release.a(rf_rand.o)
                0x00013c80                RFRAND_GetRadioEntropy
 .text.RFRAND_SeedProtimerRandom
                0x00013d70       0x3c C:\Users\Shreya\SimplicityStudio\v4_workspace\LED_BLINKY_SDK2_7\platform\radio\rail_lib\autogen\librail_release\librail_efr32xg1_gcc_release.a(rf_rand.o)
                0x00013d70                RFRAND_SeedProtimerRandom
 .text.RAIL_GetTxPowerCurve
                0x00013dac       0x14 C:\Users\Shreya\SimplicityStudio\v4_workspace\LED_BLINKY_SDK2_7\platform\radio\rail_lib\autogen\librail_release\librail_efr32xg1_gcc_release.a(pa_conversions_efr32.o)
                0x00013dac                RAIL_GetTxPowerCurve
 .text.RAIL_InitTxPowerCurves
                0x00013dc0       0x2c C:\Users\Shreya\SimplicityStudio\v4_workspace\LED_BLINKY_SDK2_7\platform\radio\rail_lib\autogen\librail_release\librail_efr32xg1_gcc_release.a(pa_conversions_efr32.o)
                0x00013dc0                RAIL_InitTxPowerCurves
 .text.RAIL_ConvertDbmToRaw
                0x00013dec       0xe4 C:\Users\Shreya\SimplicityStudio\v4_workspace\LED_BLINKY_SDK2_7\platform\radio\rail_lib\autogen\librail_release\librail_efr32xg1_gcc_release.a(pa_conversions_efr32.o)
                0x00013dec                RAIL_ConvertDbmToRaw
 .text.RAIL_ConvertRawToDbm
                0x00013ed0       0xb4 C:\Users\Shreya\SimplicityStudio\v4_workspace\LED_BLINKY_SDK2_7\platform\radio\rail_lib\autogen\librail_release\librail_efr32xg1_gcc_release.a(pa_conversions_efr32.o)
                0x00013ed0                RAIL_ConvertRawToDbm
 .text.GENERIC_PHY_ConfigureRollbackReporting
                0x00013f84       0x64 C:\Users\Shreya\SimplicityStudio\v4_workspace\LED_BLINKY_SDK2_7\platform\radio\rail_lib\autogen\librail_release\librail_efr32xg1_gcc_release.a(generic_phy.o)
 .text.GENERIC_PHY_ClearPendedRxWindowEnd
                0x00013fe8       0x1c C:\Users\Shreya\SimplicityStudio\v4_workspace\LED_BLINKY_SDK2_7\platform\radio\rail_lib\autogen\librail_release\librail_efr32xg1_gcc_release.a(generic_phy.o)
 .text.RADIO_RACRxAbort
                0x00014004       0x3c C:\Users\Shreya\SimplicityStudio\v4_workspace\LED_BLINKY_SDK2_7\platform\radio\rail_lib\autogen\librail_release\librail_efr32xg1_gcc_release.a(generic_phy.o)
 .text.GENERIC_PHY_RxOverflowHook
                0x00014040       0x34 C:\Users\Shreya\SimplicityStudio\v4_workspace\LED_BLINKY_SDK2_7\platform\radio\rail_lib\autogen\librail_release\librail_efr32xg1_gcc_release.a(generic_phy.o)
 .text.GENERIC_PHY_DisableRadioIrqs
                0x00014074       0x50 C:\Users\Shreya\SimplicityStudio\v4_workspace\LED_BLINKY_SDK2_7\platform\radio\rail_lib\autogen\librail_release\librail_efr32xg1_gcc_release.a(generic_phy.o)
 .text.GENERIC_PHY_CheckPendedRxWindowEnd
                0x000140c4       0x3c C:\Users\Shreya\SimplicityStudio\v4_workspace\LED_BLINKY_SDK2_7\platform\radio\rail_lib\autogen\librail_release\librail_efr32xg1_gcc_release.a(generic_phy.o)
 .text.GENERIC_PHY_ConfigureEvents
                0x00014100      0x35c C:\Users\Shreya\SimplicityStudio\v4_workspace\LED_BLINKY_SDK2_7\platform\radio\rail_lib\autogen\librail_release\librail_efr32xg1_gcc_release.a(generic_phy.o)
                0x00014100                GENERIC_PHY_ConfigureEvents
 .text.GENERIC_PHY_PacketTxCommon
                0x0001445c       0x3c C:\Users\Shreya\SimplicityStudio\v4_workspace\LED_BLINKY_SDK2_7\platform\radio\rail_lib\autogen\librail_release\librail_efr32xg1_gcc_release.a(generic_phy.o)
                0x0001445c                GENERIC_PHY_PacketTxCommon
 .text.GENERIC_PHY_PacketTx
                0x00014498       0x40 C:\Users\Shreya\SimplicityStudio\v4_workspace\LED_BLINKY_SDK2_7\platform\radio\rail_lib\autogen\librail_release\librail_efr32xg1_gcc_release.a(generic_phy.o)
                0x00014498                GENERIC_PHY_PacketTx
 .text.GENERIC_PHY_SchedulePacketRx
                0x000144d8      0x10c C:\Users\Shreya\SimplicityStudio\v4_workspace\LED_BLINKY_SDK2_7\platform\radio\rail_lib\autogen\librail_release\librail_efr32xg1_gcc_release.a(generic_phy.o)
                0x000144d8                GENERIC_PHY_SchedulePacketRx
 .text.GENERIC_PHY_SchedulePacketTx
                0x000145e4       0x7c C:\Users\Shreya\SimplicityStudio\v4_workspace\LED_BLINKY_SDK2_7\platform\radio\rail_lib\autogen\librail_release\librail_efr32xg1_gcc_release.a(generic_phy.o)
                0x000145e4                GENERIC_PHY_SchedulePacketTx
 .text.GENERIC_PHY_ChannelSet
                0x00014660        0x6 C:\Users\Shreya\SimplicityStudio\v4_workspace\LED_BLINKY_SDK2_7\platform\radio\rail_lib\autogen\librail_release\librail_efr32xg1_gcc_release.a(generic_phy.o)
                0x00014660                GENERIC_PHY_ChannelSet
 *fill*         0x00014666        0x2 
 .text.GENERIC_PHY_SeqAtomicLock
                0x00014668       0x34 C:\Users\Shreya\SimplicityStudio\v4_workspace\LED_BLINKY_SDK2_7\platform\radio\rail_lib\autogen\librail_release\librail_efr32xg1_gcc_release.a(generic_phy.o)
                0x00014668                GENERIC_PHY_SeqAtomicLock
 .text.GENERIC_PHY_PreviousTxTime
                0x0001469c        0xc C:\Users\Shreya\SimplicityStudio\v4_workspace\LED_BLINKY_SDK2_7\platform\radio\rail_lib\autogen\librail_release\librail_efr32xg1_gcc_release.a(generic_phy.o)
                0x0001469c                GENERIC_PHY_PreviousTxTime
 .text.GENERIC_PHY_RACConfig
                0x000146a8       0x40 C:\Users\Shreya\SimplicityStudio\v4_workspace\LED_BLINKY_SDK2_7\platform\radio\rail_lib\autogen\librail_release\librail_efr32xg1_gcc_release.a(generic_phy.o)
                0x000146a8                GENERIC_PHY_RACConfig
 .text.GENERIC_PHY_ResetRxFifo
                0x000146e8       0x30 C:\Users\Shreya\SimplicityStudio\v4_workspace\LED_BLINKY_SDK2_7\platform\radio\rail_lib\autogen\librail_release\librail_efr32xg1_gcc_release.a(generic_phy.o)
                0x000146e8                GENERIC_PHY_ResetRxFifo
 .text.GENERIC_PHY_RadioIdle
                0x00014718      0x138 C:\Users\Shreya\SimplicityStudio\v4_workspace\LED_BLINKY_SDK2_7\platform\radio\rail_lib\autogen\librail_release\librail_efr32xg1_gcc_release.a(generic_phy.o)
                0x00014718                GENERIC_PHY_RadioIdle
 .text.FRC_IRQHandler
                0x00014850      0x448 C:\Users\Shreya\SimplicityStudio\v4_workspace\LED_BLINKY_SDK2_7\platform\radio\rail_lib\autogen\librail_release\librail_efr32xg1_gcc_release.a(generic_phy.o)
                0x00014850                FRC_IRQHandler
 .text.FRC_PRI_IRQHandler
                0x00014c98        0x4 C:\Users\Shreya\SimplicityStudio\v4_workspace\LED_BLINKY_SDK2_7\platform\radio\rail_lib\autogen\librail_release\librail_efr32xg1_gcc_release.a(generic_phy.o)
                0x00014c98                FRC_PRI_IRQHandler
 .text.BUFC_IRQHandler
                0x00014c9c        0x4 C:\Users\Shreya\SimplicityStudio\v4_workspace\LED_BLINKY_SDK2_7\platform\radio\rail_lib\autogen\librail_release\librail_efr32xg1_gcc_release.a(generic_phy.o)
                0x00014c9c                BUFC_IRQHandler
 .text.PROTIMER_IRQHandler
                0x00014ca0        0x4 C:\Users\Shreya\SimplicityStudio\v4_workspace\LED_BLINKY_SDK2_7\platform\radio\rail_lib\autogen\librail_release\librail_efr32xg1_gcc_release.a(generic_phy.o)
                0x00014ca0                PROTIMER_IRQHandler
 .text.RAC_SEQ_IRQHandler
                0x00014ca4        0x4 C:\Users\Shreya\SimplicityStudio\v4_workspace\LED_BLINKY_SDK2_7\platform\radio\rail_lib\autogen\librail_release\librail_efr32xg1_gcc_release.a(generic_phy.o)
                0x00014ca4                RAC_SEQ_IRQHandler
 .text.RAILCb_RadioStateChanged
                0x00014ca8       0x14 C:\Users\Shreya\SimplicityStudio\v4_workspace\LED_BLINKY_SDK2_7\platform\radio\rail_lib\autogen\librail_release\librail_efr32xg1_gcc_release.a(generic_phy.o)
                0x00014ca8                RAILCb_RadioStateChanged
 .text.RAC_RSM_IRQHandler
                0x00014cbc       0x48 C:\Users\Shreya\SimplicityStudio\v4_workspace\LED_BLINKY_SDK2_7\platform\radio\rail_lib\autogen\librail_release\librail_efr32xg1_gcc_release.a(generic_phy.o)
                0x00014cbc                RAC_RSM_IRQHandler
 .text.MODEM_IRQHandler
                0x00014d04        0x4 C:\Users\Shreya\SimplicityStudio\v4_workspace\LED_BLINKY_SDK2_7\platform\radio\rail_lib\autogen\librail_release\librail_efr32xg1_gcc_release.a(generic_phy.o)
                0x00014d04                MODEM_IRQHandler
 .text.AGC_IRQHandler
                0x00014d08       0x40 C:\Users\Shreya\SimplicityStudio\v4_workspace\LED_BLINKY_SDK2_7\platform\radio\rail_lib\autogen\librail_release\librail_efr32xg1_gcc_release.a(generic_phy.o)
                0x00014d08                AGC_IRQHandler
 .text.SYNTH_IRQHandler
                0x00014d48       0x10 C:\Users\Shreya\SimplicityStudio\v4_workspace\LED_BLINKY_SDK2_7\platform\radio\rail_lib\autogen\librail_release\librail_efr32xg1_gcc_release.a(generic_phy.o)
                0x00014d48                SYNTH_IRQHandler
 .text.GENERIC_PHY_SetFeatures
                0x00014d58       0x28 C:\Users\Shreya\SimplicityStudio\v4_workspace\LED_BLINKY_SDK2_7\platform\radio\rail_lib\autogen\librail_release\librail_efr32xg1_gcc_release.a(generic_phy.o)
                0x00014d58                GENERIC_PHY_SetFeatures
 .text.GENERIC_PHY_IsFeatureEnabled
                0x00014d80       0x14 C:\Users\Shreya\SimplicityStudio\v4_workspace\LED_BLINKY_SDK2_7\platform\radio\rail_lib\autogen\librail_release\librail_efr32xg1_gcc_release.a(generic_phy.o)
                0x00014d80                GENERIC_PHY_IsFeatureEnabled
 .text.GENERIC_PHY_ConfigureFrameType