Archive member included because of file (symbol)

C:\Users\nikhi\SimplicityStudio\v4_workspacedemo\soc-empty_5\platform\radio\rail_lib\autogen\librail_release\librail_efr32xg1_gcc_release.a(rail_pti.o)
                              ./pti.o (RAIL_ConfigPti)
C:\Users\nikhi\SimplicityStudio\v4_workspacedemo\soc-empty_5\platform\radio\rail_lib\autogen\librail_release\librail_efr32xg1_gcc_release.a(rail_rf_hal.o)
                              C:\Users\nikhi\SimplicityStudio\v4_workspacedemo\soc-empty_5\platform\radio\rail_lib\autogen\librail_release\librail_efr32xg1_gcc_release.a(rail_pti.o) (RFHAL_ConfigPti)
C:\Users\nikhi\SimplicityStudio\v4_workspacedemo\soc-empty_5\platform\radio\rail_lib\autogen\librail_release\librail_efr32xg1_gcc_release.a(rail_singleprotocol.o)
                              C:\Users\nikhi\SimplicityStudio\v4_workspacedemo\soc-empty_5\platform\radio\rail_lib\autogen\librail_release\librail_efr32xg1_gcc_release.a(rail_rf_hal.o) (RAIL_ActiveHandle)
C:\Users\nikhi\SimplicityStudio\v4_workspacedemo\soc-empty_5\platform\radio\rail_lib\autogen\librail_release\librail_efr32xg1_gcc_release.a(rail_rf.o)
                              C:\Users\nikhi\SimplicityStudio\v4_workspacedemo\soc-empty_5\platform\radio\rail_lib\autogen\librail_release\librail_efr32xg1_gcc_release.a(rail_singleprotocol.o) (RAILCore_Init)
C:\Users\nikhi\SimplicityStudio\v4_workspacedemo\soc-empty_5\platform\radio\rail_lib\autogen\librail_release\librail_efr32xg1_gcc_release.a(rail_rx.o)
                              C:\Users\nikhi\SimplicityStudio\v4_workspacedemo\soc-empty_5\platform\radio\rail_lib\autogen\librail_release\librail_efr32xg1_gcc_release.a(rail_rf_hal.o) (RAILCore_StartRx)
C:\Users\nikhi\SimplicityStudio\v4_workspacedemo\soc-empty_5\platform\radio\rail_lib\autogen\librail_release\librail_efr32xg1_gcc_release.a(rail_tx.o)
                              C:\Users\nikhi\SimplicityStudio\v4_workspacedemo\soc-empty_5\platform\radio\rail_lib\autogen\librail_release\librail_efr32xg1_gcc_release.a(rail_singleprotocol.o) (RAILCore_StartTx)
C:\Users\nikhi\SimplicityStudio\v4_workspacedemo\soc-empty_5\platform\radio\rail_lib\autogen\librail_release\librail_efr32xg1_gcc_release.a(rail_calibration.o)
                              C:\Users\nikhi\SimplicityStudio\v4_workspacedemo\soc-empty_5\platform\radio\rail_lib\autogen\librail_release\librail_efr32xg1_gcc_release.a(rail_rf_hal.o) (RAILInt_PendCal)
C:\Users\nikhi\SimplicityStudio\v4_workspacedemo\soc-empty_5\platform\radio\rail_lib\autogen\librail_release\librail_efr32xg1_gcc_release.a(rail_assert.o)
                              C:\Users\nikhi\SimplicityStudio\v4_workspacedemo\soc-empty_5\platform\radio\rail_lib\autogen\librail_release\librail_efr32xg1_gcc_release.a(rail_rf.o) (RAILInt_Assert)
C:\Users\nikhi\SimplicityStudio\v4_workspacedemo\soc-empty_5\platform\radio\rail_lib\autogen\librail_release\librail_efr32xg1_gcc_release.a(rail_rssi.o)
                              C:\Users\nikhi\SimplicityStudio\v4_workspacedemo\soc-empty_5\platform\radio\rail_lib\autogen\librail_release\librail_efr32xg1_gcc_release.a(rail_singleprotocol.o) (RAILCore_GetRssi)
C:\Users\nikhi\SimplicityStudio\v4_workspacedemo\soc-empty_5\platform\radio\rail_lib\autogen\librail_release\librail_efr32xg1_gcc_release.a(bufc.o)
                              C:\Users\nikhi\SimplicityStudio\v4_workspacedemo\soc-empty_5\platform\radio\rail_lib\autogen\librail_release\librail_efr32xg1_gcc_release.a(rail_rf_hal.o) (BUFC_SetTxBuffer)
C:\Users\nikhi\SimplicityStudio\v4_workspacedemo\soc-empty_5\platform\radio\rail_lib\autogen\librail_release\librail_efr32xg1_gcc_release.a(ir_cal.o)
                              C:\Users\nikhi\SimplicityStudio\v4_workspacedemo\soc-empty_5\platform\radio\rail_lib\autogen\librail_release\librail_efr32xg1_gcc_release.a(rail_rf_hal.o) (IRCAL_Set)
C:\Users\nikhi\SimplicityStudio\v4_workspacedemo\soc-empty_5\platform\radio\rail_lib\autogen\librail_release\librail_efr32xg1_gcc_release.a(pa.o)
                              C:\Users\nikhi\SimplicityStudio\v4_workspacedemo\soc-empty_5\platform\radio\rail_lib\autogen\librail_release\librail_efr32xg1_gcc_release.a(rail_rf_hal.o) (PA_GetTxPowerConfig)
C:\Users\nikhi\SimplicityStudio\v4_workspacedemo\soc-empty_5\platform\radio\rail_lib\autogen\librail_release\librail_efr32xg1_gcc_release.a(protimer.o)
                              C:\Users\nikhi\SimplicityStudio\v4_workspacedemo\soc-empty_5\platform\radio\rail_lib\autogen\librail_release\librail_efr32xg1_gcc_release.a(rail_rf_hal.o) (PROTIMER_Start)
C:\Users\nikhi\SimplicityStudio\v4_workspacedemo\soc-empty_5\platform\radio\rail_lib\autogen\librail_release\librail_efr32xg1_gcc_release.a(pti.o)
                              C:\Users\nikhi\SimplicityStudio\v4_workspacedemo\soc-empty_5\platform\radio\rail_lib\autogen\librail_release\librail_efr32xg1_gcc_release.a(rail_rf_hal.o) (PTI_Config)
[...]
Memory Configuration

Name             Origin             Length             Attributes
FLASH_BOOTLOADER 0x00000000         0x00004000         xr
FLASH            0x00004000         0x0003b000         xr
RAM              0x20000000         0x00007bfc         xrw
*default*        0x00000000         0xffffffff

Linker script and memory map

LOAD c:/siliconlabs/simplicitystudio/v4/developer/toolchains/gnu_arm/4.9_2015q3/bin/../lib/gcc/arm-none-eabi/4.9.3/armv7e-m/softfp/crti.o
LOAD c:/siliconlabs/simplicitystudio/v4/developer/toolchains/gnu_arm/4.9_2015q3/bin/../lib/gcc/arm-none-eabi/4.9.3/armv7e-m/softfp/crtbegin.o
LOAD c:/siliconlabs/simplicitystudio/v4/developer/toolchains/gnu_arm/4.9_2015q3/bin/../lib/gcc/arm-none-eabi/4.9.3/../../../../arm-none-eabi/lib/armv7e-m/softfp/crt0.o
START GROUP
LOAD ./application_properties.o
LOAD ./gatt_db.o
LOAD ./init_app.o
LOAD ./init_board.o
LOAD ./init_mcu.o
LOAD ./main.o
LOAD ./pti.o
LOAD ./hardware/kit/common/bsp/bsp_stk.o
LOAD ./hardware/kit/common/drivers/mx25flash_spi.o
LOAD ./lcd/bmp.o
LOAD ./lcd/display.o
LOAD ./lcd/displayls013b7dh03.o
LOAD ./lcd/displaypalemlib.o
LOAD ./lcd/dmd_display.o
LOAD ./lcd/glib.o
LOAD ./lcd/glib_bitmap.o
LOAD ./lcd/glib_circle.o
LOAD ./lcd/glib_font_narrow_6x8.o
LOAD ./lcd/glib_font_normal_8x8.o
LOAD ./lcd/glib_font_number_16x20.o
LOAD ./lcd/glib_line.o
LOAD ./lcd/glib_polygon.o
LOAD ./lcd/glib_rectangle.o
LOAD ./lcd/glib_string.o
LOAD ./lcd/graphics.o
LOAD ./lcd/udelay.o
LOAD ./platform/Device/SiliconLabs/EFR32BG1B/Source/GCC/startup_efr32bg1b.o
LOAD ./platform/Device/SiliconLabs/EFR32BG1B/Source/system_efr32bg1b.o
LOAD ./platform/emdrv/sleep/src/sleep.o
LOAD ./platform/emdrv/tempdrv/src/tempdrv.o
LOAD ./platform/emlib/src/em_acmp.o
LOAD ./platform/emlib/src/em_adc.o
LOAD ./platform/emlib/src/em_aes.o
LOAD ./platform/emlib/src/em_assert.o
LOAD ./platform/emlib/src/em_burtc.o
LOAD ./platform/emlib/src/em_can.o
LOAD ./platform/emlib/src/em_cmu.o
LOAD ./platform/emlib/src/em_core.o
LOAD ./platform/emlib/src/em_cryotimer.o
LOAD ./platform/emlib/src/em_crypto.o
LOAD ./platform/emlib/src/em_csen.o
LOAD ./platform/emlib/src/em_dac.o
LOAD ./platform/emlib/src/em_dbg.o
LOAD ./platform/emlib/src/em_dma.o
LOAD ./platform/emlib/src/em_ebi.o
LOAD ./platform/emlib/src/em_emu.o
LOAD ./platform/emlib/src/em_gpcrc.o
LOAD ./platform/emlib/src/em_gpio.o
LOAD ./platform/emlib/src/em_i2c.o
LOAD ./platform/emlib/src/em_idac.o
LOAD ./platform/emlib/src/em_int.o
LOAD ./platform/emlib/src/em_lcd.o
LOAD ./platform/emlib/src/em_ldma.o
LOAD ./platform/emlib/src/em_lesense.o
LOAD ./platform/emlib/src/em_letimer.o
LOAD ./platform/emlib/src/em_leuart.o
LOAD ./platform/emlib/src/em_mpu.o
LOAD ./platform/emlib/src/em_msc.o
LOAD ./platform/emlib/src/em_opamp.o
LOAD ./platform/emlib/src/em_pcnt.o
LOAD ./platform/emlib/src/em_prs.o
LOAD ./platform/emlib/src/em_qspi.o
LOAD ./platform/emlib/src/em_rmu.o
LOAD ./platform/emlib/src/em_rtc.o
LOAD ./platform/emlib/src/em_rtcc.o
LOAD ./platform/emlib/src/em_system.o
LOAD ./platform/emlib/src/em_timer.o
LOAD ./platform/emlib/src/em_usart.o
LOAD ./platform/emlib/src/em_vcmp.o
LOAD ./platform/emlib/src/em_vdac.o
LOAD ./platform/emlib/src/em_wdog.o
LOAD C:\Users\nikhi\SimplicityStudio\v4_workspacedemo\soc-empty_5\platform\radio\rail_lib\autogen\librail_release\librail_efr32xg1_gcc_release.a
LOAD C:\Users\nikhi\SimplicityStudio\v4_workspacedemo\soc-empty_5\protocol\bluetooth_2.7\lib\EFR32BG1B\GCC\libmbedtls.a
LOAD C:\Users\nikhi\SimplicityStudio\v4_workspacedemo\soc-empty_5\protocol\bluetooth_2.7\lib\EFR32BG1B\GCC\libbluetooth.a
LOAD C:\Users\nikhi\SimplicityStudio\v4_workspacedemo\soc-empty_5\protocol\bluetooth_2.7\lib\EFR32BG1B\GCC\binapploader.o
LOAD C:\Users\nikhi\SimplicityStudio\v4_workspacedemo\soc-empty_5\protocol\bluetooth_2.7\lib\EFR32BG1B\GCC\libpsstore.a
LOAD c:/siliconlabs/simplicitystudio/v4/developer/toolchains/gnu_arm/4.9_2015q3/bin/../lib/gcc/arm-none-eabi/4.9.3/../../../../arm-none-eabi/lib/armv7e-m/softfp\libm.a
END GROUP
START GROUP
LOAD c:/siliconlabs/simplicitystudio/v4/developer/toolchains/gnu_arm/4.9_2015q3/bin/../lib/gcc/arm-none-eabi/4.9.3/armv7e-m/softfp\libgcc.a
LOAD c:/siliconlabs/simplicitystudio/v4/developer/toolchains/gnu_arm/4.9_2015q3/bin/../lib/gcc/arm-none-eabi/4.9.3/../../../../arm-none-eabi/lib/armv7e-m/softfp\libc_nano.a
LOAD c:/siliconlabs/simplicitystudio/v4/developer/toolchains/gnu_arm/4.9_2015q3/bin/../lib/gcc/arm-none-eabi/4.9.3/../../../../arm-none-eabi/lib/armv7e-m/softfp\libnosys.a
END GROUP
START GROUP
LOAD c:/siliconlabs/simplicitystudio/v4/developer/toolchains/gnu_arm/4.9_2015q3/bin/../lib/gcc/arm-none-eabi/4.9.3/armv7e-m/softfp\libgcc.a
LOAD c:/siliconlabs/simplicitystudio/v4/developer/toolchains/gnu_arm/4.9_2015q3/bin/../lib/gcc/arm-none-eabi/4.9.3/../../../../arm-none-eabi/lib/armv7e-m/softfp\libg_nano.a
LOAD c:/siliconlabs/simplicitystudio/v4/developer/toolchains/gnu_arm/4.9_2015q3/bin/../lib/gcc/arm-none-eabi/4.9.3/../../../../arm-none-eabi/lib/armv7e-m/softfp\libc_nano.a
END GROUP
START GROUP
LOAD c:/siliconlabs/simplicitystudio/v4/developer/toolchains/gnu_arm/4.9_2015q3/bin/../lib/gcc/arm-none-eabi/4.9.3/armv7e-m/softfp\libgcc.a
LOAD c:/siliconlabs/simplicitystudio/v4/developer/toolchains/gnu_arm/4.9_2015q3/bin/../lib/gcc/arm-none-eabi/4.9.3/../../../../arm-none-eabi/lib/armv7e-m/softfp\libc_nano.a
END GROUP
LOAD c:/siliconlabs/simplicitystudio/v4/developer/toolchains/gnu_arm/4.9_2015q3/bin/../lib/gcc/arm-none-eabi/4.9.3/armv7e-m/softfp/crtend.o
LOAD c:/siliconlabs/simplicitystudio/v4/developer/toolchains/gnu_arm/4.9_2015q3/bin/../lib/gcc/arm-none-eabi/4.9.3/armv7e-m/softfp/crtn.o

.text_bootloader
                0x00000000        0x0
 *(.binbootloader*)
                0x00000000                . = ALIGN (0x4000)

.text_apploader
                0x00004000     0x8fc0
 *(.binapploader*)
 .binapploader  0x00004000     0x8fc0 C:\Users\nikhi\SimplicityStudio\v4_workspacedemo\soc-empty_5\protocol\bluetooth_2.7\lib\EFR32BG1B\GCC\binapploader.o

.text_signature
                0x0000cfc0       0x40
                0x0000d000                . = ALIGN (0x800)
 *fill*         0x0000cfc0       0x40 
                0x0000d000                __text_start__ = .

.text_application
                0x0000d000    0x23614
 *(.vectors)
 .vectors       0x0000d000       0xc8 ./platform/Device/SiliconLabs/EFR32BG1B/Source/GCC/startup_efr32bg1b.o
                0x0000d000                __Vectors
                0x0000d0c8                __Vectors_End = .
                0x000000c8                __Vectors_Size = (__Vectors_End - __Vectors)
                0x0000d0c8                __end__ = .
 *(.application_properties)
 .application_properties
                0x0000d0c8       0x38 ./application_properties.o
                0x0000d0c8                applicationProperties
 *(.gecko_configuration)
 *(.xo_configuration)
 *(.gatt_header)
 .gatt_header   0x0000d100       0x34 ./gatt_db.o
                0x0000d100                bg_gattdb_data
 *(.gatt_data)
 .gatt_data     0x0000d134      0x1d5 ./gatt_db.o
                0x0000d134                bg_gattdb_data_uuidtable_16_map
                0x0000d150                bg_gattdb_data_uuidtable_128_map
                0x0000d170                bg_gattdb_data_attribute_field_18
                0x0000d178                bg_gattdb_data_attribute_field_17
                0x0000d190                bg_gattdb_data_attribute_field_16
                0x0000d1a4                bg_gattdb_data_attribute_field_15
                0x0000d1ac                bg_gattdb_data_attribute_field_14
                0x0000d1b4                bg_gattdb_data_attribute_field_13
                0x0000d1c0                bg_gattdb_data_attribute_field_12
                0x0000d1c8                bg_gattdb_data_attribute_field_11
                0x0000d1d8                bg_gattdb_data_attribute_field_10
                0x0000d1e0                bg_gattdb_data_attribute_field_9
                0x0000d1e4                bg_gattdb_data_attribute_field_8
                0x0000d1e8                bg_gattdb_data_attribute_field_7
                0x0000d1f0                bg_gattdb_data_attribute_field_6
                0x0000d1f8                bg_gattdb_data_attribute_field_5
                0x0000d200                bg_gattdb_data_attribute_field_4
                0x0000d204                bg_gattdb_data_attribute_field_2
                0x0000d20c                bg_gattdb_data_attribute_field_1
                0x0000d214                bg_gattdb_data_attribute_field_0
                0x0000d218                bg_gattdb_data_attributes_map
                0x0000d2fc                bg_gattdb_data_attributes_dynamic_mapping_map
                0x0000d304                bg_gattdb_data_adv_uuid16_map
                0x0000d308                bg_gattdb_data_adv_uuid128_map
 *(.text*)
 *fill*         0x0000d309        0x3 
 .text          0x0000d30c       0x5c c:/siliconlabs/simplicitystudio/v4/developer/toolchains/gnu_arm/4.9_2015q3/bin/../lib/gcc/arm-none-eabi/4.9.3/armv7e-m/softfp/crtbegin.o
 .text          0x0000d368       0x74 c:/siliconlabs/simplicitystudio/v4/developer/toolchains/gnu_arm/4.9_2015q3/bin/../lib/gcc/arm-none-eabi/4.9.3/../../../../arm-none-eabi/lib/armv7e-m/softfp/crt0.o
                0x0000d368                _start
                0x0000d368                _mainCRTStartup
 .text.initApp  0x0000d3dc       0x30 ./init_app.o
                0x0000d3dc                initApp
 .text.initBoard
                0x0000d40c       0x48 ./init_board.o
                0x0000d40c                initBoard
 .text.BUS_RegBitWrite
                0x0000d454       0x2c ./init_mcu.o
 .text.SYSTEM_GetProdRev
                0x0000d480       0x1c ./init_mcu.o
 .text.CHIP_Init
                0x0000d49c       0xb4 ./init_mcu.o
 .text.initMcu  0x0000d550       0x70 ./init_mcu.o
                0x0000d550                initMcu
 .text.initMcu_clocks
                0x0000d5c0       0xa4 ./init_mcu.o
 .text.BUS_RegBitRead
                0x0000d664       0x2c ./main.o
 .text.BUS_RegMaskedSet
                0x0000d690       0x24 ./main.o
 .text.BUS_RegMaskedClear
                0x0000d6b4       0x24 ./main.o
 .text.GPIO_PinInGet
                0x0000d6d8       0x54 ./main.o
 .text.GPIO_PinOutClear
                0x0000d72c       0x58 ./main.o
 .text.GPIO_PinOutSet
                0x0000d784       0x58 ./main.o
 .text.gecko_initCoexHAL
                0x0000d7dc        0xc ./main.o
 .text.gecko_init
                0x0000d7e8       0x48 ./main.o
 .text.gecko_cmd_le_gap_open
                0x0000d830       0x6c ./main.o
 .text.gecko_cmd_le_gap_discover
                0x0000d89c       0x50 ./main.o
 .text.gecko_cmd_le_gap_end_procedure
                0x0000d8ec       0x48 ./main.o
 .text.gecko_cmd_le_gap_set_adv_parameters
                0x0000d934       0x64 ./main.o
 .text.gecko_cmd_gatt_discover_primary_services_by_uuid
                0x0000d998       0x8c ./main.o
 .text.gecko_cmd_gatt_discover_characteristics
                0x0000da24       0x5c ./main.o
 .text.gecko_cmd_gatt_set_characteristic_notification
                0x0000da80       0x68 ./main.o
 .text.gecko_cmd_endpoint_close
                0x0000dae8       0x50 ./main.o
 .text.gecko_cmd_flash_ps_save
                0x0000db38       0x8c ./main.o
 .text.gecko_cmd_flash_ps_load
                0x0000dbc4       0x50 ./main.o
 .text.gecko_cmd_sm_set_bondable_mode
                0x0000dc14       0x50 ./main.o
 .text.gecko_cmd_sm_configure
                0x0000dc64       0x5c ./main.o
 .text.gecko_cmd_sm_increase_security
                0x0000dcc0       0x50 ./main.o
 .text.gecko_cmd_sm_delete_bondings
                0x0000dd10       0x48 ./main.o
 .text.gecko_cmd_sm_passkey_confirm
                0x0000dd58       0x5c ./main.o
 .text.TIMER_MaxCount
                0x0000ddb4       0x18 ./main.o
 .text.TIMER_CompareBufSet
                0x0000ddcc       0x28 ./main.o
 .text.TIMER_TopSet
                0x0000ddf4       0x1c ./main.o
 .text.persistent_state_load
                0x0000de10       0x40 ./main.o
 .text.persistent_state_store
                0x0000de50       0x34 ./main.o
 .text.reset_variables
                0x0000de84       0x34 ./main.o
 .text.process_scan_response
                0x0000deb8       0xdc ./main.o
 .text.TimerInitFunc
                0x0000df94       0xfc ./main.o
                0x0000df94                TimerInitFunc
 .text.main     0x0000e090      0x744 ./main.o
                0x0000e090                main
 .text.configEnablePti
                0x0000e7d4       0x48 ./pti.o
                0x0000e7d4                configEnablePti
 .text.BUS_RegMaskedSet
                0x0000e81c       0x24 ./hardware/kit/common/drivers/mx25flash_spi.o
 .text.BUS_RegMaskedClear
                0x0000e840       0x24 ./hardware/kit/common/drivers/mx25flash_spi.o
 .text.GPIO_PinOutClear
                0x0000e864       0x58 ./hardware/kit/common/drivers/mx25flash_spi.o
 .text.GPIO_PinOutSet
                0x0000e8bc       0x58 ./hardware/kit/common/drivers/mx25flash_spi.o
 .text.MX25_init
                0x0000e914       0x98 ./hardware/kit/common/drivers/mx25flash_spi.o
                0x0000e914                MX25_init
 .text.Wait_Flash_WarmUp
                0x0000e9ac       0x24 ./hardware/kit/common/drivers/mx25flash_spi.o
                0x0000e9ac                Wait_Flash_WarmUp
 .text.Initial_Spi
                0x0000e9d0        0xc ./hardware/kit/common/drivers/mx25flash_spi.o
                0x0000e9d0                Initial_Spi
 .text.CS_Low   0x0000e9dc       0x10 ./hardware/kit/common/drivers/mx25flash_spi.o
                0x0000e9dc                CS_Low
 .text.CS_High  0x0000e9ec       0x10 ./hardware/kit/common/drivers/mx25flash_spi.o
                0x0000e9ec                CS_High
 .text.InsertDummyCycle
                0x0000e9fc       0x38 ./hardware/kit/common/drivers/mx25flash_spi.o
                0x0000e9fc                InsertDummyCycle
 .text.SendByte
                0x0000ea34       0x3c ./hardware/kit/common/drivers/mx25flash_spi.o
                0x0000ea34                SendByte
 .text.MX25_DP  0x0000ea70       0x34 ./hardware/kit/common/drivers/mx25flash_spi.o
                0x0000ea70                MX25_DP
 .text.DISPLAY_Init
                0x0000eaa4       0x54 ./lcd/display.o
                0x0000eaa4                DISPLAY_Init
 .text.DISPLAY_DeviceGet
                0x0000eaf8       0x60 ./lcd/display.o
                0x0000eaf8                DISPLAY_DeviceGet
 .text.DISPLAY_DeviceRegister
                0x0000eb58       0x6c ./lcd/display.o
                0x0000eb58                DISPLAY_DeviceRegister
 .text.DISPLAY_Ls013b7dh03Init
                0x0000ebc4       0xd0 ./lcd/displayls013b7dh03.o
                0x0000ebc4                DISPLAY_Ls013b7dh03Init
 .text.DriverRefresh
                0x0000ec94       0x20 ./lcd/displayls013b7dh03.o
 .text.DisplayEnable
                0x0000ecb4       0x30 ./lcd/displayls013b7dh03.o
 .text.DisplayClear
                0x0000ece4       0x48 ./lcd/displayls013b7dh03.o
 .text.DisplayPolarityInverse
                0x0000ed2c       0x10 ./lcd/displayls013b7dh03.o
 .text.PixelMatrixAllocate
                0x0000ed3c       0x70 ./lcd/displayls013b7dh03.o
 .text.PixelMatrixFree
                0x0000edac       0x1c ./lcd/displayls013b7dh03.o
 .text.PixelMatrixClear
                0x0000edc8       0x40 ./lcd/displayls013b7dh03.o
 .text.PixelMatrixDraw
                0x0000ee08       0xb8 ./lcd/displayls013b7dh03.o
 .text.BUS_RegMaskedSet
                0x0000eec0       0x24 ./lcd/displaypalemlib.o
 .text.BUS_RegMaskedClear
                0x0000eee4       0x24 ./lcd/displaypalemlib.o
 .text.GPIO_PinOutClear
                0x0000ef08       0x58 ./lcd/displaypalemlib.o
 .text.GPIO_PinOutSet
                0x0000ef60       0x58 ./lcd/displaypalemlib.o
 .text.PAL_SpiInit
                0x0000efb8       0x64 ./lcd/displaypalemlib.o
                0x0000efb8                PAL_SpiInit
 .text.PAL_SpiTransmit
                0x0000f01c       0x74 ./lcd/displaypalemlib.o
                0x0000f01c                PAL_SpiTransmit
 .text.PAL_TimerInit
                0x0000f090       0x18 ./lcd/displaypalemlib.o
                0x0000f090                PAL_TimerInit
 .text.PAL_TimerMicroSecondsDelay
                0x0000f0a8       0x1c ./lcd/displaypalemlib.o
                0x0000f0a8                PAL_TimerMicroSecondsDelay
 .text.PAL_TimerRepeat
                0x0000f0c4       0x30 ./lcd/displaypalemlib.o
                0x0000f0c4                PAL_TimerRepeat
 .text.PAL_GpioInit
                0x0000f0f4       0x20 ./lcd/displaypalemlib.o
                0x0000f0f4                PAL_GpioInit
 .text.PAL_GpioPinModeSet
                0x0000f114       0x44 ./lcd/displaypalemlib.o
                0x0000f114                PAL_GpioPinModeSet
 .text.PAL_GpioPinOutSet
                0x0000f158       0x24 ./lcd/displaypalemlib.o
                0x0000f158                PAL_GpioPinOutSet
 .text.PAL_GpioPinOutClear
                0x0000f17c       0x24 ./lcd/displaypalemlib.o
                0x0000f17c                PAL_GpioPinOutClear
 .text.DMD_init
                0x0000f1a0       0xc8 ./lcd/dmd_display.o
                0x0000f1a0                DMD_init
 .text.DMD_getDisplayGeometry
                0x0000f268       0x38 ./lcd/dmd_display.o
                0x0000f268                DMD_getDisplayGeometry
 .text.DMD_setClippingArea
                0x0000f2a0       0x8c ./lcd/dmd_display.o
                0x0000f2a0                DMD_setClippingArea
 .text.DMD_writeColor
                0x0000f32c      0x2b4 ./lcd/dmd_display.o
                0x0000f32c                DMD_writeColor
 .text.DMD_allocateFramebuffer
                0x0000f5e0       0x54 ./lcd/dmd_display.o
                0x0000f5e0                DMD_allocateFramebuffer
 .text.DMD_updateDisplay
                0x0000f634      0x114 ./lcd/dmd_display.o
                0x0000f634                DMD_updateDisplay
 .text.GLIB_colorTranslate24bppInl
                0x0000f748       0x34 ./lcd/glib.o
 .text.GLIB_contextInit
                0x0000f77c       0x84 ./lcd/glib.o
                0x0000f77c                GLIB_contextInit
 .text.GLIB_setClippingRegion
                0x0000f800       0xa4 ./lcd/glib.o
                0x0000f800                GLIB_setClippingRegion
 .text.GLIB_clear
                0x0000f8a4       0x70 ./lcd/glib.o
                0x0000f8a4                GLIB_clear
 .text.GLIB_resetDisplayClippingArea
                0x0000f914       0x30 ./lcd/glib.o
                0x0000f914                GLIB_resetDisplayClippingArea
 .text.GLIB_applyClippingRegion
                0x0000f944       0x58 ./lcd/glib.o
                0x0000f944                GLIB_applyClippingRegion
 .text.GLIB_colorTranslate24bpp
                0x0000f99c       0x20 ./lcd/glib.o
                0x0000f99c                GLIB_colorTranslate24bpp
 .text.GLIB_drawPixel
                0x0000f9bc       0x6c ./lcd/glib.o
                0x0000f9bc                GLIB_drawPixel
 .text.GLIB_drawPixelColor
                0x0000fa28       0x6c ./lcd/glib.o
                0x0000fa28                GLIB_drawPixelColor
 .text.GLIB_rectContainsPoint
                0x0000fa94       0x4c ./lcd/glib_rectangle.o
                0x0000fa94                GLIB_rectContainsPoint
 .text.GLIB_drawChar
                0x0000fae0      0x1d8 ./lcd/glib_string.o
                0x0000fae0                GLIB_drawChar
 .text.GLIB_drawString
                0x0000fcb8       0xd0 ./lcd/glib_string.o
                0x0000fcb8                GLIB_drawString
 .text.GLIB_setFont
                0x0000fd88       0x44 ./lcd/glib_string.o
                0x0000fd88                GLIB_setFont
 .text.GRAPHICS_Init
                0x0000fdcc       0x58 ./lcd/graphics.o
                0x0000fdcc                GRAPHICS_Init
 .text.GRAPHICS_Update
                0x0000fe24        0xc ./lcd/graphics.o
                0x0000fe24                GRAPHICS_Update
 .text.GRAPHICS_Clear
                0x0000fe30       0x24 ./lcd/graphics.o
                0x0000fe30                GRAPHICS_Clear
 .text.GRAPHICS_AppendString
                0x0000fe54       0x58 ./lcd/graphics.o
                0x0000fe54                GRAPHICS_AppendString
 .text.rtcIntCallbackRegister
                0x0000feac       0x1c ./lcd/graphics.o
                0x0000feac                rtcIntCallbackRegister
 .text.NVIC_ClearPendingIRQ
                0x0000fec8       0x34 ./lcd/udelay.o
 .text.RTCC_CounterGet
                0x0000fefc       0x18 ./lcd/udelay.o
 .text.UDELAY_Calibrate
                0x0000ff14      0x190 ./lcd/udelay.o
                0x0000ff14                UDELAY_Calibrate
 .text.UDELAY_Delay
                0x000100a4       0x38 ./lcd/udelay.o
                0x000100a4                UDELAY_Delay
 .text.calibrate_delay
                0x000100dc       0xd8 ./lcd/udelay.o
 .text.clock    0x000101b4       0x10 ./lcd/udelay.o
 .text._delay   0x000101c4       0x18 ./lcd/udelay.o
 .text.Reset_Handler
                0x000101dc       0x3c ./platform/Device/SiliconLabs/EFR32BG1B/Source/GCC/startup_efr32bg1b.o
                0x000101dc                Reset_Handler
 .text.Default_Handler
                0x00010218        0x8 ./platform/Device/SiliconLabs/EFR32BG1B/Source/GCC/startup_efr32bg1b.o
                0x00010218                DebugMon_Handler
                0x00010218                USART0_TX_IRQHandler
                0x00010218                I2C0_IRQHandler
                0x00010218                HardFault_Handler
                0x00010218                SysTick_Handler
                0x00010218                USART1_RX_IRQHandler
                0x00010218                PendSV_Handler
                0x00010218                NMI_Handler
                0x00010218                WDOG0_IRQHandler
                0x00010218                USART1_TX_IRQHandler
                0x00010218                MSC_IRQHandler
                0x00010218                ADC0_IRQHandler
                0x00010218                UsageFault_Handler
                0x00010218                LEUART0_IRQHandler
                0x00010218                FPUEH_IRQHandler
                0x00010218                GPIO_EVEN_IRQHandler
                0x00010218                LDMA_IRQHandler
                0x00010218                TIMER0_IRQHandler
                0x00010218                LETIMER0_IRQHandler
                0x00010218                TIMER1_IRQHandler
                0x00010218                Default_Handler
                0x00010218                CRYOTIMER_IRQHandler
                0x00010218                PCNT0_IRQHandler
                0x00010218                ACMP0_IRQHandler
                0x00010218                USART0_RX_IRQHandler
                0x00010218                MemManage_Handler
                0x00010218                SVC_Handler
                0x00010218                RTCC_IRQHandler
                0x00010218                CRYPTO_IRQHandler
                0x00010218                CMU_IRQHandler
                0x00010218                GPIO_ODD_IRQHandler
                0x00010218                BusFault_Handler
                0x00010218                IDAC0_IRQHandler
 .text.SystemCoreClockGet
                0x00010220       0x44 ./platform/Device/SiliconLabs/EFR32BG1B/Source/system_efr32bg1b.o
                0x00010220                SystemCoreClockGet
 .text.SystemMaxCoreClockGet
                0x00010264       0x14 ./platform/Device/SiliconLabs/EFR32BG1B/Source/system_efr32bg1b.o
                0x00010264                SystemMaxCoreClockGet
 .text.SystemHFClockGet
                0x00010278       0x70 ./platform/Device/SiliconLabs/EFR32BG1B/Source/system_efr32bg1b.o
                0x00010278                SystemHFClockGet
 .text.SystemHFXOClockGet
                0x000102e8       0x18 ./platform/Device/SiliconLabs/EFR32BG1B/Source/system_efr32bg1b.o
                0x000102e8                SystemHFXOClockGet
 .text.SystemHFXOClockSet
                0x00010300       0x30 ./platform/Device/SiliconLabs/EFR32BG1B/Source/system_efr32bg1b.o
                0x00010300                SystemHFXOClockSet
 .text.SystemInit
                0x00010330       0x5c ./platform/Device/SiliconLabs/EFR32BG1B/Source/system_efr32bg1b.o
                0x00010330                SystemInit
 .text.SystemLFRCOClockGet
                0x0001038c       0x14 ./platform/Device/SiliconLabs/EFR32BG1B/Source/system_efr32bg1b.o
                0x0001038c                SystemLFRCOClockGet
 .text.SystemULFRCOClockGet
                0x000103a0       0x14 ./platform/Device/SiliconLabs/EFR32BG1B/Source/system_efr32bg1b.o
                0x000103a0                SystemULFRCOClockGet
 .text.SystemLFXOClockGet
                0x000103b4       0x18 ./platform/Device/SiliconLabs/EFR32BG1B/Source/system_efr32bg1b.o
                0x000103b4                SystemLFXOClockGet
 .text.SystemLFXOClockSet
                0x000103cc       0x30 ./platform/Device/SiliconLabs/EFR32BG1B/Source/system_efr32bg1b.o
                0x000103cc                SystemLFXOClockSet
 .text.BUS_RegBitWrite
                0x000103fc       0x2c ./platform/emdrv/sleep/src/sleep.o
 .text.EMU_EnterEM1
                0x00010428       0x20 ./platform/emdrv/sleep/src/sleep.o
 .text.EMU_EM2Block
                0x00010448       0x14 ./platform/emdrv/sleep/src/sleep.o
 .text.EMU_EM2UnBlock
                0x0001045c       0x14 ./platform/emdrv/sleep/src/sleep.o
 .text.sleepCallbackWrapper
                0x00010470       0x2c ./platform/emdrv/sleep/src/sleep.o
 .text.SLEEP_Init
                0x0001049c       0x60 ./platform/emdrv/sleep/src/sleep.o
                0x0001049c                SLEEP_Init
 .text.SLEEP_Sleep
                0x000104fc       0x90 ./platform/emdrv/sleep/src/sleep.o
                0x000104fc                SLEEP_Sleep
 .text.SLEEP_SleepBlockBegin
                0x0001058c       0x48 ./platform/emdrv/sleep/src/sleep.o
                0x0001058c                SLEEP_SleepBlockBegin
 .text.SLEEP_SleepBlockEnd
                0x000105d4       0x58 ./platform/emdrv/sleep/src/sleep.o
                0x000105d4                SLEEP_SleepBlockEnd
 .text.SLEEP_LowestEnergyModeGet
                0x0001062c       0x40 ./platform/emdrv/sleep/src/sleep.o
                0x0001062c                SLEEP_LowestEnergyModeGet
 .text.enterEMx
                0x0001066c       0xa0 ./platform/emdrv/sleep/src/sleep.o
 .text.NVIC_EnableIRQ
                0x0001070c       0x30 ./platform/emdrv/tempdrv/src/tempdrv.o
 .text.NVIC_ClearPendingIRQ
                0x0001073c       0x34 ./platform/emdrv/tempdrv/src/tempdrv.o
 .text.EMU_IntClear
                0x00010770       0x1c ./platform/emdrv/tempdrv/src/tempdrv.o
 .text.EMU_IntDisable
                0x0001078c       0x24 ./platform/emdrv/tempdrv/src/tempdrv.o
 .text.EMU_IntEnable
                0x000107b0       0x24 ./platform/emdrv/tempdrv/src/tempdrv.o
 .text.EMU_IntGetEnabled
                0x000107d4       0x24 ./platform/emdrv/tempdrv/src/tempdrv.o
 .text.EMU_IRQHandler
                0x000107f8        0xc ./platform/emdrv/tempdrv/src/tempdrv.o
                0x000107f8                EMU_IRQHandler
 .text.TEMPDRV_IRQHandler
                0x00010804       0xa0 ./platform/emdrv/tempdrv/src/tempdrv.o
                0x00010804                TEMPDRV_IRQHandler
 .text.errataCallback
                0x000108a4       0x20 ./platform/emdrv/tempdrv/src/tempdrv.o
 .text.errataStateUpdate
                0x000108c4       0xbc ./platform/emdrv/tempdrv/src/tempdrv.o
 .text.errataInit
                0x00010980       0x8c ./platform/emdrv/tempdrv/src/tempdrv.o
 .text.convertToTemp
                0x00010a0c       0x58 ./platform/emdrv/tempdrv/src/tempdrv.o
 .text.convertToEmu
                0x00010a64       0x48 ./platform/emdrv/tempdrv/src/tempdrv.o
 .text.disableInterrupts
                0x00010aac       0x18 ./platform/emdrv/tempdrv/src/tempdrv.o
 .text.updateInterrupts
                0x00010ac4      0x140 ./platform/emdrv/tempdrv/src/tempdrv.o
 .text.TEMPDRV_Init
                0x00010c04       0xd4 ./platform/emdrv/tempdrv/src/tempdrv.o
                0x00010c04                TEMPDRV_Init
 .text.TEMPDRV_GetTemp
                0x00010cd8       0x1c ./platform/emdrv/tempdrv/src/tempdrv.o
                0x00010cd8                TEMPDRV_GetTemp
 .text.BUS_RegBitWrite
                0x00010cf4       0x2c ./platform/emlib/src/em_cmu.o
 .text.BUS_RegBitRead
                0x00010d20       0x2c ./platform/emlib/src/em_cmu.o
 .text.BUS_RegMaskedSet
                0x00010d4c       0x24 ./platform/emlib/src/em_cmu.o
 .text.BUS_RegMaskedClear
                0x00010d70       0x24 ./platform/emlib/src/em_cmu.o
 .text.BUS_RegMaskedWrite
                0x00010d94       0x24 ./platform/emlib/src/em_cmu.o
 .text.CMU_Log2ToDiv
                0x00010db8       0x1c ./platform/emlib/src/em_cmu.o
 .text.CMU_PrescToLog2
                0x00010dd4       0x28 ./platform/emlib/src/em_cmu.o
 .text.setHfLeConfig
                0x00010dfc       0x64 ./platform/emlib/src/em_cmu.o
 .text.auxClkGet
                0x00010e60       0x20 ./platform/emlib/src/em_cmu.o
 .text.hfSrcClkGet
                0x00010e80       0x2c ./platform/emlib/src/em_cmu.o
 .text.dbgClkGet
                0x00010eac       0x40 ./platform/emlib/src/em_cmu.o
 .text.adcAsyncClkGet
                0x00010eec       0x80 ./platform/emlib/src/em_cmu.o
 .text.flashWaitStateControl
                0x00010f6c       0x7c ./platform/emlib/src/em_cmu.o
 .text.flashWaitStateMax
                0x00010fe8       0x14 ./platform/emlib/src/em_cmu.o
 .text.CMU_UpdateWaitStates
                0x00010ffc       0x18 ./platform/emlib/src/em_cmu.o
                0x00010ffc                CMU_UpdateWaitStates
 .text.getRegIshUpperVal
                0x00011014       0x38 ./platform/emlib/src/em_cmu.o
 .text.getHfxoTuningMode
                0x0001104c       0x1c ./platform/emlib/src/em_cmu.o
 .text.setHfxoTuningMode
                0x00011068       0x28 ./platform/emlib/src/em_cmu.o
 .text.lfClkGet
                0x00011090       0xec ./platform/emlib/src/em_cmu.o
 .text.syncReg  0x0001117c       0x38 ./platform/emlib/src/em_cmu.o
 .text.CMU_ClockDivGet
                0x000111b4       0x1c ./platform/emlib/src/em_cmu.o
                0x000111b4                CMU_ClockDivGet
 .text.CMU_ClockDivSet
                0x000111d0       0x1c ./platform/emlib/src/em_cmu.o
                0x000111d0                CMU_ClockDivSet
 .text.CMU_ClockEnable
                0x000111ec       0xcc ./platform/emlib/src/em_cmu.o
                0x000111ec                CMU_ClockEnable
 .text.CMU_ClockFreqGet
                0x000112b8      0x198 ./platform/emlib/src/em_cmu.o
                0x000112b8                CMU_ClockFreqGet
 .text.CMU_ClockPrescGet
                0x00011450      0x12c ./platform/emlib/src/em_cmu.o
                0x00011450                CMU_ClockPrescGet
 .text.CMU_ClockPrescSet
                0x0001157c      0x1e8 ./platform/emlib/src/em_cmu.o
                0x0001157c                CMU_ClockPrescSet
 .text.CMU_ClockSelectGet
                0x00011764      0x190 ./platform/emlib/src/em_cmu.o
                0x00011764                CMU_ClockSelectGet
 .text.CMU_ClockSelectSet
                0x000118f4      0x260 ./platform/emlib/src/em_cmu.o
                0x000118f4                CMU_ClockSelectSet
 .text.CMU_HFXOAutostartEnable
                0x00011b54       0x7c ./platform/emlib/src/em_cmu.o
                0x00011b54                CMU_HFXOAutostartEnable
 .text.CMU_HFXOInit
                0x00011bd0       0xf4 ./platform/emlib/src/em_cmu.o
                0x00011bd0                CMU_HFXOInit
 .text.CMU_LFXOInit
                0x00011cc4       0x50 ./platform/emlib/src/em_cmu.o
                0x00011cc4                CMU_LFXOInit
 .text.CMU_OscillatorEnable
                0x00011d14      0x174 ./platform/emlib/src/em_cmu.o
                0x00011d14                CMU_OscillatorEnable
 .text.CMU_OscillatorTuningGet
                0x00011e88       0x74 ./platform/emlib/src/em_cmu.o
                0x00011e88                CMU_OscillatorTuningGet
 .text.CMU_OscillatorTuningSet
                0x00011efc      0x100 ./platform/emlib/src/em_cmu.o
                0x00011efc                CMU_OscillatorTuningSet
 .text.CMU_OscillatorTuningWait
                0x00011ffc       0x94 ./platform/emlib/src/em_cmu.o
                0x00011ffc                CMU_OscillatorTuningWait
 .text.CMU_OscillatorTuningOptimize
                0x00012090       0x54 ./platform/emlib/src/em_cmu.o
                0x00012090                CMU_OscillatorTuningOptimize
 .text.CORE_EnterCritical
                0x000120e4       0x20 ./platform/emlib/src/em_core.o
                0x000120e4                CORE_EnterCritical
 .text.CORE_ExitCritical
                0x00012104       0x1c ./platform/emlib/src/em_core.o
                0x00012104                CORE_ExitCritical
 .text.CORE_EnterAtomic
                0x00012120       0x20 ./platform/emlib/src/em_core.o
                0x00012120                CORE_EnterAtomic
 .text.CORE_ExitAtomic
                0x00012140       0x1c ./platform/emlib/src/em_core.o
                0x00012140                CORE_ExitAtomic
 .text.CORE_SetNvicRamTableHandler
                0x0001215c       0x44 ./platform/emlib/src/em_core.o
                0x0001215c                CORE_SetNvicRamTableHandler
 .text.CORE_InitNvicVectorTable
                0x000121a0       0xc8 ./platform/emlib/src/em_core.o
                0x000121a0                CORE_InitNvicVectorTable
 .text.CRYPTO_BurstFromCrypto
                0x00012268       0x40 ./platform/emlib/src/em_crypto.o
 .text.CRYPTO_ModulusSet
                0x000122a8       0x88 ./platform/emlib/src/em_crypto.o
                0x000122a8                CRYPTO_ModulusSet
 .text.CRYPTO_KeyRead
                0x00012330       0x38 ./platform/emlib/src/em_crypto.o
                0x00012330                CRYPTO_KeyRead
 .text.SystemCoreClockUpdate
                0x00012368        0xc ./platform/emlib/src/em_emu.o
 .text.BUS_RegBitWrite
                0x00012374       0x2c ./platform/emlib/src/em_emu.o
 .text.BUS_RegBitRead
                0x000123a0       0x2c ./platform/emlib/src/em_emu.o
 .text.EMU_Unlock
                0x000123cc       0x18 ./platform/emlib/src/em_emu.o
 .text.CMU_Lock
                0x000123e4       0x18 ./platform/emlib/src/em_emu.o
 .text.CMU_Unlock
                0x000123fc       0x1c ./platform/emlib/src/em_emu.o
 .text.SYSTEM_GetDevinfoRev
                0x00012418       0x18 ./platform/emlib/src/em_emu.o
 .text.emState  0x00012430       0xd4 ./platform/emlib/src/em_emu.o
 .text.dcdcFetCntSet
                0x00012504       0x50 ./platform/emlib/src/em_emu.o
 .text.dcdcHsFixLnBlock
                0x00012554       0x48 ./platform/emlib/src/em_emu.o
 .text.EMU_EnterEM2
                0x0001259c       0x50 ./platform/emlib/src/em_emu.o
                0x0001259c                EMU_EnterEM2
 .text.EMU_EnterEM3
                0x000125ec       0x78 ./platform/emlib/src/em_emu.o
                0x000125ec                EMU_EnterEM3
 .text.EMU_Save
                0x00012664        0xc ./platform/emlib/src/em_emu.o
                0x00012664                EMU_Save
 .text.EMU_Restore
                0x00012670        0xc ./platform/emlib/src/em_emu.o
                0x00012670                EMU_Restore
 .text.EMU_EnterEM4
                0x0001267c       0xbc ./platform/emlib/src/em_emu.o
                0x0001267c                EMU_EnterEM4
 .text.dcdcConstCalibrationLoad
                0x00012738       0xc4 ./platform/emlib/src/em_emu.o
 .text.dcdcValidatedConfigSet
                0x000127fc       0xb0 ./platform/emlib/src/em_emu.o
 .text.currentLimitersUpdate
                0x000128ac       0xec ./platform/emlib/src/em_emu.o
 .text.userCurrentLimitsSet
                0x00012998       0x2c ./platform/emlib/src/em_emu.o
 .text.compCtrlSet
                0x000129c4       0x3c ./platform/emlib/src/em_emu.o
 .text.lpCmpHystCalibrationLoad
                0x00012a00       0xd0 ./platform/emlib/src/em_emu.o
 .text.lpGetDevinfoVrefLowHigh
                0x00012ad0      0x15c ./platform/emlib/src/em_emu.o
 .text.EMU_DCDCModeSet
                0x00012c2c       0xb8 ./platform/emlib/src/em_emu.o
                0x00012c2c                EMU_DCDCModeSet
 .text.EMU_DCDCInit
                0x00012ce4      0x114 ./platform/emlib/src/em_emu.o
                0x00012ce4                EMU_DCDCInit
 .text.EMU_DCDCOutputVoltageSet
                0x00012df8      0x20c ./platform/emlib/src/em_emu.o
                0x00012df8                EMU_DCDCOutputVoltageSet
 .text.EMU_DCDCOptimizeSlice
                0x00013004       0xd8 ./platform/emlib/src/em_emu.o
                0x00013004                EMU_DCDCOptimizeSlice
 .text.EMU_DCDCLnRcoBandSet
                0x000130dc       0x54 ./platform/emlib/src/em_emu.o
                0x000130dc                EMU_DCDCLnRcoBandSet
 .text.EMU_SetBiasMode
                0x00013130       0xa4 ./platform/emlib/src/em_emu.o
                0x00013130                EMU_SetBiasMode
 .text.BUS_RegMaskedSet
                0x000131d4       0x24 ./platform/emlib/src/em_gpio.o
 .text.BUS_RegMaskedClear
                0x000131f8       0x24 ./platform/emlib/src/em_gpio.o
 .text.BUS_RegMaskedWrite
                0x0001321c       0x24 ./platform/emlib/src/em_gpio.o
 .text.GPIO_PinOutClear
                0x00013240       0x58 ./platform/emlib/src/em_gpio.o
 .text.GPIO_PinOutSet
                0x00013298       0x58 ./platform/emlib/src/em_gpio.o
 .text.GPIO_DriveStrengthSet
                0x000132f0       0x60 ./platform/emlib/src/em_gpio.o
                0x000132f0                GPIO_DriveStrengthSet
 .text.GPIO_PinModeSet
                0x00013350      0x10c ./platform/emlib/src/em_gpio.o
                0x00013350                GPIO_PinModeSet
 .text.MSC_Init
                0x0001345c       0x24 ./platform/emlib/src/em_msc.o
                0x0001345c                MSC_Init
 .text.MSC_Deinit
                0x00013480       0x24 ./platform/emlib/src/em_msc.o
                0x00013480                MSC_Deinit
 .text.RMU_ResetCauseClear
                0x000134a4       0x18 ./platform/emlib/src/em_rmu.o
                0x000134a4                RMU_ResetCauseClear
 .text.RMU_ResetCauseGet
                0x000134bc       0xd8 ./platform/emlib/src/em_rmu.o
                0x000134bc                RMU_ResetCauseGet
 .text.BUS_RegBitWrite
                0x00013594       0x2c ./platform/emlib/src/em_rtcc.o
 .text.RTCC_ChannelInit
                0x000135c0       0x5c ./platform/emlib/src/em_rtcc.o
                0x000135c0                RTCC_ChannelInit
 .text.RTCC_Enable
                0x0001361c       0x20 ./platform/emlib/src/em_rtcc.o
                0x0001361c                RTCC_Enable
 .text.RTCC_Init
                0x0001363c       0x60 ./platform/emlib/src/em_rtcc.o
                0x0001363c                RTCC_Init
 .text.SYSTEM_ChipRevisionGet
                0x0001369c       0x74 ./platform/emlib/src/em_system.o
                0x0001369c                SYSTEM_ChipRevisionGet
 .text.TIMER_Valid
                0x00013710       0x38 ./platform/emlib/src/em_timer.o
 .text.TIMER_Init
                0x00013748       0xdc ./platform/emlib/src/em_timer.o
                0x00013748                TIMER_Init
 .text.TIMER_InitCC
                0x00013824       0x9c ./platform/emlib/src/em_timer.o
                0x00013824                TIMER_InitCC
 .text.USART_BaudrateSyncSet
                0x000138c0       0x40 ./platform/emlib/src/em_usart.o
                0x000138c0                USART_BaudrateSyncSet
 .text.USART_InitSync
                0x00013900       0xf0 ./platform/emlib/src/em_usart.o
                0x00013900                USART_InitSync
 .text.USART_Reset
                0x000139f0       0x9c ./platform/emlib/src/em_usart.o
                0x000139f0                USART_Reset
 .text.USART_SpiTransfer
                0x00013a8c       0x40 ./platform/emlib/src/em_usart.o
                0x00013a8c                USART_SpiTransfer
 .text.USART_Tx
                0x00013acc       0x2c ./platform/emlib/src/em_usart.o
                0x00013acc                USART_Tx
 .text.USART_TxDouble
                0x00013af8       0x2c ./platform/emlib/src/em_usart.o
                0x00013af8                USART_TxDouble
 .text.RAIL_ConfigPti
                0x00013b24        0x6 C:\Users\nikhi\SimplicityStudio\v4_workspacedemo\soc-empty_5\platform\radio\rail_lib\autogen\librail_release\librail_efr32xg1_gcc_release.a(rail_pti.o)
                0x00013b24                RAIL_ConfigPti
 .text.RAIL_EnablePti
                0x00013b2a        0x6 C:\Users\nikhi\SimplicityStudio\v4_workspacedemo\soc-empty_5\platform\radio\rail_lib\autogen\librail_release\librail_efr32xg1_gcc_release.a(rail_pti.o)
                0x00013b2a                RAIL_EnablePti
 .text.eventDefault
                0x00013b30        0x2 C:\Users\nikhi\SimplicityStudio\v4_workspacedemo\soc-empty_5\platform\radio\rail_lib\autogen\librail_release\librail_efr32xg1_gcc_release.a(rail_rf_hal.o)
 *fill*         0x00013b32        0x2 
 .text.setRssiPeriod
                0x00013b34       0x18 C:\Users\nikhi\SimplicityStudio\v4_workspacedemo\soc-empty_5\platform\radio\rail_lib\autogen\librail_release\librail_efr32xg1_gcc_release.a(rail_rf_hal.o)
 .text.RFHAL_NotifyUserOfIrCal
                0x00013b4c       0x80 C:\Users\nikhi\SimplicityStudio\v4_workspacedemo\soc-empty_5\platform\radio\rail_lib\autogen\librail_release\librail_efr32xg1_gcc_release.a(rail_rf_hal.o)
 *fill*         0x00013bcc        0x4 
 .text.GENERIC_PHY_EventCallback
                0x00013bd0      0x19c C:\Users\nikhi\SimplicityStudio\v4_workspacedemo\soc-empty_5\platform\radio\rail_lib\autogen\librail_release\librail_efr32xg1_gcc_release.a(rail_rf_hal.o)
                0x00013bd0                GENERIC_PHY_EventCallback
 .text.RFHAL_IntEnable
                0x00013d6c       0x56 C:\Users\nikhi\SimplicityStudio\v4_workspacedemo\soc-empty_5\platform\radio\rail_lib\autogen\librail_release\librail_efr32xg1_gcc_release.a(rail_rf_hal.o)
                0x00013d6c                RFHAL_IntEnable
 *fill*         0x00013dc2        0x2 
 .text.RFHAL_SetEventCallback
                0x00013dc4       0x18 C:\Users\nikhi\SimplicityStudio\v4_workspacedemo\soc-empty_5\platform\radio\rail_lib\autogen\librail_release\librail_efr32xg1_gcc_release.a(rail_rf_hal.o)
                0x00013dc4                RFHAL_SetEventCallback
 .text.RFHAL_SetPtiProtocol
                0x00013ddc       0x20 C:\Users\nikhi\SimplicityStudio\v4_workspacedemo\soc-empty_5\platform\radio\rail_lib\autogen\librail_release\librail_efr32xg1_gcc_release.a(rail_rf_hal.o)
                0x00013ddc                RFHAL_SetPtiProtocol
 .text.RFHAL_Idle
                0x00013dfc       0x40 C:\Users\nikhi\SimplicityStudio\v4_workspacedemo\soc-empty_5\platform\radio\rail_lib\autogen\librail_release\librail_efr32xg1_gcc_release.a(rail_rf_hal.o)
                0x00013dfc                RFHAL_Idle
 .text.RFHAL_GetRadioState
                0x00013e3c       0x7c C:\Users\nikhi\SimplicityStudio\v4_workspacedemo\soc-empty_5\platform\radio\rail_lib\autogen\librail_release\librail_efr32xg1_gcc_release.a(rail_rf_hal.o)
                0x00013e3c                RFHAL_GetRadioState
 .text.RFHAL_OkToTransmit
                0x00013eb8       0x14 C:\Users\nikhi\SimplicityStudio\v4_workspacedemo\soc-empty_5\platform\radio\rail_lib\autogen\librail_release\librail_efr32xg1_gcc_release.a(rail_rf_hal.o)
                0x00013eb8                RFHAL_OkToTransmit
 .text.RFHAL_ScheduleRx
                0x00013ecc       0x74 C:\Users\nikhi\SimplicityStudio\v4_workspacedemo\soc-empty_5\platform\radio\rail_lib\autogen\librail_release\librail_efr32xg1_gcc_release.a(rail_rf_hal.o)
                0x00013ecc                RFHAL_ScheduleRx
 .text.RFHAL_EnableRxRawCapture
                0x00013f40       0x5c C:\Users\nikhi\SimplicityStudio\v4_workspacedemo\soc-empty_5\platform\radio\rail_lib\autogen\librail_release\librail_efr32xg1_gcc_release.a(rail_rf_hal.o)
                0x00013f40                RFHAL_EnableRxRawCapture
 .text.RFHAL_DisableRxRawCapture
                0x00013f9c       0x38 C:\Users\nikhi\SimplicityStudio\v4_workspacedemo\soc-empty_5\platform\radio\rail_lib\autogen\librail_release\librail_efr32xg1_gcc_release.a(rail_rf_hal.o)
                0x00013f9c                RFHAL_DisableRxRawCapture
 .text.RFHAL_AcceptCrcErrors
                0x00013fd4       0x18 C:\Users\nikhi\SimplicityStudio\v4_workspacedemo\soc-empty_5\platform\radio\rail_lib\autogen\librail_release\librail_efr32xg1_gcc_release.a(rail_rf_hal.o)
                0x00013fd4                RFHAL_AcceptCrcErrors
 .text.RFHAL_ConfigRxOptions
                0x00013fec       0x74 C:\Users\nikhi\SimplicityStudio\v4_workspacedemo\soc-empty_5\platform\radio\rail_lib\autogen\librail_release\librail_efr32xg1_gcc_release.a(rail_rf_hal.o)
                0x00013fec                RFHAL_ConfigRxOptions
 .text.RFHAL_CancelTimer
                0x00014060       0x28 C:\Users\nikhi\SimplicityStudio\v4_workspacedemo\soc-empty_5\platform\radio\rail_lib\autogen\librail_release\librail_efr32xg1_gcc_release.a(rail_rf_hal.o)
                0x00014060                RFHAL_CancelTimer
 .text.RFHAL_SetTimer
                0x00014088       0x80 C:\Users\nikhi\SimplicityStudio\v4_workspacedemo\soc-empty_5\platform\radio\rail_lib\autogen\librail_release\librail_efr32xg1_gcc_release.a(rail_rf_hal.o)
                0x00014088                RFHAL_SetTimer
 .text.RFHAL_SetTxTransitions
                0x00014108       0x1c C:\Users\nikhi\SimplicityStudio\v4_workspacedemo\soc-empty_5\platform\radio\rail_lib\autogen\librail_release\librail_efr32xg1_gcc_release.a(rail_rf_hal.o)
                0x00014108                RFHAL_SetTxTransitions
 .text.RFHAL_SetRxTransitions
                0x00014124       0x1c C:\Users\nikhi\SimplicityStudio\v4_workspacedemo\soc-empty_5\platform\radio\rail_lib\autogen\librail_release\librail_efr32xg1_gcc_release.a(rail_rf_hal.o)
                0x00014124                RFHAL_SetRxTransitions
 .text.RFHAL_SetCRCInitVal
                0x00014140        0x4 C:\Users\nikhi\SimplicityStudio\v4_workspacedemo\soc-empty_5\platform\radio\rail_lib\autogen\librail_release\librail_efr32xg1_gcc_release.a(rail_rf_hal.o)
                0x00014140                RFHAL_SetCRCInitVal
 .text.RFHAL_ConfigTxPower
                0x00014144        0xc C:\Users\nikhi\SimplicityStudio\v4_workspacedemo\soc-empty_5\platform\radio\rail_lib\autogen\librail_release\librail_efr32xg1_gcc_release.a(rail_rf_hal.o)
                0x00014144                RFHAL_ConfigTxPower
 .text.RFHAL_SetTxPowerUnchecked
                0x00014150       0x18 C:\Users\nikhi\SimplicityStudio\v4_workspacedemo\soc-empty_5\platform\radio\rail_lib\autogen\librail_release\librail_efr32xg1_gcc_release.a(rail_rf_hal.o)
                0x00014150                RFHAL_SetTxPowerUnchecked
 .text.RFHAL_SetTxPower
                0x00014168       0x3c C:\Users\nikhi\SimplicityStudio\v4_workspacedemo\soc-empty_5\platform\radio\rail_lib\autogen\librail_release\librail_efr32xg1_gcc_release.a(rail_rf_hal.o)
                0x00014168                RFHAL_SetTxPower
 .text.RFHAL_GetTxPowerConfig
                0x000141a4        0xc C:\Users\nikhi\SimplicityStudio\v4_workspacedemo\soc-empty_5\platform\radio\rail_lib\autogen\librail_release\librail_efr32xg1_gcc_release.a(rail_rf_hal.o)
                0x000141a4                RFHAL_GetTxPowerConfig
 .text.RFHAL_GetTxPower
                0x000141b0        0x4 C:\Users\nikhi\SimplicityStudio\v4_workspacedemo\soc-empty_5\platform\radio\rail_lib\autogen\librail_release\librail_efr32xg1_gcc_release.a(rail_rf_hal.o)
                0x000141b0                RFHAL_GetTxPower
 .text.RFHAL_SetChannel
                0x000141b4       0x98 C:\Users\nikhi\SimplicityStudio\v4_workspacedemo\soc-empty_5\platform\radio\rail_lib\autogen\librail_release\librail_efr32xg1_gcc_release.a(rail_rf_hal.o)
                0x000141b4                RFHAL_SetChannel
 .text.RFHAL_IsAutoAckEnabled
                0x0001424c        0x6 C:\Users\nikhi\SimplicityStudio\v4_workspacedemo\soc-empty_5\platform\radio\rail_lib\autogen\librail_release\librail_efr32xg1_gcc_release.a(rail_rf_hal.o)
                0x0001424c                RFHAL_IsAutoAckEnabled
 *fill*         0x00014252        0x2 
 .text.RFHAL_AutoAckWaitForAck
                0x00014254       0x18 C:\Users\nikhi\SimplicityStudio\v4_workspacedemo\soc-empty_5\platform\radio\rail_lib\autogen\librail_release\librail_efr32xg1_gcc_release.a(rail_rf_hal.o)
                0x00014254                RFHAL_AutoAckWaitForAck
 .text.preTxOps
                0x0001426c       0xc4 C:\Users\nikhi\SimplicityStudio\v4_workspacedemo\soc-empty_5\platform\radio\rail_lib\autogen\librail_release\librail_efr32xg1_gcc_release.a(rail_rf_hal.o)
 .text.RFHAL_StartTx
                0x00014330       0x12 C:\Users\nikhi\SimplicityStudio\v4_workspacedemo\soc-empty_5\platform\radio\rail_lib\autogen\librail_release\librail_efr32xg1_gcc_release.a(rail_rf_hal.o)
                0x00014330                RFHAL_StartTx
 .text.RFHAL_StartScheduledTx
                0x00014342       0x3a C:\Users\nikhi\SimplicityStudio\v4_workspacedemo\soc-empty_5\platform\radio\rail_lib\autogen\librail_release\librail_efr32xg1_gcc_release.a(rail_rf_hal.o)
                0x00014342                RFHAL_StartScheduledTx
 .text.RFHAL_GetRxPacketInfo
                0x0001437c       0x48 C:\Users\nikhi\SimplicityStudio\v4_workspacedemo\soc-empty_5\platform\radio\rail_lib\autogen\librail_release\librail_efr32xg1_gcc_release.a(rail_rf_hal.o)
                0x0001437c                RFHAL_GetRxPacketInfo
 .text.RFHAL_GetRxPacketDetails
                0x000143c4       0xcc C:\Users\nikhi\SimplicityStudio\v4_workspacedemo\soc-empty_5\platform\radio\rail_lib\autogen\librail_release\librail_efr32xg1_gcc_release.a(rail_rf_hal.o)
                0x000143c4                RFHAL_GetRxPacketDetails
 .text.RFHAL_SetTxBuffer
                0x00014490       0x3a C:\Users\nikhi\SimplicityStudio\v4_workspacedemo\soc-empty_5\platform\radio\rail_lib\autogen\librail_release\librail_efr32xg1_gcc_release.a(rail_rf_hal.o)
                0x00014490                RFHAL_SetTxBuffer
 *fill*         0x000144ca        0x2 
 .text.RFHAL_ResetTxFifo
                0x000144cc       0x2c C:\Users\nikhi\SimplicityStudio\v4_workspacedemo\soc-empty_5\platform\radio\rail_lib\autogen\librail_release\librail_efr32xg1_gcc_release.a(rail_rf_hal.o)
                0x000144cc                RFHAL_ResetTxFifo
 .text.RFHAL_WriteTxFifo
                0x000144f8       0x28 C:\Users\nikhi\SimplicityStudio\v4_workspacedemo\soc-empty_5\platform\radio\rail_lib\autogen\librail_release\librail_efr32xg1_gcc_release.a(rail_rf_hal.o)
                0x000144f8                RFHAL_WriteTxFifo
 .text.RFHAL_ResetRxFifo
                0x00014520       0x40 C:\Users\nikhi\SimplicityStudio\v4_workspacedemo\soc-empty_5\platform\radio\rail_lib\autogen\librail_release\librail_efr32xg1_gcc_release.a(rail_rf_hal.o)
                0x00014520                RFHAL_ResetRxFifo
 .text.RFHAL_ConfigData
                0x00014560       0x7c C:\Users\nikhi\SimplicityStudio\v4_workspacedemo\soc-empty_5\platform\radio\rail_lib\autogen\librail_release\librail_efr32xg1_gcc_release.a(rail_rf_hal.o)
                0x00014560                RFHAL_ConfigData
 .text.RFHAL_Init
                0x000145dc       0xa0 C:\Users\nikhi\SimplicityStudio\v4_workspacedemo\soc-empty_5\platform\radio\rail_lib\autogen\librail_release\librail_efr32xg1_gcc_release.a(rail_rf_hal.o)
                0x000145dc                RFHAL_Init
 .text.RFHAL_SetFixedLength
                0x0001467c       0x8c C:\Users\nikhi\SimplicityStudio\v4_workspacedemo\soc-empty_5\platform\radio\rail_lib\autogen\librail_release\librail_efr32xg1_gcc_release.a(rail_rf_hal.o)
                0x0001467c                RFHAL_SetFixedLength
 .text.RFHAL_SetAbortScheduledTxDuringRx
                0x00014708       0x18 C:\Users\nikhi\SimplicityStudio\v4_workspacedemo\soc-empty_5\platform\radio\rail_lib\autogen\librail_release\librail_efr32xg1_gcc_release.a(rail_rf_hal.o)
                0x00014708                RFHAL_SetAbortScheduledTxDuringRx
 .text.RFHAL_ConfigRadio
                0x00014720       0xe0 C:\Users\nikhi\SimplicityStudio\v4_workspacedemo\soc-empty_5\platform\radio\rail_lib\autogen\librail_release\librail_efr32xg1_gcc_release.a(rail_rf_hal.o)
                0x00014720                RFHAL_ConfigRadio
 .text.RFHAL_GetTime
                0x00014800        0xe C:\Users\nikhi\SimplicityStudio\v4_workspacedemo\soc-empty_5\platform\radio\rail_lib\autogen\librail_release\librail_efr32xg1_gcc_release.a(rail_rf_hal.o)
                0x00014800                RFHAL_GetTime
 .text.RFHAL_GetRadioEntropy
                0x0001480e        0x4 C:\Users\nikhi\SimplicityStudio\v4_workspacedemo\soc-empty_5\platform\radio\rail_lib\autogen\librail_release\librail_efr32xg1_gcc_release.a(rail_rf_hal.o)
                0x0001480e                RFHAL_GetRadioEntropy
 .text.RFHAL_SetStateTiming
                0x00014812       0x4e C:\Users\nikhi\SimplicityStudio\v4_workspacedemo\soc-empty_5\platform\radio\rail_lib\autogen\librail_release\librail_efr32xg1_gcc_release.a(rail_rf_hal.o)
                0x00014812                RFHAL_SetStateTiming
 .text.RFHAL_ConfigPti
                0x00014860        0x4 C:\Users\nikhi\SimplicityStudio\v4_workspacedemo\soc-empty_5\platform\radio\rail_lib\autogen\librail_release\librail_efr32xg1_gcc_release.a(rail_rf_hal.o)
                0x00014860                RFHAL_ConfigPti
 .text.RFHAL_EnablePti
                0x00014864        0x4 C:\Users\nikhi\SimplicityStudio\v4_workspacedemo\soc-empty_5\platform\radio\rail_lib\autogen\librail_release\librail_efr32xg1_gcc_release.a(rail_rf_hal.o)
                0x00014864                RFHAL_EnablePti
 .text.RAIL_Init
                0x00014868       0x20 C:\Users\nikhi\SimplicityStudio\v4_workspacedemo\soc-empty_5\platform\radio\rail_lib\autogen\librail_release\librail_efr32xg1_gcc_release.a(rail_singleprotocol.o)
                0x00014868                RAIL_Init
 .text.RAIL_GetSchedulerStatus
                0x00014888        0x4 C:\Users\nikhi\SimplicityStudio\v4_workspacedemo\soc-empty_5\platform\radio\rail_lib\autogen\librail_release\librail_efr32xg1_gcc_release.a(rail_singleprotocol.o)
                0x00014888                RAIL_GetSchedulerStatus
 .text.RAIL_Idle
                0x0001488c        0x8 C:\Users\nikhi\SimplicityStudio\v4_workspacedemo\soc-empty_5\platform\radio\rail_lib\autogen\librail_release\librail_efr32xg1_gcc_release.a(rail_singleprotocol.o)
                0x0001488c                RAIL_Idle
 .text.RAIL_YieldRadio
                0x00014894        0x2 C:\Users\nikhi\SimplicityStudio\v4_workspacedemo\soc-empty_5\platform\radio\rail_lib\autogen\librail_release\librail_efr32xg1_gcc_release.a(rail_singleprotocol.o)
                0x00014894                RAIL_YieldRadio
 .text.RAIL_GetRadioEntropy
                0x00014896        0x8 C:\Users\nikhi\SimplicityStudio\v4_workspacedemo\soc-empty_5\platform\radio\rail_lib\autogen\librail_release\librail_efr32xg1_gcc_release.a(rail_singleprotocol.o)
                0x00014896                RAIL_GetRadioEntropy
 .text.RAIL_SetTimer
                0x0001489e       0x14 C:\Users\nikhi\SimplicityStudio\v4_workspacedemo\soc-empty_5\platform\radio\rail_lib\autogen\librail_release\librail_efr32xg1_gcc_release.a(rail_singleprotocol.o)
                0x0001489e                RAIL_SetTimer
 .text.RAIL_CancelTimer
                0x000148b2        0x4 C:\Users\nikhi\SimplicityStudio\v4_workspacedemo\soc-empty_5\platform\radio\rail_lib\autogen\librail_release\librail_efr32xg1_gcc_release.a(rail_singleprotocol.o)
                0x000148b2                RAIL_CancelTimer
 .text.RAIL_StartTx
                0x000148b6        0xa C:\Users\nikhi\SimplicityStudio\v4_workspacedemo\soc-empty_5\platform\radio\rail_lib\autogen\librail_release\librail_efr32xg1_gcc_release.a(rail_singleprotocol.o)
                0x000148b6                RAIL_StartTx
 .text.RAIL_StartScheduledTx
                0x000148c0        0xa C:\Users\nikhi\SimplicityStudio\v4_workspacedemo\soc-empty_5\platform\radio\rail_lib\autogen\librail_release\librail_efr32xg1_gcc_release.a(rail_singleprotocol.o)
                0x000148c0                RAIL_StartScheduledTx
 .text.RAIL_ScheduleRx
                0x000148ca        0xa C:\Users\nikhi\SimplicityStudio\v4_workspacedemo\soc-empty_5\platform\radio\rail_lib\autogen\librail_release\librail_efr32xg1_gcc_release.a(rail_singleprotocol.o)
                0x000148ca                RAIL_ScheduleRx
 .text.radioConfigChangedDefault
                0x000148d4        0x2 C:\Users\nikhi\SimplicityStudio\v4_workspacedemo\soc-empty_5\platform\radio\rail_lib\autogen\librail_release\librail_efr32xg1_gcc_release.a(rail_rf.o)
 .text.isTransitionState
                0x000148d6       0x12 C:\Users\nikhi\SimplicityStudio\v4_workspacedemo\soc-empty_5\platform\radio\rail_lib\autogen\librail_release\librail_efr32xg1_gcc_release.a(rail_rf.o)
 .text.RAILCore_Init
                0x000148e8       0x12 C:\Users\nikhi\SimplicityStudio\v4_workspacedemo\soc-empty_5\platform\radio\rail_lib\autogen\librail_release\librail_efr32xg1_gcc_release.a(rail_rf.o)
                0x000148e8                RAILCore_Init
 *fill*         0x000148fa        0x2 
 .text.RAILInt_SetCallbackConfig
                0x000148fc       0x20 C:\Users\nikhi\SimplicityStudio\v4_workspacedemo\soc-empty_5\platform\radio\rail_lib\autogen\librail_release\librail_efr32xg1_gcc_release.a(rail_rf.o)
                0x000148fc                RAILInt_SetCallbackConfig
 .text.RAILCore_Idle
                0x0001491c       0x14 C:\Users\nikhi\SimplicityStudio\v4_workspacedemo\soc-empty_5\platform\radio\rail_lib\autogen\librail_release\librail_efr32xg1_gcc_release.a(rail_rf.o)
                0x0001491c                RAILCore_Idle
 .text.RAILCore_GetRadioState
                0x00014930        0x4 C:\Users\nikhi\SimplicityStudio\v4_workspacedemo\soc-empty_5\platform\radio\rail_lib\autogen\librail_release\librail_efr32xg1_gcc_release.a(rail_rf.o)
                0x00014930                RAILCore_GetRadioState
 .text.RAIL_SetStateTiming
                0x00014934        0xa C:\Users\nikhi\SimplicityStudio\v4_workspacedemo\soc-empty_5\platform\radio\rail_lib\autogen\librail_release\librail_efr32xg1_gcc_release.a(rail_rf.o)
                0x00014934                RAIL_SetStateTiming
 *fill*         0x0001493e        0x2 
 .text.RAILInt_IsPowerInRange
                0x00014940       0x3c C:\Users\nikhi\SimplicityStudio\v4_workspacedemo\soc-empty_5\platform\radio\rail_lib\autogen\librail_release\librail_efr32xg1_gcc_release.a(rail_rf.o)
                0x00014940                RAILInt_IsPowerInRange
 .text.RAILInt_SetChannel
                0x0001497c      0x1d8 C:\Users\nikhi\SimplicityStudio\v4_workspacedemo\soc-empty_5\platform\radio\rail_lib\autogen\librail_release\librail_efr32xg1_gcc_release.a(rail_rf.o)
                0x0001497c                RAILInt_SetChannel
 .text.RAILCore_ConfigChannels
                0x00014b54       0x58 C:\Users\nikhi\SimplicityStudio\v4_workspacedemo\soc-empty_5\platform\radio\rail_lib\autogen\librail_release\librail_efr32xg1_gcc_release.a(rail_rf.o)
                0x00014b54                RAILCore_ConfigChannels
 .text.RAILInt_GetChannel
                0x00014bac        0x4 C:\Users\nikhi\SimplicityStudio\v4_workspacedemo\soc-empty_5\platform\radio\rail_lib\autogen\librail_release\librail_efr32xg1_gcc_release.a(rail_rf.o)
                0x00014bac                RAILInt_GetChannel
 .text.RAILCore_SetTxTransitions
                0x00014bb0       0x3c C:\Users\nikhi\SimplicityStudio\v4_workspacedemo\soc-empty_5\platform\radio\rail_lib\autogen\librail_release\librail_efr32xg1_gcc_release.a(rail_rf.o)
                0x00014bb0                RAILCore_SetTxTransitions
 .text.RAIL_SetTxTransitions
                0x00014bec        0xa C:\Users\nikhi\SimplicityStudio\v4_workspacedemo\soc-empty_5\platform\radio\rail_lib\autogen\librail_release\librail_efr32xg1_gcc_release.a(rail_rf.o)
                0x00014bec                RAIL_SetTxTransitions
 .text.RAILCore_SetRxTransitions
                0x00014bf6       0x38 C:\Users\nikhi\SimplicityStudio\v4_workspacedemo\soc-empty_5\platform\radio\rail_lib\autogen\librail_release\librail_efr32xg1_gcc_release.a(rail_rf.o)
                0x00014bf6                RAILCore_SetRxTransitions
 .text.RAIL_SetRxTransitions
                0x00014c2e        0xa C:\Users\nikhi\SimplicityStudio\v4_workspacedemo\soc-empty_5\platform\radio\rail_lib\autogen\librail_release\librail_efr32xg1_gcc_release.a(rail_rf.o)
                0x00014c2e                RAIL_SetRxTransitions
 .text.RAIL_ConfigEvents
                0x00014c38       0x14 C:\Users\nikhi\SimplicityStudio\v4_workspacedemo\soc-empty_5\platform\radio\rail_lib\autogen\librail_release\librail_efr32xg1_gcc_release.a(rail_rf.o)
                0x00014c38                RAIL_ConfigEvents
 .text.RAIL_ConfigRxOptions
                0x00014c4c        0xa C:\Users\nikhi\SimplicityStudio\v4_workspacedemo\soc-empty_5\platform\radio\rail_lib\autogen\librail_release\librail_efr32xg1_gcc_release.a(rail_rx.o)
                0x00014c4c                RAIL_ConfigRxOptions
 .text.RAILCore_ScheduleRx
                0x00014c56       0x2c C:\Users\nikhi\SimplicityStudio\v4_workspacedemo\soc-empty_5\platform\radio\rail_lib\autogen\librail_release\librail_efr32xg1_gcc_release.a(rail_rx.o)
                0x00014c56                RAILCore_ScheduleRx
 .text.RAILInt_PreTxOps
                0x00014c82       0x1c C:\Users\nikhi\SimplicityStudio\v4_workspacedemo\soc-empty_5\platform\radio\rail_lib\autogen\librail_release\librail_efr32xg1_gcc_release.a(rail_tx.o)
                0x00014c82                RAILInt_PreTxOps
 .text.RAILCore_StartTx
                0x00014c9e       0x1a C:\Users\nikhi\SimplicityStudio\v4_workspacedemo\soc-empty_5\platform\radio\rail_lib\autogen\librail_release\librail_efr32xg1_gcc_release.a(rail_tx.o)
                0x00014c9e                RAILCore_StartTx
 .text.RAILCore_StartScheduledTx
                0x00014cb8       0x1e C:\Users\nikhi\SimplicityStudio\v4_workspacedemo\soc-empty_5\platform\radio\rail_lib\autogen\librail_release\librail_efr32xg1_gcc_release.a(rail_tx.o)
                0x00014cb8                RAILCore_StartScheduledTx
 .text.RAIL_SetTxPower
                0x00014cd6        0xa C:\Users\nikhi\SimplicityStudio\v4_workspacedemo\soc-empty_5\platform\radio\rail_lib\autogen\librail_release\librail_efr32xg1_gcc_release.a(rail_tx.o)
                0x00014cd6                RAIL_SetTxPower
 .text.RAIL_GetTxPower
                0x00014ce0        0xa C:\Users\nikhi\SimplicityStudio\v4_workspacedemo\soc-empty_5\platform\radio\rail_lib\autogen\librail_release\librail_efr32xg1_gcc_release.a(rail_tx.o)
                0x00014ce0                RAIL_GetTxPower
 .text.RAIL_ConfigTxPower
                0x00014cea       0x1a C:\Users\nikhi\SimplicityStudio\v4_workspacedemo\soc-empty_5\platform\radio\rail_lib\autogen\librail_release\librail_efr32xg1_gcc_release.a(rail_tx.o)
                0x00014cea                RAIL_ConfigTxPower
 .text.RAILInt_PendCal
                0x00014d04       0x24 C:\Users\nikhi\SimplicityStudio\v4_workspacedemo\soc-empty_5\platform\radio\rail_lib\autogen\librail_release\librail_efr32xg1_gcc_release.a(rail_calibration.o)
                0x00014d04                RAILInt_PendCal
 .text.RAILCb_AssertFailed
                0x00014d28       0x14 C:\Users\nikhi\SimplicityStudio\v4_workspacedemo\soc-empty_5\platform\radio\rail_lib\autogen\librail_release\librail_efr32xg1_gcc_release.a(rail_assert.o)
                0x00014d28                RAILCb_AssertFailed
 .text.RAILInt_Assert
                0x00014d3c       0x1c C:\Users\nikhi\SimplicityStudio\v4_workspacedemo\soc-empty_5\platform\radio\rail_lib\autogen\librail_release\librail_efr32xg1_gcc_release.a(rail_assert.o)
                0x00014d3c                RAILInt_Assert
 .text.RAILCore_GetRadioEntropy
                0x00014d58        0x4 C:\Users\nikhi\SimplicityStudio\v4_workspacedemo\soc-empty_5\platform\radio\rail_lib\autogen\librail_release\librail_efr32xg1_gcc_release.a(rail_rssi.o)
                0x00014d58                RAILCore_GetRadioEntropy
 .text.BUFC_ReadHelper
                0x00014d5c       0x7c C:\Users\nikhi\SimplicityStudio\v4_workspacedemo\soc-empty_5\platform\radio\rail_lib\autogen\librail_release\librail_efr32xg1_gcc_release.a(bufc.o)
 .text.checkAndAddRxLenOverflowEntry
                0x00014dd8       0x3c C:\Users\nikhi\SimplicityStudio\v4_workspacedemo\soc-empty_5\platform\radio\rail_lib\autogen\librail_release\librail_efr32xg1_gcc_release.a(bufc.o)
 .text.BUFC_SetTxBuffer
                0x00014e14       0x38 C:\Users\nikhi\SimplicityStudio\v4_workspacedemo\soc-empty_5\platform\radio\rail_lib\autogen\librail_release\librail_efr32xg1_gcc_release.a(bufc.o)
                0x00014e14                BUFC_SetTxBuffer
 .text.BUFC_WriteBuffer
                0x00014e4c       0xa8 C:\Users\nikhi\SimplicityStudio\v4_workspacedemo\soc-empty_5\platform\radio\rail_lib\autogen\librail_release\librail_efr32xg1_gcc_release.a(bufc.o)
                0x00014e4c                BUFC_WriteBuffer
 .text.BUFC_Peek
                0x00014ef4       0x12 C:\Users\nikhi\SimplicityStudio\v4_workspacedemo\soc-empty_5\platform\radio\rail_lib\autogen\librail_release\librail_efr32xg1_gcc_release.a(bufc.o)
                0x00014ef4                BUFC_Peek
 .text.BUFC_PeekByte
                0x00014f06       0x34 C:\Users\nikhi\SimplicityStudio\v4_workspacedemo\soc-empty_5\platform\radio\rail_lib\autogen\librail_release\librail_efr32xg1_gcc_release.a(bufc.o)
                0x00014f06                BUFC_PeekByte
 *fill*         0x00014f3a        0x2 
 .text.BUFC_GetSpaceAvailable
                0x00014f3c       0x28 C:\Users\nikhi\SimplicityStudio\v4_workspacedemo\soc-empty_5\platform\radio\rail_lib\autogen\librail_release\librail_efr32xg1_gcc_release.a(bufc.o)
                0x00014f3c                BUFC_GetSpaceAvailable
 .text.BUFC_GetBytesAvailable
                0x00014f64       0x14 C:\Users\nikhi\SimplicityStudio\v4_workspacedemo\soc-empty_5\platform\radio\rail_lib\autogen\librail_release\librail_efr32xg1_gcc_release.a(bufc.o)
                0x00014f64                BUFC_GetBytesAvailable
 .text.BUFC_TxAckBufferSet
                0x00014f78       0x38 C:\Users\nikhi\SimplicityStudio\v4_workspacedemo\soc-empty_5\platform\radio\rail_lib\autogen\librail_release\librail_efr32xg1_gcc_release.a(bufc.o)
                0x00014f78                BUFC_TxAckBufferSet
 .text.BUFC_TxAckBufferReset
                0x00014fb0        0x8 C:\Users\nikhi\SimplicityStudio\v4_workspacedemo\soc-empty_5\platform\radio\rail_lib\autogen\librail_release\librail_efr32xg1_gcc_release.a(bufc.o)
                0x00014fb0                BUFC_TxAckBufferReset
 .text.BUFC_RxBufferReset
                0x00014fb8       0x5c C:\Users\nikhi\SimplicityStudio\v4_workspacedemo\soc-empty_5\platform\radio\rail_lib\autogen\librail_release\librail_efr32xg1_gcc_release.a(bufc.o)
                0x00014fb8                BUFC_RxBufferReset
 .text.BUFC_Init
                0x00015014       0x98 C:\Users\nikhi\SimplicityStudio\v4_workspacedemo\soc-empty_5\platform\radio\rail_lib\autogen\librail_release\librail_efr32xg1_gcc_release.a(bufc.o)
                0x00015014                BUFC_Init
 .text.BUFC_RxBufferBytesAvailable
                0x000150ac       0x10 C:\Users\nikhi\SimplicityStudio\v4_workspacedemo\soc-empty_5\platform\radio\rail_lib\autogen\librail_release\librail_efr32xg1_gcc_release.a(bufc.o)
                0x000150ac                BUFC_RxBufferBytesAvailable
 .text.BUFC_ReleaseRxPacket
                0x000150bc      0x10c C:\Users\nikhi\SimplicityStudio\v4_workspacedemo\soc-empty_5\platform\radio\rail_lib\autogen\librail_release\librail_efr32xg1_gcc_release.a(bufc.o)
                0x000150bc                BUFC_ReleaseRxPacket
 .text.BUFC_StartRxLenThrEvent
                0x000151c8       0x8c C:\Users\nikhi\SimplicityStudio\v4_workspacedemo\soc-empty_5\platform\radio\rail_lib\autogen\librail_release\librail_efr32xg1_gcc_release.a(bufc.o)
                0x000151c8                BUFC_StartRxLenThrEvent
 .text.BUFC_EndRxLenThrEvent
                0x00015254       0x1c C:\Users\nikhi\SimplicityStudio\v4_workspacedemo\soc-empty_5\platform\radio\rail_lib\autogen\librail_release\librail_efr32xg1_gcc_release.a(bufc.o)
                0x00015254                BUFC_EndRxLenThrEvent
 .text.BUFC_HandleRxLenOvfEvent
                0x00015270       0x28 C:\Users\nikhi\SimplicityStudio\v4_workspacedemo\soc-empty_5\platform\radio\rail_lib\autogen\librail_release\librail_efr32xg1_gcc_release.a(bufc.o)
                0x00015270                BUFC_HandleRxLenOvfEvent
 .text.BUFC_GetRxPacketInfo
                0x00015298      0x138 C:\Users\nikhi\SimplicityStudio\v4_workspacedemo\soc-empty_5\platform\radio\rail_lib\autogen\librail_release\librail_efr32xg1_gcc_release.a(bufc.o)
                0x00015298                BUFC_GetRxPacketInfo
 .text.IRCAL_Set
                0x000153d0       0x1c C:\Users\nikhi\SimplicityStudio\v4_workspacedemo\soc-empty_5\platform\radio\rail_lib\autogen\librail_release\librail_efr32xg1_gcc_release.a(ir_cal.o)
                0x000153d0                IRCAL_Set
 .text.IRCAL_Init
                0x000153ec       0xa8 C:\Users\nikhi\SimplicityStudio\v4_workspacedemo\soc-empty_5\platform\radio\rail_lib\autogen\librail_release\librail_efr32xg1_gcc_release.a(ir_cal.o)
                0x000153ec                IRCAL_Init
 .text.PA_ProtectPa
                0x00015494       0xbc C:\Users\nikhi\SimplicityStudio\v4_workspacedemo\soc-empty_5\platform\radio\rail_lib\autogen\librail_release\librail_efr32xg1_gcc_release.a(pa.o)
 .text.getRampTimeFromLevelAndRate
                0x00015550       0x20 C:\Users\nikhi\SimplicityStudio\v4_workspacedemo\soc-empty_5\platform\radio\rail_lib\autogen\librail_release\librail_efr32xg1_gcc_release.a(pa.o)
 .text.PA_GetTxPowerConfig
                0x00015570       0x14 C:\Users\nikhi\SimplicityStudio\v4_workspacedemo\soc-empty_5\platform\radio\rail_lib\autogen\librail_release\librail_efr32xg1_gcc_release.a(pa.o)
                0x00015570                PA_GetTxPowerConfig
 .text.PA_GetPowerLevel
                0x00015584        0xc C:\Users\nikhi\SimplicityStudio\v4_workspacedemo\soc-empty_5\platform\radio\rail_lib\autogen\librail_release\librail_efr32xg1_gcc_release.a(pa.o)
                0x00015584                PA_GetPowerLevel
 .text.PA_SetPowerLevel
                0x00015590      0x194 C:\Users\nikhi\SimplicityStudio\v4_workspacedemo\soc-empty_5\platform\radio\rail_lib\autogen\librail_release\librail_efr32xg1_gcc_release.a(pa.o)
                0x00015590                PA_SetPowerLevel
 .text.PA_RunPeakDetectorHigh
                0x00015724       0x4c C:\Users\nikhi\SimplicityStudio\v4_workspacedemo\soc-empty_5\platform\radio\rail_lib\autogen\librail_release\librail_efr32xg1_gcc_release.a(pa.o)
                0x00015724                PA_RunPeakDetectorHigh
 .text.PA_RunPeakDetectorLow
                0x00015770        0x2 C:\Users\nikhi\SimplicityStudio\v4_workspacedemo\soc-empty_5\platform\radio\rail_lib\autogen\librail_release\librail_efr32xg1_gcc_release.a(pa.o)
                0x00015770                PA_RunPeakDetectorLow
 *fill*         0x00015772        0x2 
 .text.PA_RunBatHigh
                0x00015774       0x2c C:\Users\nikhi\SimplicityStudio\v4_workspacedemo\soc-empty_5\platform\radio\rail_lib\autogen\librail_release\librail_efr32xg1_gcc_release.a(pa.o)
                0x00015774                PA_RunBatHigh
 .text.PA_GetRampTime
                0x000157a0        0xc C:\Users\nikhi\SimplicityStudio\v4_workspacedemo\soc-empty_5\platform\radio\rail_lib\autogen\librail_release\librail_efr32xg1_gcc_release.a(pa.o)
                0x000157a0                PA_GetRampTime
 .text.PA_ConfigRamp
                0x000157ac       0x20 C:\Users\nikhi\SimplicityStudio\v4_workspacedemo\soc-empty_5\platform\radio\rail_lib\autogen\librail_release\librail_efr32xg1_gcc_release.a(pa.o)
                0x000157ac                PA_ConfigRamp
 .text.PA_CalcRampTime
                0x000157cc       0x44 C:\Users\nikhi\SimplicityStudio\v4_workspacedemo\soc-empty_5\platform\radio\rail_lib\autogen\librail_release\librail_efr32xg1_gcc_release.a(pa.o)
                0x000157cc                PA_CalcRampTime
 .text.PA_SetRampTime
                0x00015810       0xac C:\Users\nikhi\SimplicityStudio\v4_workspacedemo\soc-empty_5\platform\radio\rail_lib\autogen\librail_release\librail_efr32xg1_gcc_release.a(pa.o)
                0x00015810                PA_SetRampTime
 .text.PA_SelectBand
                0x000158bc       0x50 C:\Users\nikhi\SimplicityStudio\v4_workspacedemo\soc-empty_5\platform\radio\rail_lib\autogen\librail_release\librail_efr32xg1_gcc_release.a(pa.o)
                0x000158bc                PA_SelectBand
 .text.PA_Config
                0x0001590c      0x15c C:\Users\nikhi\SimplicityStudio\v4_workspacedemo\soc-empty_5\platform\radio\rail_lib\autogen\librail_release\librail_efr32xg1_gcc_release.a(pa.o)
                0x0001590c                PA_Config
 .text.PA_UpdateConfig
                0x00015a68       0x38 C:\Users\nikhi\SimplicityStudio\v4_workspacedemo\soc-empty_5\platform\radio\rail_lib\autogen\librail_release\librail_efr32xg1_gcc_release.a(pa.o)
                0x00015a68                PA_UpdateConfig
 .text.PROTIMER_Init
                0x00015aa0      0x108 C:\Users\nikhi\SimplicityStudio\v4_workspacedemo\soc-empty_5\platform\radio\rail_lib\autogen\librail_release\librail_efr32xg1_gcc_release.a(protimer.o)
                0x00015aa0                PROTIMER_Init
 .text.PROTIMER_Start
                0x00015ba8       0x1c C:\Users\nikhi\SimplicityStudio\v4_workspacedemo\soc-empty_5\platform\radio\rail_lib\autogen\librail_release\librail_efr32xg1_gcc_release.a(protimer.o)
                0x00015ba8                PROTIMER_Start
 .text.PROTIMER_IsRunning
                0x00015bc4       0x10 C:\Users\nikhi\SimplicityStudio\v4_workspacedemo\soc-empty_5\platform\radio\rail_lib\autogen\librail_release\librail_efr32xg1_gcc_release.a(protimer.o)
                0x00015bc4                PROTIMER_IsRunning
 .text.PROTIMER_ElapsedTime
                0x00015bd4       0x18 C:\Users\nikhi\SimplicityStudio\v4_workspacedemo\soc-empty_5\platform\radio\rail_lib\autogen\librail_release\librail_efr32xg1_gcc_release.a(protimer.o)
                0x00015bd4                PROTIMER_ElapsedTime
 .text.PROTIMER_CCTimerStop
                0x00015bec       0x20 C:\Users\nikhi\SimplicityStudio\v4_workspacedemo\soc-empty_5\platform\radio\rail_lib\autogen\librail_release\librail_efr32xg1_gcc_release.a(protimer.o)
                0x00015bec                PROTIMER_CCTimerStop
 .text.PROTIMER_CCTimerStart
                0x00015c0c      0x164 C:\Users\nikhi\SimplicityStudio\v4_workspacedemo\soc-empty_5\platform\radio\rail_lib\autogen\librail_release\librail_efr32xg1_gcc_release.a(protimer.o)
                0x00015c0c                PROTIMER_CCTimerStart
 .text.PROTIMER_WrapMultiple
                0x00015d70       0x12 C:\Users\nikhi\SimplicityStudio\v4_workspacedemo\soc-empty_5\platform\radio\rail_lib\autogen\librail_release\librail_efr32xg1_gcc_release.a(protimer.o)
                0x00015d70                PROTIMER_WrapMultiple
 *fill*         0x00015d82        0x2 
 .text.PROTIMER_CCTimerIsEnabled
                0x00015d84       0x10 C:\Users\nikhi\SimplicityStudio\v4_workspacedemo\soc-empty_5\platform\radio\rail_lib\autogen\librail_release\librail_efr32xg1_gcc_release.a(protimer.o)
                0x00015d84                PROTIMER_CCTimerIsEnabled
 .text.PROTIMER_CCTimerCapture
                0x00015d94       0x14 C:\Users\nikhi\SimplicityStudio\v4_workspacedemo\soc-empty_5\platform\radio\rail_lib\autogen\librail_release\librail_efr32xg1_gcc_release.a(protimer.o)
                0x00015d94                PROTIMER_CCTimerCapture
 .text.PROTIMER_ScheduleTxEnable
                0x00015da8       0x2c C:\Users\nikhi\SimplicityStudio\v4_workspacedemo\soc-empty_5\platform\radio\rail_lib\autogen\librail_release\librail_efr32xg1_gcc_release.a(protimer.o)
                0x00015da8                PROTIMER_ScheduleTxEnable
 .text.PROTIMER_ClearTxEnable
                0x00015dd4        0xc C:\Users\nikhi\SimplicityStudio\v4_workspacedemo\soc-empty_5\platform\radio\rail_lib\autogen\librail_release\librail_efr32xg1_gcc_release.a(protimer.o)
                0x00015dd4                PROTIMER_ClearTxEnable
 .text.PROTIMER_ScheduleRxEnable
                0x00015de0       0x2c C:\Users\nikhi\SimplicityStudio\v4_workspacedemo\soc-empty_5\platform\radio\rail_lib\autogen\librail_release\librail_efr32xg1_gcc_release.a(protimer.o)
                0x00015de0                PROTIMER_ScheduleRxEnable
 .text.PROTIMER_ScheduleRxDisable
                0x00015e0c       0x38 C:\Users\nikhi\SimplicityStudio\v4_workspacedemo\soc-empty_5\platform\radio\rail_lib\autogen\librail_release\librail_efr32xg1_gcc_release.a(protimer.o)
                0x00015e0c                PROTIMER_ScheduleRxDisable
 .text.PROTIMER_ClearRxEnable
                0x00015e44       0x10 C:\Users\nikhi\SimplicityStudio\v4_workspacedemo\soc-empty_5\platform\radio\rail_lib\autogen\librail_release\librail_efr32xg1_gcc_release.a(protimer.o)
                0x00015e44                PROTIMER_ClearRxEnable
 .text.PROTIMER_GetTime
                0x00015e54        0xc C:\Users\nikhi\SimplicityStudio\v4_workspacedemo\soc-empty_5\platform\radio\rail_lib\autogen\librail_release\librail_efr32xg1_gcc_release.a(protimer.o)
                0x00015e54                PROTIMER_GetTime
 .text.PROTIMER_GetCCTime
                0x00015e60        0xc C:\Users\nikhi\SimplicityStudio\v4_workspacedemo\soc-empty_5\platform\radio\rail_lib\autogen\librail_release\librail_efr32xg1_gcc_release.a(protimer.o)
                0x00015e60                PROTIMER_GetCCTime
 .text.PROTIMER_LBTStop
                0x00015e6c       0x18 C:\Users\nikhi\SimplicityStudio\v4_workspacedemo\soc-empty_5\platform\radio\rail_lib\autogen\librail_release\librail_efr32xg1_gcc_release.a(protimer.o)
                0x00015e6c                PROTIMER_LBTStop
 .text.PROTIMER_PrecntOverflowToUs
                0x00015e84       0x38 C:\Users\nikhi\SimplicityStudio\v4_workspacedemo\soc-empty_5\platform\radio\rail_lib\autogen\librail_release\librail_efr32xg1_gcc_release.a(protimer.o)
                0x00015e84                PROTIMER_PrecntOverflowToUs
 .text.PROTIMER_UsToPrecntOverflow
                0x00015ebc       0x2c C:\Users\nikhi\SimplicityStudio\v4_workspacedemo\soc-empty_5\platform\radio\rail_lib\autogen\librail_release\librail_efr32xg1_gcc_release.a(protimer.o)
                0x00015ebc                PROTIMER_UsToPrecntOverflow
 .text.PROTIMER_DelayUs
                0x00015ee8       0x44 C:\Users\nikhi\SimplicityStudio\v4_workspacedemo\soc-empty_5\platform\radio\rail_lib\autogen\librail_release\librail_efr32xg1_gcc_release.a(protimer.o)
                0x00015ee8                PROTIMER_DelayUs
 .text.PROTIMER_CheckCcaReallyFailed
                0x00015f2c       0xbc C:\Users\nikhi\SimplicityStudio\v4_workspacedemo\soc-empty_5\platform\radio\rail_lib\autogen\librail_release\librail_efr32xg1_gcc_release.a(protimer.o)
                0x00015f2c                PROTIMER_CheckCcaReallyFailed
 .text.PTI_Config
                0x00015fe8       0xc8 C:\Users\nikhi\SimplicityStudio\v4_workspacedemo\soc-empty_5\platform\radio\rail_lib\autogen\librail_release\librail_efr32xg1_gcc_release.a(pti.o)
                0x00015fe8                PTI_Config
 .text.PTI_EnableAppendedInfo
                0x000160b0       0x18 C:\Users\nikhi\SimplicityStudio\v4_workspacedemo\soc-empty_5\platform\radio\rail_lib\autogen\librail_release\librail_efr32xg1_gcc_release.a(pti.o)
                0x000160b0                PTI_EnableAppendedInfo
 .text.PTI_Enable
                0x000160c8       0x58 C:\Users\nikhi\SimplicityStudio\v4_workspacedemo\soc-empty_5\platform\radio\rail_lib\autogen\librail_release\librail_efr32xg1_gcc_release.a(pti.o)
                0x000160c8                PTI_Enable
 .text.PTI_AuxdataOutput
                0x00016120       0x1c C:\Users\nikhi\SimplicityStudio\v4_workspacedemo\soc-empty_5\platform\radio\rail_lib\autogen\librail_release\librail_efr32xg1_gcc_release.a(pti.o)
                0x00016120                PTI_AuxdataOutput
 .text.PTI_EnableSyncword
                0x0001613c       0x18 C:\Users\nikhi\SimplicityStudio\v4_workspacedemo\soc-empty_5\platform\radio\rail_lib\autogen\librail_release\librail_efr32xg1_gcc_release.a(pti.o)
                0x0001613c                PTI_EnableSyncword
 .text.RADIO_SetAndForgetWrite
                0x00016154       0x8c C:\Users\nikhi\SimplicityStudio\v4_workspacedemo\soc-empty_5\platform\radio\rail_lib\autogen\librail_release\librail_efr32xg1_gcc_release.a(radio.o)
                0x00016154                RADIO_SetAndForgetWrite
 .text.RADIO_SeqInit
                0x000161e0       0x68 C:\Users\nikhi\SimplicityStudio\v4_workspacedemo\soc-empty_5\platform\radio\rail_lib\autogen\librail_release\librail_efr32xg1_gcc_release.a(radio.o)
                0x000161e0                RADIO_SeqInit
 .text.RADIO_CLKEnable
                0x00016248       0x68 C:\Users\nikhi\SimplicityStudio\v4_workspacedemo\soc-empty_5\platform\radio\rail_lib\autogen\librail_release\librail_efr32xg1_gcc_release.a(radio.o)
                0x00016248                RADIO_CLKEnable
 .text.RADIO_Init
                0x000162b0       0x40 C:\Users\nikhi\SimplicityStudio\v4_workspacedemo\soc-empty_5\platform\radio\rail_lib\autogen\librail_release\librail_efr32xg1_gcc_release.a(radio.o)
                0x000162b0                RADIO_Init
 .text.RADIO_Config
                0x000162f0       0xa8 C:\Users\nikhi\SimplicityStudio\v4_workspacedemo\soc-empty_5\platform\radio\rail_lib\autogen\librail_release\librail_efr32xg1_gcc_release.a(radio.o)
                0x000162f0                RADIO_Config
 .text.RADIO_IsRxOnForRssi
                0x00016398       0x18 C:\Users\nikhi\SimplicityStudio\v4_workspacedemo\soc-empty_5\platform\radio\rail_lib\autogen\librail_release\librail_efr32xg1_gcc_release.a(radio.o)
                0x00016398                RADIO_IsRxOnForRssi
 .text.RADIO_RxTrailDataLength
                0x000163b0       0x3c C:\Users\nikhi\SimplicityStudio\v4_workspacedemo\soc-empty_5\platform\radio\rail_lib\autogen\librail_release\librail_efr32xg1_gcc_release.a(radio.o)
                0x000163b0                RADIO_RxTrailDataLength
 .text.RADIO_FrameControlDescrBufferIdSet
                0x000163ec       0x20 C:\Users\nikhi\SimplicityStudio\v4_workspacedemo\soc-empty_5\platform\radio\rail_lib\autogen\librail_release\librail_efr32xg1_gcc_release.a(radio.o)
                0x000163ec                RADIO_FrameControlDescrBufferIdSet
 .text.RADIO_ComputeTxBaudrate
                0x0001640c       0x28 C:\Users\nikhi\SimplicityStudio\v4_workspacedemo\soc-empty_5\platform\radio\rail_lib\autogen\librail_release\librail_efr32xg1_gcc_release.a(radio.o)
                0x0001640c                RADIO_ComputeTxBaudrate
 .text.RADIO_ComputeTxSymbolRate
                0x00016434       0x2c C:\Users\nikhi\SimplicityStudio\v4_workspacedemo\soc-empty_5\platform\radio\rail_lib\autogen\librail_release\librail_efr32xg1_gcc_release.a(radio.o)
                0x00016434                RADIO_ComputeTxSymbolRate
 .text.RADIO_ComputeTxBitRate
                0x00016460       0x50 C:\Users\nikhi\SimplicityStudio\v4_workspacedemo\soc-empty_5\platform\radio\rail_lib\autogen\librail_release\librail_efr32xg1_gcc_release.a(radio.o)
                0x00016460                RADIO_ComputeTxBitRate
 .text.RADIO_GetRssi
                0x000164b0       0x54 C:\Users\nikhi\SimplicityStudio\v4_workspacedemo\soc-empty_5\platform\radio\rail_lib\autogen\librail_release\librail_efr32xg1_gcc_release.a(radio.o)
                0x000164b0                RADIO_GetRssi
 .text.RADIO_SetCRCInitVal
                0x00016504       0x10 C:\Users\nikhi\SimplicityStudio\v4_workspacedemo\soc-empty_5\platform\radio\rail_lib\autogen\librail_release\librail_efr32xg1_gcc_release.a(radio.o)
                0x00016504                RADIO_SetCRCInitVal
 .text.RADIO_RACClearRxOverflow
                0x00016514       0x20 C:\Users\nikhi\SimplicityStudio\v4_workspacedemo\soc-empty_5\platform\radio\rail_lib\autogen\librail_release\librail_efr32xg1_gcc_release.a(radio.o)
                0x00016514                RADIO_RACClearRxOverflow
 .text.RFSENSE_Disable
                0x00016534       0x44 C:\Users\nikhi\SimplicityStudio\v4_workspacedemo\soc-empty_5\platform\radio\rail_lib\autogen\librail_release\librail_efr32xg1_gcc_release.a(rfsense.o)
 .text.RFSENSE_Sensed
                0x00016578       0x50 C:\Users\nikhi\SimplicityStudio\v4_workspacedemo\soc-empty_5\platform\radio\rail_lib\autogen\librail_release\librail_efr32xg1_gcc_release.a(rfsense.o)
                0x00016578                RFSENSE_Sensed
 .text.RFSENSE_IRQHandler
                0x000165c8        0x4 C:\Users\nikhi\SimplicityStudio\v4_workspacedemo\soc-empty_5\platform\radio\rail_lib\autogen\librail_release\librail_efr32xg1_gcc_release.a(rfsense.o)
                0x000165c8                RFSENSE_IRQHandler
 .text.RTCCSYNC_RTCCClockFreqGet
                0x000165cc       0x30 C:\Users\nikhi\SimplicityStudio\v4_workspacedemo\soc-empty_5\platform\radio\rail_lib\autogen\librail_release\librail_efr32xg1_gcc_release.a(rtccsync.o)
 .text.RTCCSYNC_Init
                0x000165fc       0x10 C:\Users\nikhi\SimplicityStudio\v4_workspacedemo\soc-empty_5\platform\radio\rail_lib\autogen\librail_release\librail_efr32xg1_gcc_release.a(rtccsync.o)
                0x000165fc                RTCCSYNC_Init
 .text.RTCCSYNC_PreSleep
                0x0001660c      0x260 C:\Users\nikhi\SimplicityStudio\v4_workspacedemo\soc-empty_5\platform\radio\rail_lib\autogen\librail_release\librail_efr32xg1_gcc_release.a(rtccsync.o)
                0x0001660c                RTCCSYNC_PreSleep
 .text.RTCCSYNC_PostWakeUp
                0x0001686c      0x1c4 C:\Users\nikhi\SimplicityStudio\v4_workspacedemo\soc-empty_5\platform\radio\rail_lib\autogen\librail_release\librail_efr32xg1_gcc_release.a(rtccsync.o)
                0x0001686c                RTCCSYNC_PostWakeUp
 .text.SYNTH_RfFreqGet
                0x00016a30        0xc C:\Users\nikhi\SimplicityStudio\v4_workspacedemo\soc-empty_5\platform\radio\rail_lib\autogen\librail_release\librail_efr32xg1_gcc_release.a(synth.o)
                0x00016a30                SYNTH_RfFreqGet
 .text.SYNTH_ChSpacingGet
                0x00016a3c        0xc C:\Users\nikhi\SimplicityStudio\v4_workspacedemo\soc-empty_5\platform\radio\rail_lib\autogen\librail_release\librail_efr32xg1_gcc_release.a(synth.o)
                0x00016a3c                SYNTH_ChSpacingGet
 .text.SYNTH_LoDivGet
                0x00016a48       0x20 C:\Users\nikhi\SimplicityStudio\v4_workspacedemo\soc-empty_5\platform\radio\rail_lib\autogen\librail_release\librail_efr32xg1_gcc_release.a(synth.o)
                0x00016a48                SYNTH_LoDivGet
 .text.SYNTH_Is2p4GHz
                0x00016a68       0x14 C:\Users\nikhi\SimplicityStudio\v4_workspacedemo\soc-empty_5\platform\radio\rail_lib\autogen\librail_release\librail_efr32xg1_gcc_release.a(synth.o)
                0x00016a68                SYNTH_Is2p4GHz
 .text.SYNTH_VcoRangeIsValid
                0x00016a7c       0x30 C:\Users\nikhi\SimplicityStudio\v4_workspacedemo\soc-empty_5\platform\radio\rail_lib\autogen\librail_release\librail_efr32xg1_gcc_release.a(synth.o)
                0x00016a7c                SYNTH_VcoRangeIsValid
 .text.SYNTH_RetimeLimitsConfig
                0x00016aac       0x64 C:\Users\nikhi\SimplicityStudio\v4_workspacedemo\soc-empty_5\platform\radio\rail_lib\autogen\librail_release\librail_efr32xg1_gcc_release.a(synth.o)
                0x00016aac                SYNTH_RetimeLimitsConfig
 .text.SYNTH_RetimeClkConfig
                0x00016b10       0xb4 C:\Users\nikhi\SimplicityStudio\v4_workspacedemo\soc-empty_5\platform\radio\rail_lib\autogen\librail_release\librail_efr32xg1_gcc_release.a(synth.o)
                0x00016b10                SYNTH_RetimeClkConfig
 .text.SYNTH_Config
                0x00016bc4      0x108 C:\Users\nikhi\SimplicityStudio\v4_workspacedemo\soc-empty_5\platform\radio\rail_lib\autogen\librail_release\librail_efr32xg1_gcc_release.a(synth.o)
                0x00016bc4                SYNTH_Config
 .text.SYNTH_ChannelSet
                0x00016ccc       0x40 C:\Users\nikhi\SimplicityStudio\v4_workspacedemo\soc-empty_5\platform\radio\rail_lib\autogen\librail_release\librail_efr32xg1_gcc_release.a(synth.o)
                0x00016ccc                SYNTH_ChannelSet
 .text.SYNTH_DCDCRetimeClkSet
                0x00016d0c       0x6c C:\Users\nikhi\SimplicityStudio\v4_workspacedemo\soc-empty_5\platform\radio\rail_lib\autogen\librail_release\librail_efr32xg1_gcc_release.a(synth.o)
                0x00016d0c                SYNTH_DCDCRetimeClkSet
 .text.SYNTH_DCDCRetimeEnable
                0x00016d78       0x18 C:\Users\nikhi\SimplicityStudio\v4_workspacedemo\soc-empty_5\platform\radio\rail_lib\autogen\librail_release\librail_efr32xg1_gcc_release.a(synth.o)
                0x00016d78                SYNTH_DCDCRetimeEnable
 .text.SYNTH_DCDCRetimeDisable
                0x00016d90       0x18 C:\Users\nikhi\SimplicityStudio\v4_workspacedemo\soc-empty_5\platform\radio\rail_lib\autogen\librail_release\librail_efr32xg1_gcc_release.a(synth.o)
                0x00016d90                SYNTH_DCDCRetimeDisable
 .text.SYNTH_KvnFreqCompensationEnable
                0x00016da8        0xc C:\Users\nikhi\SimplicityStudio\v4_workspacedemo\soc-empty_5\platform\radio\rail_lib\autogen\librail_release\librail_efr32xg1_gcc_release.a(synth.o)
                0x00016da8                SYNTH_KvnFreqCompensationEnable
 .text.RADIOCMU_ClockEnable
                0x00016db4       0x40 C:\Users\nikhi\SimplicityStudio\v4_workspacedemo\soc-empty_5\platform\radio\rail_lib\autogen\librail_release\librail_efr32xg1_gcc_release.a(radio_cmu.o)
                0x00016db4                RADIOCMU_ClockEnable
 .text.RADIOCMU_ClockFreqGet
                0x00016df4       0x88 C:\Users\nikhi\SimplicityStudio\v4_workspacedemo\soc-empty_5\platform\radio\rail_lib\autogen\librail_release\librail_efr32xg1_gcc_release.a(radio_cmu.o)
                0x00016df4                RADIOCMU_ClockFreqGet
 .text.RADIOCMU_ClockPrescGet
                0x00016e7c       0x1c C:\Users\nikhi\SimplicityStudio\v4_workspacedemo\soc-empty_5\platform\radio\rail_lib\autogen\librail_release\librail_efr32xg1_gcc_release.a(radio_cmu.o)
                0x00016e7c                RADIOCMU_ClockPrescGet
 .text.TEMPCAL_Init
                0x00016e98       0x40 C:\Users\nikhi\SimplicityStudio\v4_workspacedemo\soc-empty_5\platform\radio\rail_lib\autogen\librail_release\librail_efr32xg1_gcc_release.a(tempcal.o)
                0x00016e98                TEMPCAL_Init
 .text.TIMING_PreambleSyncBits
                0x00016ed8       0x2c C:\Users\nikhi\SimplicityStudio\v4_workspacedemo\soc-empty_5\platform\radio\rail_lib\autogen\librail_release\librail_efr32xg1_gcc_release.a(timings.o)
 .text.TIMING_CalcAdjustUs
                0x00016f04       0x28 C:\Users\nikhi\SimplicityStudio\v4_workspacedemo\soc-empty_5\platform\radio\rail_lib\autogen\librail_release\librail_efr32xg1_gcc_release.a(timings.o)
 .text.TIMING_SeqTimingInit
                0x00016f2c        0x2 C:\Users\nikhi\SimplicityStudio\v4_workspacedemo\soc-empty_5\platform\radio\rail_lib\autogen\librail_release\librail_efr32xg1_gcc_release.a(timings.o)
                0x00016f2c                TIMING_SeqTimingInit
 *fill*         0x00016f2e        0x2 
 .text.TIMING_NsToStimerTickCalcSigned
                0x00016f30       0x28 C:\Users\nikhi\SimplicityStudio\v4_workspacedemo\soc-empty_5\platform\radio\rail_lib\autogen\librail_release\librail_efr32xg1_gcc_release.a(timings.o)
                0x00016f30                TIMING_NsToStimerTickCalcSigned
 .text.TIMING_NsToStimerTickCalc
                0x00016f58        0xc C:\Users\nikhi\SimplicityStudio\v4_workspacedemo\soc-empty_5\platform\radio\rail_lib\autogen\librail_release\librail_efr32xg1_gcc_release.a(timings.o)
                0x00016f58                TIMING_NsToStimerTickCalc
 .text.TIMING_InitStimer